[1.760s] Invoking command in '/home/cc/ee106b/sp26/class/ee106b-aac/eeca106b-project/project1/src/visual_servoing': PYTHONPATH=/home/cc/ee106b/sp26/class/ee106b-aac/eeca106b-project/project1/build/visual_servoing/prefix_override:/usr/lib/python3/dist-packages/colcon_core/task/python/colcon_distutils_commands:/home/cc/ee106b/sp26/class/ee106b-aac/eeca106b-project/project1/install/visual_servoing/lib/python3.10/site-packages:${PYTHONPATH} /usr/bin/python3 -W ignore:setup.py install is deprecated -W ignore:easy_install command is deprecated setup.py egg_info --egg-base ../../build/visual_servoing build --build-base /home/cc/ee106b/sp26/class/ee106b-aac/eeca106b-project/project1/build/visual_servoing/build install --record /home/cc/ee106b/sp26/class/ee106b-aac/eeca106b-project/project1/build/visual_servoing/install.log --single-version-externally-managed install_data
[1.971s] running egg_info
[1.972s] creating ../../build/visual_servoing/visual_servoing.egg-info
[1.973s] writing ../../build/visual_servoing/visual_servoing.egg-info/PKG-INFO
[1.978s] writing dependency_links to ../../build/visual_servoing/visual_servoing.egg-info/dependency_links.txt
[1.980s] writing entry points to ../../build/visual_servoing/visual_servoing.egg-info/entry_points.txt
[1.981s] writing requirements to ../../build/visual_servoing/visual_servoing.egg-info/requires.txt
[1.983s] writing top-level names to ../../build/visual_servoing/visual_servoing.egg-info/top_level.txt
[1.985s] writing manifest file '../../build/visual_servoing/visual_servoing.egg-info/SOURCES.txt'
[1.991s] reading manifest file '../../build/visual_servoing/visual_servoing.egg-info/SOURCES.txt'
[1.994s] writing manifest file '../../build/visual_servoing/visual_servoing.egg-info/SOURCES.txt'
[1.995s] running build
[1.995s] running build_py
[1.996s] creating /home/cc/ee106b/sp26/class/ee106b-aac/eeca106b-project/project1/build/visual_servoing/build
[1.997s] creating /home/cc/ee106b/sp26/class/ee106b-aac/eeca106b-project/project1/build/visual_servoing/build/lib
[1.997s] creating /home/cc/ee106b/sp26/class/ee106b-aac/eeca106b-project/project1/build/visual_servoing/build/lib/visual_servoing
[1.999s] copying visual_servoing/__init__.py -> /home/cc/ee106b/sp26/class/ee106b-aac/eeca106b-project/project1/build/visual_servoing/build/lib/visual_servoing
[2.003s] copying visual_servoing/controller.py -> /home/cc/ee106b/sp26/class/ee106b-aac/eeca106b-project/project1/build/visual_servoing/build/lib/visual_servoing
[2.006s] copying visual_servoing/main.py -> /home/cc/ee106b/sp26/class/ee106b-aac/eeca106b-project/project1/build/visual_servoing/build/lib/visual_servoing
[2.010s] copying visual_servoing/trajectories.py -> /home/cc/ee106b/sp26/class/ee106b-aac/eeca106b-project/project1/build/visual_servoing/build/lib/visual_servoing
[2.014s] running install
[2.014s] running install_lib
[2.017s] creating /home/cc/ee106b/sp26/class/ee106b-aac/eeca106b-project/project1/install/visual_servoing/lib/python3.10/site-packages/visual_servoing
[2.018s] copying /home/cc/ee106b/sp26/class/ee106b-aac/eeca106b-project/project1/build/visual_servoing/build/lib/visual_servoing/__init__.py -> /home/cc/ee106b/sp26/class/ee106b-aac/eeca106b-project/project1/install/visual_servoing/lib/python3.10/site-packages/visual_servoing
[2.022s] copying /home/cc/ee106b/sp26/class/ee106b-aac/eeca106b-project/project1/build/visual_servoing/build/lib/visual_servoing/controller.py -> /home/cc/ee106b/sp26/class/ee106b-aac/eeca106b-project/project1/install/visual_servoing/lib/python3.10/site-packages/visual_servoing
[2.027s] copying /home/cc/ee106b/sp26/class/ee106b-aac/eeca106b-project/project1/build/visual_servoing/build/lib/visual_servoing/main.py -> /home/cc/ee106b/sp26/class/ee106b-aac/eeca106b-project/project1/install/visual_servoing/lib/python3.10/site-packages/visual_servoing
[2.033s] copying /home/cc/ee106b/sp26/class/ee106b-aac/eeca106b-project/project1/build/visual_servoing/build/lib/visual_servoing/trajectories.py -> /home/cc/ee106b/sp26/class/ee106b-aac/eeca106b-project/project1/install/visual_servoing/lib/python3.10/site-packages/visual_servoing
[2.040s] byte-compiling /home/cc/ee106b/sp26/class/ee106b-aac/eeca106b-project/project1/install/visual_servoing/lib/python3.10/site-packages/visual_servoing/__init__.py to __init__.cpython-310.pyc
[2.045s] byte-compiling /home/cc/ee106b/sp26/class/ee106b-aac/eeca106b-project/project1/install/visual_servoing/lib/python3.10/site-packages/visual_servoing/controller.py to controller.cpython-310.pyc
[2.051s] byte-compiling /home/cc/ee106b/sp26/class/ee106b-aac/eeca106b-project/project1/install/visual_servoing/lib/python3.10/site-packages/visual_servoing/main.py to main.cpython-310.pyc
[2.061s] byte-compiling /home/cc/ee106b/sp26/class/ee106b-aac/eeca106b-project/project1/install/visual_servoing/lib/python3.10/site-packages/visual_servoing/trajectories.py to trajectories.cpython-310.pyc
[2.068s] running install_data
[2.069s] creating /home/cc/ee106b/sp26/class/ee106b-aac/eeca106b-project/project1/install/visual_servoing/share/ament_index
[2.069s] creating /home/cc/ee106b/sp26/class/ee106b-aac/eeca106b-project/project1/install/visual_servoing/share/ament_index/resource_index
[2.070s] creating /home/cc/ee106b/sp26/class/ee106b-aac/eeca106b-project/project1/install/visual_servoing/share/ament_index/resource_index/packages
[2.072s] copying resource/visual_servoing -> /home/cc/ee106b/sp26/class/ee106b-aac/eeca106b-project/project1/install/visual_servoing/share/ament_index/resource_index/packages
[2.075s] copying package.xml -> /home/cc/ee106b/sp26/class/ee106b-aac/eeca106b-project/project1/install/visual_servoing/share/visual_servoing
[2.079s] running install_egg_info
[2.083s] Copying ../../build/visual_servoing/visual_servoing.egg-info to /home/cc/ee106b/sp26/class/ee106b-aac/eeca106b-project/project1/install/visual_servoing/lib/python3.10/site-packages/visual_servoing-0.0.0-py3.10.egg-info
[2.119s] running install_scripts
[2.145s] Installing main script to /home/cc/ee106b/sp26/class/ee106b-aac/eeca106b-project/project1/install/visual_servoing/lib/visual_servoing
[2.149s] writing list of installed files to '/home/cc/ee106b/sp26/class/ee106b-aac/eeca106b-project/project1/build/visual_servoing/install.log'
[2.166s] Invoked command in '/home/cc/ee106b/sp26/class/ee106b-aac/eeca106b-project/project1/src/visual_servoing' returned '0': PYTHONPATH=/home/cc/ee106b/sp26/class/ee106b-aac/eeca106b-project/project1/build/visual_servoing/prefix_override:/usr/lib/python3/dist-packages/colcon_core/task/python/colcon_distutils_commands:/home/cc/ee106b/sp26/class/ee106b-aac/eeca106b-project/project1/install/visual_servoing/lib/python3.10/site-packages:${PYTHONPATH} /usr/bin/python3 -W ignore:setup.py install is deprecated -W ignore:easy_install command is deprecated setup.py egg_info --egg-base ../../build/visual_servoing build --build-base /home/cc/ee106b/sp26/class/ee106b-aac/eeca106b-project/project1/build/visual_servoing/build install --record /home/cc/ee106b/sp26/class/ee106b-aac/eeca106b-project/project1/build/visual_servoing/install.log --single-version-externally-managed install_data
