[0.311s] Invoking command in '/home/cc/ee106b/sp26/class/ee106b-aac/eeca106b-project/project1/src/build/ros2_aruco_interfaces': CMAKE_PREFIX_PATH=/home/ff/ee106a/robot_workspaces/ur/install/ur7e_utils:/opt/ros/humble /usr/bin/cmake /home/cc/ee106b/sp26/class/ee106b-aac/eeca106b-project/project1/src/ros2_aruco_interfaces -DCMAKE_INSTALL_PREFIX=/home/cc/ee106b/sp26/class/ee106b-aac/eeca106b-project/project1/src/install/ros2_aruco_interfaces
[0.428s] -- The C compiler identification is GNU 11.4.0
[0.582s] -- The CXX compiler identification is GNU 11.4.0
[0.601s] -- Detecting C compiler ABI info
[0.799s] -- Detecting C compiler ABI info - done
[0.809s] -- Check for working C compiler: /usr/bin/cc - skipped
[0.809s] -- Detecting C compile features
[0.809s] -- Detecting C compile features - done
[0.820s] -- Detecting CXX compiler ABI info
[0.988s] -- Detecting CXX compiler ABI info - done
[1.004s] -- Check for working CXX compiler: /usr/bin/c++ - skipped
[1.004s] -- Detecting CXX compile features
[1.004s] -- Detecting CXX compile features - done
[1.020s] -- Found ament_cmake: 1.3.12 (/opt/ros/humble/share/ament_cmake/cmake)
[1.200s] -- Found Python3: /usr/bin/python3 (found version "3.10.12") found components: Interpreter 
[1.421s] -- Found geometry_msgs: 4.9.0 (/opt/ros/humble/share/geometry_msgs/cmake)
[1.506s] -- Found rosidl_generator_c: 3.1.8 (/opt/ros/humble/share/rosidl_generator_c/cmake)
[1.521s] -- Found rosidl_adapter: 3.1.8 (/opt/ros/humble/share/rosidl_adapter/cmake)
[1.540s] -- Found rosidl_generator_cpp: 3.1.8 (/opt/ros/humble/share/rosidl_generator_cpp/cmake)
[1.580s] -- Using all available rosidl_typesupport_c: rosidl_typesupport_fastrtps_c;rosidl_typesupport_introspection_c
[1.621s] -- Using all available rosidl_typesupport_cpp: rosidl_typesupport_fastrtps_cpp;rosidl_typesupport_introspection_cpp
[1.690s] -- Found rosidl_default_generators: 1.2.0 (/opt/ros/humble/share/rosidl_default_generators/cmake)
[2.352s] -- Found ament_cmake_ros: 0.10.0 (/opt/ros/humble/share/ament_cmake_ros/cmake)
[3.812s] -- Using all available rosidl_typesupport_c: rosidl_typesupport_fastrtps_c;rosidl_typesupport_introspection_c
[4.450s] -- Using all available rosidl_typesupport_cpp: rosidl_typesupport_fastrtps_cpp;rosidl_typesupport_introspection_cpp
[4.502s] -- Found PythonInterp: /usr/bin/python3 (found suitable version "3.10.12", minimum required is "3.6") 
[4.506s] -- Found python_cmake_module: 0.10.0 (/opt/ros/humble/share/python_cmake_module/cmake)
[4.570s] -- Found PythonLibs: /usr/lib/x86_64-linux-gnu/libpython3.10.so (found suitable version "3.10.12", minimum required is "3.5") 
[4.570s] -- Using PYTHON_EXECUTABLE: /usr/bin/python3
[4.570s] -- Using PYTHON_INCLUDE_DIRS: /usr/include/python3.10
[4.570s] -- Using PYTHON_LIBRARIES: /usr/lib/x86_64-linux-gnu/libpython3.10.so
[4.622s] -- Found PythonExtra: .so  
[4.985s] -- Found ament_lint_auto: 0.12.14 (/opt/ros/humble/share/ament_lint_auto/cmake)
[5.165s] -- Added test 'copyright' to check source files copyright and LICENSE
[5.186s] -- Added test 'lint_cmake' to check CMake code style
[5.197s] -- Added test 'xmllint' to check XML markup files
[5.268s] -- Configuring done
[6.039s] -- Generating done
[6.197s] -- Build files have been written to: /home/cc/ee106b/sp26/class/ee106b-aac/eeca106b-project/project1/src/build/ros2_aruco_interfaces
[6.204s] Invoked command in '/home/cc/ee106b/sp26/class/ee106b-aac/eeca106b-project/project1/src/build/ros2_aruco_interfaces' returned '0': CMAKE_PREFIX_PATH=/home/ff/ee106a/robot_workspaces/ur/install/ur7e_utils:/opt/ros/humble /usr/bin/cmake /home/cc/ee106b/sp26/class/ee106b-aac/eeca106b-project/project1/src/ros2_aruco_interfaces -DCMAKE_INSTALL_PREFIX=/home/cc/ee106b/sp26/class/ee106b-aac/eeca106b-project/project1/src/install/ros2_aruco_interfaces
[6.207s] Invoking command in '/home/cc/ee106b/sp26/class/ee106b-aac/eeca106b-project/project1/src/build/ros2_aruco_interfaces': CMAKE_PREFIX_PATH=/home/ff/ee106a/robot_workspaces/ur/install/ur7e_utils:/opt/ros/humble /usr/bin/cmake --build /home/cc/ee106b/sp26/class/ee106b-aac/eeca106b-project/project1/src/build/ros2_aruco_interfaces -- -j32 -l32
[6.336s] [  3%] [34m[1mGenerating C code for ROS interfaces[0m
[6.357s] [  6%] [34m[1mGenerating C++ code for ROS interfaces[0m
[6.374s] [  6%] Built target ament_cmake_python_copy_ros2_aruco_interfaces
[6.560s] [  9%] Built target ros2_aruco_interfaces__cpp
[6.560s] [  9%] [32mBuilding C object CMakeFiles/ros2_aruco_interfaces__rosidl_generator_c.dir/rosidl_generator_c/ros2_aruco_interfaces/msg/detail/aruco_markers__functions.c.o[0m
[6.598s] [ 19%] [34m[1mGenerating C++ type support dispatch for ROS interfaces[0m
[6.598s] [ 19%] [34m[1mGenerating C++ introspection for ROS interfaces[0m
[6.600s] [ 19%] [34m[1mGenerating C++ type support for eProsima Fast-RTPS[0m
[6.633s] running egg_info
[6.635s] creating ros2_aruco_interfaces.egg-info
[6.636s] writing ros2_aruco_interfaces.egg-info/PKG-INFO
[6.639s] writing dependency_links to ros2_aruco_interfaces.egg-info/dependency_links.txt
[6.642s] writing top-level names to ros2_aruco_interfaces.egg-info/top_level.txt
[6.644s] writing manifest file 'ros2_aruco_interfaces.egg-info/SOURCES.txt'
[6.650s] reading manifest file 'ros2_aruco_interfaces.egg-info/SOURCES.txt'
[6.652s] [ 22%] [32m[1mLinking C shared library libros2_aruco_interfaces__rosidl_generator_c.so[0m
[6.652s] writing manifest file 'ros2_aruco_interfaces.egg-info/SOURCES.txt'
[6.679s] [ 22%] Built target ament_cmake_python_build_ros2_aruco_interfaces_egg
[6.713s] [ 22%] Built target ros2_aruco_interfaces__rosidl_generator_c
[6.747s] [ 32%] [34m[1mGenerating C introspection for ROS interfaces[0m
[6.748s] [ 32%] [34m[1mGenerating C type support for eProsima Fast-RTPS[0m
[6.748s] [ 32%] [34m[1mGenerating C type support dispatch for ROS interfaces[0m
[6.809s] [ 35%] [32mBuilding CXX object CMakeFiles/ros2_aruco_interfaces__rosidl_typesupport_cpp.dir/rosidl_typesupport_cpp/ros2_aruco_interfaces/msg/aruco_markers__type_support.cpp.o[0m
[6.812s] [ 38%] [32mBuilding CXX object CMakeFiles/ros2_aruco_interfaces__rosidl_typesupport_fastrtps_cpp.dir/rosidl_typesupport_fastrtps_cpp/ros2_aruco_interfaces/msg/detail/dds_fastrtps/aruco_markers__type_support.cpp.o[0m
[6.816s] [ 41%] [32mBuilding CXX object CMakeFiles/ros2_aruco_interfaces__rosidl_typesupport_introspection_cpp.dir/rosidl_typesupport_introspection_cpp/ros2_aruco_interfaces/msg/detail/aruco_markers__type_support.cpp.o[0m
[6.960s] [ 45%] [32mBuilding CXX object CMakeFiles/ros2_aruco_interfaces__rosidl_typesupport_c.dir/rosidl_typesupport_c/ros2_aruco_interfaces/msg/aruco_markers__type_support.cpp.o[0m
[6.975s] [ 48%] [32mBuilding CXX object CMakeFiles/ros2_aruco_interfaces__rosidl_typesupport_fastrtps_c.dir/rosidl_typesupport_fastrtps_c/ros2_aruco_interfaces/msg/detail/aruco_markers__type_support_c.cpp.o[0m
[6.978s] [ 51%] [32mBuilding C object CMakeFiles/ros2_aruco_interfaces__rosidl_typesupport_introspection_c.dir/rosidl_typesupport_introspection_c/ros2_aruco_interfaces/msg/detail/aruco_markers__type_support.c.o[0m
[7.013s] [ 54%] [32m[1mLinking CXX shared library libros2_aruco_interfaces__rosidl_typesupport_c.so[0m
[7.039s] [ 58%] [32m[1mLinking CXX shared library libros2_aruco_interfaces__rosidl_typesupport_cpp.so[0m
[7.051s] [ 61%] [32m[1mLinking C shared library libros2_aruco_interfaces__rosidl_typesupport_introspection_c.so[0m
[7.076s] [ 61%] Built target ros2_aruco_interfaces__rosidl_typesupport_c
[7.097s] [ 61%] Built target ros2_aruco_interfaces__rosidl_typesupport_cpp
[7.108s] [ 61%] Built target ros2_aruco_interfaces__rosidl_typesupport_introspection_c
[7.169s] [ 64%] [32m[1mLinking CXX shared library libros2_aruco_interfaces__rosidl_typesupport_introspection_cpp.so[0m
[7.183s] [ 67%] [32m[1mLinking CXX shared library libros2_aruco_interfaces__rosidl_typesupport_fastrtps_cpp.so[0m
[7.255s] [ 67%] Built target ros2_aruco_interfaces__rosidl_typesupport_introspection_cpp
[7.268s] [ 67%] Built target ros2_aruco_interfaces__rosidl_typesupport_fastrtps_cpp
[7.277s] [ 70%] [32m[1mLinking CXX shared library libros2_aruco_interfaces__rosidl_typesupport_fastrtps_c.so[0m
[7.358s] [ 70%] Built target ros2_aruco_interfaces__rosidl_typesupport_fastrtps_c
[7.397s] [ 70%] Built target ros2_aruco_interfaces
[7.434s] [ 74%] [34m[1mGenerating Python code for ROS interfaces[0m
[7.654s] [ 74%] Built target ros2_aruco_interfaces__py
[7.694s] [ 77%] [32mBuilding C object CMakeFiles/ros2_aruco_interfaces__rosidl_generator_py.dir/rosidl_generator_py/ros2_aruco_interfaces/msg/_aruco_markers_s.c.o[0m
[7.866s] [ 80%] [32m[1mLinking C shared library rosidl_generator_py/ros2_aruco_interfaces/libros2_aruco_interfaces__rosidl_generator_py.so[0m
[7.985s] [ 80%] Built target ros2_aruco_interfaces__rosidl_generator_py
[8.085s] [ 90%] [32mBuilding C object CMakeFiles/ros2_aruco_interfaces__rosidl_typesupport_c__pyext.dir/rosidl_generator_py/ros2_aruco_interfaces/_ros2_aruco_interfaces_s.ep.rosidl_typesupport_c.c.o[0m
[8.085s] [ 90%] [32mBuilding C object CMakeFiles/ros2_aruco_interfaces__rosidl_typesupport_fastrtps_c__pyext.dir/rosidl_generator_py/ros2_aruco_interfaces/_ros2_aruco_interfaces_s.ep.rosidl_typesupport_fastrtps_c.c.o[0m
[8.086s] [ 90%] [32mBuilding C object CMakeFiles/ros2_aruco_interfaces__rosidl_typesupport_introspection_c__pyext.dir/rosidl_generator_py/ros2_aruco_interfaces/_ros2_aruco_interfaces_s.ep.rosidl_typesupport_introspection_c.c.o[0m
[8.209s] [100%] [32m[1mLinking C shared library rosidl_generator_py/ros2_aruco_interfaces/ros2_aruco_interfaces_s__rosidl_typesupport_fastrtps_c.cpython-310-x86_64-linux-gnu.so[0m
[8.209s] [100%] [32m[1mLinking C shared library rosidl_generator_py/ros2_aruco_interfaces/ros2_aruco_interfaces_s__rosidl_typesupport_c.cpython-310-x86_64-linux-gnu.so[0m
[8.209s] [100%] [32m[1mLinking C shared library rosidl_generator_py/ros2_aruco_interfaces/ros2_aruco_interfaces_s__rosidl_typesupport_introspection_c.cpython-310-x86_64-linux-gnu.so[0m
[8.310s] [100%] Built target ros2_aruco_interfaces__rosidl_typesupport_c__pyext
[8.310s] [100%] Built target ros2_aruco_interfaces__rosidl_typesupport_fastrtps_c__pyext
[8.314s] [100%] Built target ros2_aruco_interfaces__rosidl_typesupport_introspection_c__pyext
[8.367s] Invoked command in '/home/cc/ee106b/sp26/class/ee106b-aac/eeca106b-project/project1/src/build/ros2_aruco_interfaces' returned '0': CMAKE_PREFIX_PATH=/home/ff/ee106a/robot_workspaces/ur/install/ur7e_utils:/opt/ros/humble /usr/bin/cmake --build /home/cc/ee106b/sp26/class/ee106b-aac/eeca106b-project/project1/src/build/ros2_aruco_interfaces -- -j32 -l32
[8.396s] Invoking command in '/home/cc/ee106b/sp26/class/ee106b-aac/eeca106b-project/project1/src/build/ros2_aruco_interfaces': CMAKE_PREFIX_PATH=/home/ff/ee106a/robot_workspaces/ur/install/ur7e_utils:/opt/ros/humble /usr/bin/cmake --install /home/cc/ee106b/sp26/class/ee106b-aac/eeca106b-project/project1/src/build/ros2_aruco_interfaces
[8.415s] -- Install configuration: ""
[8.422s] -- Installing: /home/cc/ee106b/sp26/class/ee106b-aac/eeca106b-project/project1/src/install/ros2_aruco_interfaces/share/ament_index/resource_index/rosidl_interfaces/ros2_aruco_interfaces
[8.428s] -- Installing: /home/cc/ee106b/sp26/class/ee106b-aac/eeca106b-project/project1/src/install/ros2_aruco_interfaces/include/ros2_aruco_interfaces/ros2_aruco_interfaces
[8.434s] -- Installing: /home/cc/ee106b/sp26/class/ee106b-aac/eeca106b-project/project1/src/install/ros2_aruco_interfaces/include/ros2_aruco_interfaces/ros2_aruco_interfaces/msg
[8.440s] -- Installing: /home/cc/ee106b/sp26/class/ee106b-aac/eeca106b-project/project1/src/install/ros2_aruco_interfaces/include/ros2_aruco_interfaces/ros2_aruco_interfaces/msg/aruco_markers.h
[8.447s] -- Installing: /home/cc/ee106b/sp26/class/ee106b-aac/eeca106b-project/project1/src/install/ros2_aruco_interfaces/include/ros2_aruco_interfaces/ros2_aruco_interfaces/msg/rosidl_generator_c__visibility_control.h
[8.453s] -- Installing: /home/cc/ee106b/sp26/class/ee106b-aac/eeca106b-project/project1/src/install/ros2_aruco_interfaces/include/ros2_aruco_interfaces/ros2_aruco_interfaces/msg/detail
[8.459s] -- Installing: /home/cc/ee106b/sp26/class/ee106b-aac/eeca106b-project/project1/src/install/ros2_aruco_interfaces/include/ros2_aruco_interfaces/ros2_aruco_interfaces/msg/detail/aruco_markers__functions.c
[8.466s] -- Installing: /home/cc/ee106b/sp26/class/ee106b-aac/eeca106b-project/project1/src/install/ros2_aruco_interfaces/include/ros2_aruco_interfaces/ros2_aruco_interfaces/msg/detail/aruco_markers__functions.h
[8.472s] -- Installing: /home/cc/ee106b/sp26/class/ee106b-aac/eeca106b-project/project1/src/install/ros2_aruco_interfaces/include/ros2_aruco_interfaces/ros2_aruco_interfaces/msg/detail/aruco_markers__struct.h
[8.477s] -- Installing: /home/cc/ee106b/sp26/class/ee106b-aac/eeca106b-project/project1/src/install/ros2_aruco_interfaces/include/ros2_aruco_interfaces/ros2_aruco_interfaces/msg/detail/aruco_markers__type_support.h
[8.489s] -- Installing: /home/cc/ee106b/sp26/class/ee106b-aac/eeca106b-project/project1/src/install/ros2_aruco_interfaces/share/ros2_aruco_interfaces/environment/library_path.sh
[8.494s] -- Installing: /home/cc/ee106b/sp26/class/ee106b-aac/eeca106b-project/project1/src/install/ros2_aruco_interfaces/share/ros2_aruco_interfaces/environment/library_path.dsv
[8.505s] -- Installing: /home/cc/ee106b/sp26/class/ee106b-aac/eeca106b-project/project1/src/install/ros2_aruco_interfaces/lib/libros2_aruco_interfaces__rosidl_generator_c.so
[8.516s] -- Set runtime path of "/home/cc/ee106b/sp26/class/ee106b-aac/eeca106b-project/project1/src/install/ros2_aruco_interfaces/lib/libros2_aruco_interfaces__rosidl_generator_c.so" to ""
[8.517s] -- Up-to-date: /home/cc/ee106b/sp26/class/ee106b-aac/eeca106b-project/project1/src/install/ros2_aruco_interfaces/include/ros2_aruco_interfaces/ros2_aruco_interfaces
[8.518s] -- Up-to-date: /home/cc/ee106b/sp26/class/ee106b-aac/eeca106b-project/project1/src/install/ros2_aruco_interfaces/include/ros2_aruco_interfaces/ros2_aruco_interfaces/msg
[8.519s] -- Up-to-date: /home/cc/ee106b/sp26/class/ee106b-aac/eeca106b-project/project1/src/install/ros2_aruco_interfaces/include/ros2_aruco_interfaces/ros2_aruco_interfaces/msg/detail
[8.520s] -- Installing: /home/cc/ee106b/sp26/class/ee106b-aac/eeca106b-project/project1/src/install/ros2_aruco_interfaces/include/ros2_aruco_interfaces/ros2_aruco_interfaces/msg/detail/aruco_markers__rosidl_typesupport_fastrtps_c.h
[8.528s] -- Installing: /home/cc/ee106b/sp26/class/ee106b-aac/eeca106b-project/project1/src/install/ros2_aruco_interfaces/include/ros2_aruco_interfaces/ros2_aruco_interfaces/msg/rosidl_typesupport_fastrtps_c__visibility_control.h
[8.536s] -- Installing: /home/cc/ee106b/sp26/class/ee106b-aac/eeca106b-project/project1/src/install/ros2_aruco_interfaces/lib/libros2_aruco_interfaces__rosidl_typesupport_fastrtps_c.so
[8.547s] -- Set runtime path of "/home/cc/ee106b/sp26/class/ee106b-aac/eeca106b-project/project1/src/install/ros2_aruco_interfaces/lib/libros2_aruco_interfaces__rosidl_typesupport_fastrtps_c.so" to ""
[8.547s] -- Up-to-date: /home/cc/ee106b/sp26/class/ee106b-aac/eeca106b-project/project1/src/install/ros2_aruco_interfaces/include/ros2_aruco_interfaces/ros2_aruco_interfaces
[8.549s] -- Up-to-date: /home/cc/ee106b/sp26/class/ee106b-aac/eeca106b-project/project1/src/install/ros2_aruco_interfaces/include/ros2_aruco_interfaces/ros2_aruco_interfaces/msg
[8.550s] -- Installing: /home/cc/ee106b/sp26/class/ee106b-aac/eeca106b-project/project1/src/install/ros2_aruco_interfaces/include/ros2_aruco_interfaces/ros2_aruco_interfaces/msg/aruco_markers.hpp
[8.557s] -- Installing: /home/cc/ee106b/sp26/class/ee106b-aac/eeca106b-project/project1/src/install/ros2_aruco_interfaces/include/ros2_aruco_interfaces/ros2_aruco_interfaces/msg/rosidl_generator_cpp__visibility_control.hpp
[8.564s] -- Up-to-date: /home/cc/ee106b/sp26/class/ee106b-aac/eeca106b-project/project1/src/install/ros2_aruco_interfaces/include/ros2_aruco_interfaces/ros2_aruco_interfaces/msg/detail
[8.566s] -- Installing: /home/cc/ee106b/sp26/class/ee106b-aac/eeca106b-project/project1/src/install/ros2_aruco_interfaces/include/ros2_aruco_interfaces/ros2_aruco_interfaces/msg/detail/aruco_markers__builder.hpp
[8.574s] -- Installing: /home/cc/ee106b/sp26/class/ee106b-aac/eeca106b-project/project1/src/install/ros2_aruco_interfaces/include/ros2_aruco_interfaces/ros2_aruco_interfaces/msg/detail/aruco_markers__struct.hpp
[8.581s] -- Installing: /home/cc/ee106b/sp26/class/ee106b-aac/eeca106b-project/project1/src/install/ros2_aruco_interfaces/include/ros2_aruco_interfaces/ros2_aruco_interfaces/msg/detail/aruco_markers__traits.hpp
[8.589s] -- Installing: /home/cc/ee106b/sp26/class/ee106b-aac/eeca106b-project/project1/src/install/ros2_aruco_interfaces/include/ros2_aruco_interfaces/ros2_aruco_interfaces/msg/detail/aruco_markers__type_support.hpp
[8.596s] -- Up-to-date: /home/cc/ee106b/sp26/class/ee106b-aac/eeca106b-project/project1/src/install/ros2_aruco_interfaces/include/ros2_aruco_interfaces/ros2_aruco_interfaces
[8.598s] -- Up-to-date: /home/cc/ee106b/sp26/class/ee106b-aac/eeca106b-project/project1/src/install/ros2_aruco_interfaces/include/ros2_aruco_interfaces/ros2_aruco_interfaces/msg
[8.600s] -- Up-to-date: /home/cc/ee106b/sp26/class/ee106b-aac/eeca106b-project/project1/src/install/ros2_aruco_interfaces/include/ros2_aruco_interfaces/ros2_aruco_interfaces/msg/detail
[8.601s] -- Installing: /home/cc/ee106b/sp26/class/ee106b-aac/eeca106b-project/project1/src/install/ros2_aruco_interfaces/include/ros2_aruco_interfaces/ros2_aruco_interfaces/msg/detail/aruco_markers__rosidl_typesupport_fastrtps_cpp.hpp
[8.608s] -- Installing: /home/cc/ee106b/sp26/class/ee106b-aac/eeca106b-project/project1/src/install/ros2_aruco_interfaces/include/ros2_aruco_interfaces/ros2_aruco_interfaces/msg/detail/dds_fastrtps
[8.614s] -- Installing: /home/cc/ee106b/sp26/class/ee106b-aac/eeca106b-project/project1/src/install/ros2_aruco_interfaces/include/ros2_aruco_interfaces/ros2_aruco_interfaces/msg/rosidl_typesupport_fastrtps_cpp__visibility_control.h
[8.621s] -- Installing: /home/cc/ee106b/sp26/class/ee106b-aac/eeca106b-project/project1/src/install/ros2_aruco_interfaces/lib/libros2_aruco_interfaces__rosidl_typesupport_fastrtps_cpp.so
[8.634s] -- Set runtime path of "/home/cc/ee106b/sp26/class/ee106b-aac/eeca106b-project/project1/src/install/ros2_aruco_interfaces/lib/libros2_aruco_interfaces__rosidl_typesupport_fastrtps_cpp.so" to ""
[8.635s] -- Up-to-date: /home/cc/ee106b/sp26/class/ee106b-aac/eeca106b-project/project1/src/install/ros2_aruco_interfaces/include/ros2_aruco_interfaces/ros2_aruco_interfaces
[8.636s] -- Up-to-date: /home/cc/ee106b/sp26/class/ee106b-aac/eeca106b-project/project1/src/install/ros2_aruco_interfaces/include/ros2_aruco_interfaces/ros2_aruco_interfaces/msg
[8.638s] -- Up-to-date: /home/cc/ee106b/sp26/class/ee106b-aac/eeca106b-project/project1/src/install/ros2_aruco_interfaces/include/ros2_aruco_interfaces/ros2_aruco_interfaces/msg/detail
[8.639s] -- Installing: /home/cc/ee106b/sp26/class/ee106b-aac/eeca106b-project/project1/src/install/ros2_aruco_interfaces/include/ros2_aruco_interfaces/ros2_aruco_interfaces/msg/detail/aruco_markers__rosidl_typesupport_introspection_c.h
[8.646s] -- Installing: /home/cc/ee106b/sp26/class/ee106b-aac/eeca106b-project/project1/src/install/ros2_aruco_interfaces/include/ros2_aruco_interfaces/ros2_aruco_interfaces/msg/detail/aruco_markers__type_support.c
[8.652s] -- Installing: /home/cc/ee106b/sp26/class/ee106b-aac/eeca106b-project/project1/src/install/ros2_aruco_interfaces/include/ros2_aruco_interfaces/ros2_aruco_interfaces/msg/rosidl_typesupport_introspection_c__visibility_control.h
[8.659s] -- Installing: /home/cc/ee106b/sp26/class/ee106b-aac/eeca106b-project/project1/src/install/ros2_aruco_interfaces/lib/libros2_aruco_interfaces__rosidl_typesupport_introspection_c.so
[8.669s] -- Set runtime path of "/home/cc/ee106b/sp26/class/ee106b-aac/eeca106b-project/project1/src/install/ros2_aruco_interfaces/lib/libros2_aruco_interfaces__rosidl_typesupport_introspection_c.so" to ""
[8.670s] -- Installing: /home/cc/ee106b/sp26/class/ee106b-aac/eeca106b-project/project1/src/install/ros2_aruco_interfaces/lib/libros2_aruco_interfaces__rosidl_typesupport_c.so
[8.679s] -- Set runtime path of "/home/cc/ee106b/sp26/class/ee106b-aac/eeca106b-project/project1/src/install/ros2_aruco_interfaces/lib/libros2_aruco_interfaces__rosidl_typesupport_c.so" to ""
[8.680s] -- Up-to-date: /home/cc/ee106b/sp26/class/ee106b-aac/eeca106b-project/project1/src/install/ros2_aruco_interfaces/include/ros2_aruco_interfaces/ros2_aruco_interfaces
[8.681s] -- Up-to-date: /home/cc/ee106b/sp26/class/ee106b-aac/eeca106b-project/project1/src/install/ros2_aruco_interfaces/include/ros2_aruco_interfaces/ros2_aruco_interfaces/msg
[8.683s] -- Up-to-date: /home/cc/ee106b/sp26/class/ee106b-aac/eeca106b-project/project1/src/install/ros2_aruco_interfaces/include/ros2_aruco_interfaces/ros2_aruco_interfaces/msg/detail
[8.684s] -- Installing: /home/cc/ee106b/sp26/class/ee106b-aac/eeca106b-project/project1/src/install/ros2_aruco_interfaces/include/ros2_aruco_interfaces/ros2_aruco_interfaces/msg/detail/aruco_markers__rosidl_typesupport_introspection_cpp.hpp
[8.690s] -- Installing: /home/cc/ee106b/sp26/class/ee106b-aac/eeca106b-project/project1/src/install/ros2_aruco_interfaces/include/ros2_aruco_interfaces/ros2_aruco_interfaces/msg/detail/aruco_markers__type_support.cpp
[8.697s] -- Installing: /home/cc/ee106b/sp26/class/ee106b-aac/eeca106b-project/project1/src/install/ros2_aruco_interfaces/lib/libros2_aruco_interfaces__rosidl_typesupport_introspection_cpp.so
[8.710s] -- Set runtime path of "/home/cc/ee106b/sp26/class/ee106b-aac/eeca106b-project/project1/src/install/ros2_aruco_interfaces/lib/libros2_aruco_interfaces__rosidl_typesupport_introspection_cpp.so" to ""
[8.711s] -- Installing: /home/cc/ee106b/sp26/class/ee106b-aac/eeca106b-project/project1/src/install/ros2_aruco_interfaces/lib/libros2_aruco_interfaces__rosidl_typesupport_cpp.so
[8.722s] -- Set runtime path of "/home/cc/ee106b/sp26/class/ee106b-aac/eeca106b-project/project1/src/install/ros2_aruco_interfaces/lib/libros2_aruco_interfaces__rosidl_typesupport_cpp.so" to ""
[8.723s] -- Installing: /home/cc/ee106b/sp26/class/ee106b-aac/eeca106b-project/project1/src/install/ros2_aruco_interfaces/share/ros2_aruco_interfaces/environment/pythonpath.sh
[8.729s] -- Installing: /home/cc/ee106b/sp26/class/ee106b-aac/eeca106b-project/project1/src/install/ros2_aruco_interfaces/share/ros2_aruco_interfaces/environment/pythonpath.dsv
[8.735s] -- Installing: /home/cc/ee106b/sp26/class/ee106b-aac/eeca106b-project/project1/src/install/ros2_aruco_interfaces/local/lib/python3.10/dist-packages/ros2_aruco_interfaces-0.1.0-py3.10.egg-info
[8.742s] -- Installing: /home/cc/ee106b/sp26/class/ee106b-aac/eeca106b-project/project1/src/install/ros2_aruco_interfaces/local/lib/python3.10/dist-packages/ros2_aruco_interfaces-0.1.0-py3.10.egg-info/PKG-INFO
[8.748s] -- Installing: /home/cc/ee106b/sp26/class/ee106b-aac/eeca106b-project/project1/src/install/ros2_aruco_interfaces/local/lib/python3.10/dist-packages/ros2_aruco_interfaces-0.1.0-py3.10.egg-info/dependency_links.txt
[8.754s] -- Installing: /home/cc/ee106b/sp26/class/ee106b-aac/eeca106b-project/project1/src/install/ros2_aruco_interfaces/local/lib/python3.10/dist-packages/ros2_aruco_interfaces-0.1.0-py3.10.egg-info/top_level.txt
[8.760s] -- Installing: /home/cc/ee106b/sp26/class/ee106b-aac/eeca106b-project/project1/src/install/ros2_aruco_interfaces/local/lib/python3.10/dist-packages/ros2_aruco_interfaces-0.1.0-py3.10.egg-info/SOURCES.txt
[8.766s] -- Installing: /home/cc/ee106b/sp26/class/ee106b-aac/eeca106b-project/project1/src/install/ros2_aruco_interfaces/local/lib/python3.10/dist-packages/ros2_aruco_interfaces
[8.773s] -- Installing: /home/cc/ee106b/sp26/class/ee106b-aac/eeca106b-project/project1/src/install/ros2_aruco_interfaces/local/lib/python3.10/dist-packages/ros2_aruco_interfaces/__init__.py
[8.779s] -- Installing: /home/cc/ee106b/sp26/class/ee106b-aac/eeca106b-project/project1/src/install/ros2_aruco_interfaces/local/lib/python3.10/dist-packages/ros2_aruco_interfaces/msg
[8.785s] -- Installing: /home/cc/ee106b/sp26/class/ee106b-aac/eeca106b-project/project1/src/install/ros2_aruco_interfaces/local/lib/python3.10/dist-packages/ros2_aruco_interfaces/msg/_aruco_markers.py
[8.792s] -- Installing: /home/cc/ee106b/sp26/class/ee106b-aac/eeca106b-project/project1/src/install/ros2_aruco_interfaces/local/lib/python3.10/dist-packages/ros2_aruco_interfaces/msg/_aruco_markers_s.c
[8.798s] -- Installing: /home/cc/ee106b/sp26/class/ee106b-aac/eeca106b-project/project1/src/install/ros2_aruco_interfaces/local/lib/python3.10/dist-packages/ros2_aruco_interfaces/msg/__init__.py
[8.806s] -- Installing: /home/cc/ee106b/sp26/class/ee106b-aac/eeca106b-project/project1/src/install/ros2_aruco_interfaces/local/lib/python3.10/dist-packages/ros2_aruco_interfaces/_ros2_aruco_interfaces_s.ep.rosidl_typesupport_fastrtps_c.c
[8.814s] -- Installing: /home/cc/ee106b/sp26/class/ee106b-aac/eeca106b-project/project1/src/install/ros2_aruco_interfaces/local/lib/python3.10/dist-packages/ros2_aruco_interfaces/_ros2_aruco_interfaces_s.ep.rosidl_typesupport_introspection_c.c
[8.821s] -- Installing: /home/cc/ee106b/sp26/class/ee106b-aac/eeca106b-project/project1/src/install/ros2_aruco_interfaces/local/lib/python3.10/dist-packages/ros2_aruco_interfaces/_ros2_aruco_interfaces_s.ep.rosidl_typesupport_c.c
[8.830s] -- Installing: /home/cc/ee106b/sp26/class/ee106b-aac/eeca106b-project/project1/src/install/ros2_aruco_interfaces/local/lib/python3.10/dist-packages/ros2_aruco_interfaces/libros2_aruco_interfaces__rosidl_generator_py.so
[8.839s] -- Installing: /home/cc/ee106b/sp26/class/ee106b-aac/eeca106b-project/project1/src/install/ros2_aruco_interfaces/local/lib/python3.10/dist-packages/ros2_aruco_interfaces/ros2_aruco_interfaces_s__rosidl_typesupport_fastrtps_c.cpython-310-x86_64-linux-gnu.so
[8.852s] -- Installing: /home/cc/ee106b/sp26/class/ee106b-aac/eeca106b-project/project1/src/install/ros2_aruco_interfaces/local/lib/python3.10/dist-packages/ros2_aruco_interfaces/ros2_aruco_interfaces_s__rosidl_typesupport_introspection_c.cpython-310-x86_64-linux-gnu.so
[8.862s] -- Installing: /home/cc/ee106b/sp26/class/ee106b-aac/eeca106b-project/project1/src/install/ros2_aruco_interfaces/local/lib/python3.10/dist-packages/ros2_aruco_interfaces/ros2_aruco_interfaces_s__rosidl_typesupport_c.cpython-310-x86_64-linux-gnu.so
[8.923s] Listing '/home/cc/ee106b/sp26/class/ee106b-aac/eeca106b-project/project1/src/install/ros2_aruco_interfaces/local/lib/python3.10/dist-packages/ros2_aruco_interfaces'...
[8.923s] Compiling '/home/cc/ee106b/sp26/class/ee106b-aac/eeca106b-project/project1/src/install/ros2_aruco_interfaces/local/lib/python3.10/dist-packages/ros2_aruco_interfaces/__init__.py'...
[8.923s] Listing '/home/cc/ee106b/sp26/class/ee106b-aac/eeca106b-project/project1/src/install/ros2_aruco_interfaces/local/lib/python3.10/dist-packages/ros2_aruco_interfaces/msg'...
[8.924s] Compiling '/home/cc/ee106b/sp26/class/ee106b-aac/eeca106b-project/project1/src/install/ros2_aruco_interfaces/local/lib/python3.10/dist-packages/ros2_aruco_interfaces/msg/__init__.py'...
[8.924s] Compiling '/home/cc/ee106b/sp26/class/ee106b-aac/eeca106b-project/project1/src/install/ros2_aruco_interfaces/local/lib/python3.10/dist-packages/ros2_aruco_interfaces/msg/_aruco_markers.py'...
[8.929s] -- Installing: /home/cc/ee106b/sp26/class/ee106b-aac/eeca106b-project/project1/src/install/ros2_aruco_interfaces/local/lib/python3.10/dist-packages/ros2_aruco_interfaces/ros2_aruco_interfaces_s__rosidl_typesupport_fastrtps_c.cpython-310-x86_64-linux-gnu.so
[8.938s] -- Set runtime path of "/home/cc/ee106b/sp26/class/ee106b-aac/eeca106b-project/project1/src/install/ros2_aruco_interfaces/local/lib/python3.10/dist-packages/ros2_aruco_interfaces/ros2_aruco_interfaces_s__rosidl_typesupport_fastrtps_c.cpython-310-x86_64-linux-gnu.so" to ""
[8.942s] -- Installing: /home/cc/ee106b/sp26/class/ee106b-aac/eeca106b-project/project1/src/install/ros2_aruco_interfaces/local/lib/python3.10/dist-packages/ros2_aruco_interfaces/ros2_aruco_interfaces_s__rosidl_typesupport_introspection_c.cpython-310-x86_64-linux-gnu.so
[8.951s] -- Set runtime path of "/home/cc/ee106b/sp26/class/ee106b-aac/eeca106b-project/project1/src/install/ros2_aruco_interfaces/local/lib/python3.10/dist-packages/ros2_aruco_interfaces/ros2_aruco_interfaces_s__rosidl_typesupport_introspection_c.cpython-310-x86_64-linux-gnu.so" to ""
[8.954s] -- Installing: /home/cc/ee106b/sp26/class/ee106b-aac/eeca106b-project/project1/src/install/ros2_aruco_interfaces/local/lib/python3.10/dist-packages/ros2_aruco_interfaces/ros2_aruco_interfaces_s__rosidl_typesupport_c.cpython-310-x86_64-linux-gnu.so
[8.965s] -- Set runtime path of "/home/cc/ee106b/sp26/class/ee106b-aac/eeca106b-project/project1/src/install/ros2_aruco_interfaces/local/lib/python3.10/dist-packages/ros2_aruco_interfaces/ros2_aruco_interfaces_s__rosidl_typesupport_c.cpython-310-x86_64-linux-gnu.so" to ""
[8.966s] -- Installing: /home/cc/ee106b/sp26/class/ee106b-aac/eeca106b-project/project1/src/install/ros2_aruco_interfaces/lib/libros2_aruco_interfaces__rosidl_generator_py.so
[8.977s] -- Set runtime path of "/home/cc/ee106b/sp26/class/ee106b-aac/eeca106b-project/project1/src/install/ros2_aruco_interfaces/lib/libros2_aruco_interfaces__rosidl_generator_py.so" to ""
[8.983s] -- Installing: /home/cc/ee106b/sp26/class/ee106b-aac/eeca106b-project/project1/src/install/ros2_aruco_interfaces/share/ros2_aruco_interfaces/msg/ArucoMarkers.idl
[8.990s] -- Installing: /home/cc/ee106b/sp26/class/ee106b-aac/eeca106b-project/project1/src/install/ros2_aruco_interfaces/share/ros2_aruco_interfaces/msg/ArucoMarkers.msg
[9.002s] -- Installing: /home/cc/ee106b/sp26/class/ee106b-aac/eeca106b-project/project1/src/install/ros2_aruco_interfaces/share/ament_index/resource_index/package_run_dependencies/ros2_aruco_interfaces
[9.014s] -- Installing: /home/cc/ee106b/sp26/class/ee106b-aac/eeca106b-project/project1/src/install/ros2_aruco_interfaces/share/ament_index/resource_index/parent_prefix_path/ros2_aruco_interfaces
[9.023s] -- Installing: /home/cc/ee106b/sp26/class/ee106b-aac/eeca106b-project/project1/src/install/ros2_aruco_interfaces/share/ros2_aruco_interfaces/environment/ament_prefix_path.sh
[9.029s] -- Installing: /home/cc/ee106b/sp26/class/ee106b-aac/eeca106b-project/project1/src/install/ros2_aruco_interfaces/share/ros2_aruco_interfaces/environment/ament_prefix_path.dsv
[9.036s] -- Installing: /home/cc/ee106b/sp26/class/ee106b-aac/eeca106b-project/project1/src/install/ros2_aruco_interfaces/share/ros2_aruco_interfaces/environment/path.sh
[9.042s] -- Installing: /home/cc/ee106b/sp26/class/ee106b-aac/eeca106b-project/project1/src/install/ros2_aruco_interfaces/share/ros2_aruco_interfaces/environment/path.dsv
[9.049s] -- Installing: /home/cc/ee106b/sp26/class/ee106b-aac/eeca106b-project/project1/src/install/ros2_aruco_interfaces/share/ros2_aruco_interfaces/local_setup.bash
[9.056s] -- Installing: /home/cc/ee106b/sp26/class/ee106b-aac/eeca106b-project/project1/src/install/ros2_aruco_interfaces/share/ros2_aruco_interfaces/local_setup.sh
[9.064s] -- Installing: /home/cc/ee106b/sp26/class/ee106b-aac/eeca106b-project/project1/src/install/ros2_aruco_interfaces/share/ros2_aruco_interfaces/local_setup.zsh
[9.072s] -- Installing: /home/cc/ee106b/sp26/class/ee106b-aac/eeca106b-project/project1/src/install/ros2_aruco_interfaces/share/ros2_aruco_interfaces/local_setup.dsv
[9.080s] -- Installing: /home/cc/ee106b/sp26/class/ee106b-aac/eeca106b-project/project1/src/install/ros2_aruco_interfaces/share/ros2_aruco_interfaces/package.dsv
[9.091s] -- Installing: /home/cc/ee106b/sp26/class/ee106b-aac/eeca106b-project/project1/src/install/ros2_aruco_interfaces/share/ament_index/resource_index/packages/ros2_aruco_interfaces
[9.103s] -- Installing: /home/cc/ee106b/sp26/class/ee106b-aac/eeca106b-project/project1/src/install/ros2_aruco_interfaces/share/ros2_aruco_interfaces/cmake/export_ros2_aruco_interfaces__rosidl_generator_cExport.cmake
[9.110s] -- Installing: /home/cc/ee106b/sp26/class/ee106b-aac/eeca106b-project/project1/src/install/ros2_aruco_interfaces/share/ros2_aruco_interfaces/cmake/export_ros2_aruco_interfaces__rosidl_generator_cExport-noconfig.cmake
[9.117s] -- Installing: /home/cc/ee106b/sp26/class/ee106b-aac/eeca106b-project/project1/src/install/ros2_aruco_interfaces/share/ros2_aruco_interfaces/cmake/export_ros2_aruco_interfaces__rosidl_typesupport_fastrtps_cExport.cmake
[9.125s] -- Installing: /home/cc/ee106b/sp26/class/ee106b-aac/eeca106b-project/project1/src/install/ros2_aruco_interfaces/share/ros2_aruco_interfaces/cmake/export_ros2_aruco_interfaces__rosidl_typesupport_fastrtps_cExport-noconfig.cmake
[9.133s] -- Installing: /home/cc/ee106b/sp26/class/ee106b-aac/eeca106b-project/project1/src/install/ros2_aruco_interfaces/share/ros2_aruco_interfaces/cmake/export_ros2_aruco_interfaces__rosidl_generator_cppExport.cmake
[9.141s] -- Installing: /home/cc/ee106b/sp26/class/ee106b-aac/eeca106b-project/project1/src/install/ros2_aruco_interfaces/share/ros2_aruco_interfaces/cmake/export_ros2_aruco_interfaces__rosidl_typesupport_fastrtps_cppExport.cmake
[9.148s] -- Installing: /home/cc/ee106b/sp26/class/ee106b-aac/eeca106b-project/project1/src/install/ros2_aruco_interfaces/share/ros2_aruco_interfaces/cmake/export_ros2_aruco_interfaces__rosidl_typesupport_fastrtps_cppExport-noconfig.cmake
[9.154s] -- Installing: /home/cc/ee106b/sp26/class/ee106b-aac/eeca106b-project/project1/src/install/ros2_aruco_interfaces/share/ros2_aruco_interfaces/cmake/ros2_aruco_interfaces__rosidl_typesupport_introspection_cExport.cmake
[9.161s] -- Installing: /home/cc/ee106b/sp26/class/ee106b-aac/eeca106b-project/project1/src/install/ros2_aruco_interfaces/share/ros2_aruco_interfaces/cmake/ros2_aruco_interfaces__rosidl_typesupport_introspection_cExport-noconfig.cmake
[9.167s] -- Installing: /home/cc/ee106b/sp26/class/ee106b-aac/eeca106b-project/project1/src/install/ros2_aruco_interfaces/share/ros2_aruco_interfaces/cmake/ros2_aruco_interfaces__rosidl_typesupport_cExport.cmake
[9.174s] -- Installing: /home/cc/ee106b/sp26/class/ee106b-aac/eeca106b-project/project1/src/install/ros2_aruco_interfaces/share/ros2_aruco_interfaces/cmake/ros2_aruco_interfaces__rosidl_typesupport_cExport-noconfig.cmake
[9.181s] -- Installing: /home/cc/ee106b/sp26/class/ee106b-aac/eeca106b-project/project1/src/install/ros2_aruco_interfaces/share/ros2_aruco_interfaces/cmake/ros2_aruco_interfaces__rosidl_typesupport_introspection_cppExport.cmake
[9.187s] -- Installing: /home/cc/ee106b/sp26/class/ee106b-aac/eeca106b-project/project1/src/install/ros2_aruco_interfaces/share/ros2_aruco_interfaces/cmake/ros2_aruco_interfaces__rosidl_typesupport_introspection_cppExport-noconfig.cmake
[9.194s] -- Installing: /home/cc/ee106b/sp26/class/ee106b-aac/eeca106b-project/project1/src/install/ros2_aruco_interfaces/share/ros2_aruco_interfaces/cmake/ros2_aruco_interfaces__rosidl_typesupport_cppExport.cmake
[9.200s] -- Installing: /home/cc/ee106b/sp26/class/ee106b-aac/eeca106b-project/project1/src/install/ros2_aruco_interfaces/share/ros2_aruco_interfaces/cmake/ros2_aruco_interfaces__rosidl_typesupport_cppExport-noconfig.cmake
[9.207s] -- Installing: /home/cc/ee106b/sp26/class/ee106b-aac/eeca106b-project/project1/src/install/ros2_aruco_interfaces/share/ros2_aruco_interfaces/cmake/export_ros2_aruco_interfaces__rosidl_generator_pyExport.cmake
[9.213s] -- Installing: /home/cc/ee106b/sp26/class/ee106b-aac/eeca106b-project/project1/src/install/ros2_aruco_interfaces/share/ros2_aruco_interfaces/cmake/export_ros2_aruco_interfaces__rosidl_generator_pyExport-noconfig.cmake
[9.220s] -- Installing: /home/cc/ee106b/sp26/class/ee106b-aac/eeca106b-project/project1/src/install/ros2_aruco_interfaces/share/ros2_aruco_interfaces/cmake/rosidl_cmake-extras.cmake
[9.226s] -- Installing: /home/cc/ee106b/sp26/class/ee106b-aac/eeca106b-project/project1/src/install/ros2_aruco_interfaces/share/ros2_aruco_interfaces/cmake/ament_cmake_export_dependencies-extras.cmake
[9.232s] -- Installing: /home/cc/ee106b/sp26/class/ee106b-aac/eeca106b-project/project1/src/install/ros2_aruco_interfaces/share/ros2_aruco_interfaces/cmake/ament_cmake_export_include_directories-extras.cmake
[9.239s] -- Installing: /home/cc/ee106b/sp26/class/ee106b-aac/eeca106b-project/project1/src/install/ros2_aruco_interfaces/share/ros2_aruco_interfaces/cmake/ament_cmake_export_libraries-extras.cmake
[9.245s] -- Installing: /home/cc/ee106b/sp26/class/ee106b-aac/eeca106b-project/project1/src/install/ros2_aruco_interfaces/share/ros2_aruco_interfaces/cmake/ament_cmake_export_targets-extras.cmake
[9.251s] -- Installing: /home/cc/ee106b/sp26/class/ee106b-aac/eeca106b-project/project1/src/install/ros2_aruco_interfaces/share/ros2_aruco_interfaces/cmake/rosidl_cmake_export_typesupport_targets-extras.cmake
[9.257s] -- Installing: /home/cc/ee106b/sp26/class/ee106b-aac/eeca106b-project/project1/src/install/ros2_aruco_interfaces/share/ros2_aruco_interfaces/cmake/rosidl_cmake_export_typesupport_libraries-extras.cmake
[9.262s] -- Installing: /home/cc/ee106b/sp26/class/ee106b-aac/eeca106b-project/project1/src/install/ros2_aruco_interfaces/share/ros2_aruco_interfaces/cmake/ros2_aruco_interfacesConfig.cmake
[9.268s] -- Installing: /home/cc/ee106b/sp26/class/ee106b-aac/eeca106b-project/project1/src/install/ros2_aruco_interfaces/share/ros2_aruco_interfaces/cmake/ros2_aruco_interfacesConfig-version.cmake
[9.275s] -- Installing: /home/cc/ee106b/sp26/class/ee106b-aac/eeca106b-project/project1/src/install/ros2_aruco_interfaces/share/ros2_aruco_interfaces/package.xml
[9.285s] Invoked command in '/home/cc/ee106b/sp26/class/ee106b-aac/eeca106b-project/project1/src/build/ros2_aruco_interfaces' returned '0': CMAKE_PREFIX_PATH=/home/ff/ee106a/robot_workspaces/ur/install/ur7e_utils:/opt/ros/humble /usr/bin/cmake --install /home/cc/ee106b/sp26/class/ee106b-aac/eeca106b-project/project1/src/build/ros2_aruco_interfaces
