[1.023s] Invoking command in '/home/cc/ee106b/sp26/class/ee106b-aac/eeca106b-project/project1/src/ros2_aruco': PYTHONPATH=/home/cc/ee106b/sp26/class/ee106b-aac/eeca106b-project/project1/src/build/ros2_aruco/prefix_override:/usr/lib/python3/dist-packages/colcon_core/task/python/colcon_distutils_commands:/home/cc/ee106b/sp26/class/ee106b-aac/eeca106b-project/project1/src/install/ros2_aruco/lib/python3.10/site-packages:${PYTHONPATH} /usr/bin/python3 -W ignore:setup.py install is deprecated -W ignore:easy_install command is deprecated setup.py egg_info --egg-base ../build/ros2_aruco build --build-base /home/cc/ee106b/sp26/class/ee106b-aac/eeca106b-project/project1/src/build/ros2_aruco/build install --record /home/cc/ee106b/sp26/class/ee106b-aac/eeca106b-project/project1/src/build/ros2_aruco/install.log --single-version-externally-managed install_data
[1.233s] running egg_info
[1.234s] creating ../build/ros2_aruco/ros2_aruco.egg-info
[1.235s] writing ../build/ros2_aruco/ros2_aruco.egg-info/PKG-INFO
[1.240s] writing dependency_links to ../build/ros2_aruco/ros2_aruco.egg-info/dependency_links.txt
[1.242s] writing entry points to ../build/ros2_aruco/ros2_aruco.egg-info/entry_points.txt
[1.244s] writing requirements to ../build/ros2_aruco/ros2_aruco.egg-info/requires.txt
[1.246s] writing top-level names to ../build/ros2_aruco/ros2_aruco.egg-info/top_level.txt
[1.248s] writing manifest file '../build/ros2_aruco/ros2_aruco.egg-info/SOURCES.txt'
[1.258s] reading manifest file '../build/ros2_aruco/ros2_aruco.egg-info/SOURCES.txt'
[1.263s] writing manifest file '../build/ros2_aruco/ros2_aruco.egg-info/SOURCES.txt'
[1.264s] running build
[1.265s] running build_py
[1.266s] creating /home/cc/ee106b/sp26/class/ee106b-aac/eeca106b-project/project1/src/build/ros2_aruco/build
[1.267s] creating /home/cc/ee106b/sp26/class/ee106b-aac/eeca106b-project/project1/src/build/ros2_aruco/build/lib
[1.268s] creating /home/cc/ee106b/sp26/class/ee106b-aac/eeca106b-project/project1/src/build/ros2_aruco/build/lib/ros2_aruco
[1.269s] copying ros2_aruco/__init__.py -> /home/cc/ee106b/sp26/class/ee106b-aac/eeca106b-project/project1/src/build/ros2_aruco/build/lib/ros2_aruco
[1.273s] copying ros2_aruco/aruco_generate_marker.py -> /home/cc/ee106b/sp26/class/ee106b-aac/eeca106b-project/project1/src/build/ros2_aruco/build/lib/ros2_aruco
[1.276s] copying ros2_aruco/aruco_node.py -> /home/cc/ee106b/sp26/class/ee106b-aac/eeca106b-project/project1/src/build/ros2_aruco/build/lib/ros2_aruco
[1.280s] running install
[1.281s] running install_lib
[1.284s] creating /home/cc/ee106b/sp26/class/ee106b-aac/eeca106b-project/project1/src/install/ros2_aruco/lib/python3.10/site-packages/ros2_aruco
[1.285s] copying /home/cc/ee106b/sp26/class/ee106b-aac/eeca106b-project/project1/src/build/ros2_aruco/build/lib/ros2_aruco/__init__.py -> /home/cc/ee106b/sp26/class/ee106b-aac/eeca106b-project/project1/src/install/ros2_aruco/lib/python3.10/site-packages/ros2_aruco
[1.289s] copying /home/cc/ee106b/sp26/class/ee106b-aac/eeca106b-project/project1/src/build/ros2_aruco/build/lib/ros2_aruco/aruco_generate_marker.py -> /home/cc/ee106b/sp26/class/ee106b-aac/eeca106b-project/project1/src/install/ros2_aruco/lib/python3.10/site-packages/ros2_aruco
[1.296s] copying /home/cc/ee106b/sp26/class/ee106b-aac/eeca106b-project/project1/src/build/ros2_aruco/build/lib/ros2_aruco/aruco_node.py -> /home/cc/ee106b/sp26/class/ee106b-aac/eeca106b-project/project1/src/install/ros2_aruco/lib/python3.10/site-packages/ros2_aruco
[1.302s] byte-compiling /home/cc/ee106b/sp26/class/ee106b-aac/eeca106b-project/project1/src/install/ros2_aruco/lib/python3.10/site-packages/ros2_aruco/__init__.py to __init__.cpython-310.pyc
[1.308s] byte-compiling /home/cc/ee106b/sp26/class/ee106b-aac/eeca106b-project/project1/src/install/ros2_aruco/lib/python3.10/site-packages/ros2_aruco/aruco_generate_marker.py to aruco_generate_marker.cpython-310.pyc
[1.315s] byte-compiling /home/cc/ee106b/sp26/class/ee106b-aac/eeca106b-project/project1/src/install/ros2_aruco/lib/python3.10/site-packages/ros2_aruco/aruco_node.py to aruco_node.cpython-310.pyc
[1.321s] running install_data
[1.322s] creating /home/cc/ee106b/sp26/class/ee106b-aac/eeca106b-project/project1/src/install/ros2_aruco/share/ament_index
[1.322s] creating /home/cc/ee106b/sp26/class/ee106b-aac/eeca106b-project/project1/src/install/ros2_aruco/share/ament_index/resource_index
[1.323s] creating /home/cc/ee106b/sp26/class/ee106b-aac/eeca106b-project/project1/src/install/ros2_aruco/share/ament_index/resource_index/packages
[1.325s] copying resource/ros2_aruco -> /home/cc/ee106b/sp26/class/ee106b-aac/eeca106b-project/project1/src/install/ros2_aruco/share/ament_index/resource_index/packages
[1.329s] copying package.xml -> /home/cc/ee106b/sp26/class/ee106b-aac/eeca106b-project/project1/src/install/ros2_aruco/share/ros2_aruco
[1.333s] creating /home/cc/ee106b/sp26/class/ee106b-aac/eeca106b-project/project1/src/install/ros2_aruco/share/ros2_aruco/launch
[1.335s] copying launch/aruco_recognition.launch.py -> /home/cc/ee106b/sp26/class/ee106b-aac/eeca106b-project/project1/src/install/ros2_aruco/share/ros2_aruco/launch
[1.340s] creating /home/cc/ee106b/sp26/class/ee106b-aac/eeca106b-project/project1/src/install/ros2_aruco/share/ros2_aruco/config
[1.341s] copying config/aruco_parameters.yaml -> /home/cc/ee106b/sp26/class/ee106b-aac/eeca106b-project/project1/src/install/ros2_aruco/share/ros2_aruco/config
[1.347s] copying config/aruco_parameters_old.yaml -> /home/cc/ee106b/sp26/class/ee106b-aac/eeca106b-project/project1/src/install/ros2_aruco/share/ros2_aruco/config
[1.366s] running install_egg_info
[1.370s] Copying ../build/ros2_aruco/ros2_aruco.egg-info to /home/cc/ee106b/sp26/class/ee106b-aac/eeca106b-project/project1/src/install/ros2_aruco/lib/python3.10/site-packages/ros2_aruco-0.1.0-py3.10.egg-info
[1.407s] running install_scripts
[1.438s] Installing aruco_generate_marker script to /home/cc/ee106b/sp26/class/ee106b-aac/eeca106b-project/project1/src/install/ros2_aruco/lib/ros2_aruco
[1.441s] Installing aruco_node script to /home/cc/ee106b/sp26/class/ee106b-aac/eeca106b-project/project1/src/install/ros2_aruco/lib/ros2_aruco
[1.444s] writing list of installed files to '/home/cc/ee106b/sp26/class/ee106b-aac/eeca106b-project/project1/src/build/ros2_aruco/install.log'
[1.498s] Invoked command in '/home/cc/ee106b/sp26/class/ee106b-aac/eeca106b-project/project1/src/ros2_aruco' returned '0': PYTHONPATH=/home/cc/ee106b/sp26/class/ee106b-aac/eeca106b-project/project1/src/build/ros2_aruco/prefix_override:/usr/lib/python3/dist-packages/colcon_core/task/python/colcon_distutils_commands:/home/cc/ee106b/sp26/class/ee106b-aac/eeca106b-project/project1/src/install/ros2_aruco/lib/python3.10/site-packages:${PYTHONPATH} /usr/bin/python3 -W ignore:setup.py install is deprecated -W ignore:easy_install command is deprecated setup.py egg_info --egg-base ../build/ros2_aruco build --build-base /home/cc/ee106b/sp26/class/ee106b-aac/eeca106b-project/project1/src/build/ros2_aruco/build install --record /home/cc/ee106b/sp26/class/ee106b-aac/eeca106b-project/project1/src/build/ros2_aruco/install.log --single-version-externally-managed install_data
