[0.854s] Invoking command in '/home/cc/ee106b/sp26/class/ee106b-aac/eeca106b-project/project3/starter/src/plannedcntrl': PYTHONPATH=/home/cc/ee106b/sp26/class/ee106b-aac/eeca106b-project/project3/build/plannedcntrl/prefix_override:/usr/lib/python3/dist-packages/colcon_core/task/python/colcon_distutils_commands:/home/cc/ee106b/sp26/class/ee106b-aac/eeca106b-project/project3/install/plannedcntrl/lib/python3.10/site-packages:${PYTHONPATH} /usr/bin/python3 -W ignore:setup.py install is deprecated -W ignore:easy_install command is deprecated setup.py egg_info --egg-base ../../../build/plannedcntrl build --build-base /home/cc/ee106b/sp26/class/ee106b-aac/eeca106b-project/project3/build/plannedcntrl/build install --record /home/cc/ee106b/sp26/class/ee106b-aac/eeca106b-project/project3/build/plannedcntrl/install.log --single-version-externally-managed install_data
[1.063s] running egg_info
[1.064s] writing ../../../build/plannedcntrl/plannedcntrl.egg-info/PKG-INFO
[1.067s] writing dependency_links to ../../../build/plannedcntrl/plannedcntrl.egg-info/dependency_links.txt
[1.070s] writing entry points to ../../../build/plannedcntrl/plannedcntrl.egg-info/entry_points.txt
[1.072s] writing requirements to ../../../build/plannedcntrl/plannedcntrl.egg-info/requires.txt
[1.074s] writing top-level names to ../../../build/plannedcntrl/plannedcntrl.egg-info/top_level.txt
[1.079s] reading manifest file '../../../build/plannedcntrl/plannedcntrl.egg-info/SOURCES.txt'
[1.080s] writing manifest file '../../../build/plannedcntrl/plannedcntrl.egg-info/SOURCES.txt'
[1.082s] running build
[1.082s] running build_py
[1.084s] copying plannedcntrl/turtlebot_control.py -> /home/cc/ee106b/sp26/class/ee106b-aac/eeca106b-project/project3/build/plannedcntrl/build/lib/plannedcntrl
[1.087s] running install
[1.088s] running install_lib
[1.090s] copying /home/cc/ee106b/sp26/class/ee106b-aac/eeca106b-project/project3/build/plannedcntrl/build/lib/plannedcntrl/turtlebot_control.py -> /home/cc/ee106b/sp26/class/ee106b-aac/eeca106b-project/project3/install/plannedcntrl/lib/python3.10/site-packages/plannedcntrl
[1.094s] byte-compiling /home/cc/ee106b/sp26/class/ee106b-aac/eeca106b-project/project3/install/plannedcntrl/lib/python3.10/site-packages/plannedcntrl/turtlebot_control.py to turtlebot_control.cpython-310.pyc
[1.100s] running install_data
[1.100s] running install_egg_info
[1.102s] removing '/home/cc/ee106b/sp26/class/ee106b-aac/eeca106b-project/project3/install/plannedcntrl/lib/python3.10/site-packages/plannedcntrl-0.0.0-py3.10.egg-info' (and everything under it)
[1.107s] Copying ../../../build/plannedcntrl/plannedcntrl.egg-info to /home/cc/ee106b/sp26/class/ee106b-aac/eeca106b-project/project3/install/plannedcntrl/lib/python3.10/site-packages/plannedcntrl-0.0.0-py3.10.egg-info
[1.135s] running install_scripts
[1.163s] Installing turtlebot_control script to /home/cc/ee106b/sp26/class/ee106b-aac/eeca106b-project/project3/install/plannedcntrl/lib/plannedcntrl
[1.166s] writing list of installed files to '/home/cc/ee106b/sp26/class/ee106b-aac/eeca106b-project/project3/build/plannedcntrl/install.log'
[1.188s] Invoked command in '/home/cc/ee106b/sp26/class/ee106b-aac/eeca106b-project/project3/starter/src/plannedcntrl' returned '0': PYTHONPATH=/home/cc/ee106b/sp26/class/ee106b-aac/eeca106b-project/project3/build/plannedcntrl/prefix_override:/usr/lib/python3/dist-packages/colcon_core/task/python/colcon_distutils_commands:/home/cc/ee106b/sp26/class/ee106b-aac/eeca106b-project/project3/install/plannedcntrl/lib/python3.10/site-packages:${PYTHONPATH} /usr/bin/python3 -W ignore:setup.py install is deprecated -W ignore:easy_install command is deprecated setup.py egg_info --egg-base ../../../build/plannedcntrl build --build-base /home/cc/ee106b/sp26/class/ee106b-aac/eeca106b-project/project3/build/plannedcntrl/build install --record /home/cc/ee106b/sp26/class/ee106b-aac/eeca106b-project/project3/build/plannedcntrl/install.log --single-version-externally-managed install_data
