[0.823s] Invoking command in '/home/cc/ee106b/sp26/class/ee106b-aac/eeca106b-project/project3/starter/src/plannedcntrl': PYTHONPATH=/home/cc/ee106b/sp26/class/ee106b-aac/eeca106b-project/project3/starter/build/plannedcntrl/prefix_override:/usr/lib/python3/dist-packages/colcon_core/task/python/colcon_distutils_commands:/home/cc/ee106b/sp26/class/ee106b-aac/eeca106b-project/project3/starter/install/plannedcntrl/lib/python3.10/site-packages:${PYTHONPATH} /usr/bin/python3 -W ignore:setup.py install is deprecated -W ignore:easy_install command is deprecated setup.py egg_info --egg-base ../../build/plannedcntrl build --build-base /home/cc/ee106b/sp26/class/ee106b-aac/eeca106b-project/project3/starter/build/plannedcntrl/build install --record /home/cc/ee106b/sp26/class/ee106b-aac/eeca106b-project/project3/starter/build/plannedcntrl/install.log --single-version-externally-managed install_data
[1.019s] running egg_info
[1.019s] writing ../../build/plannedcntrl/plannedcntrl.egg-info/PKG-INFO
[1.022s] writing dependency_links to ../../build/plannedcntrl/plannedcntrl.egg-info/dependency_links.txt
[1.025s] writing entry points to ../../build/plannedcntrl/plannedcntrl.egg-info/entry_points.txt
[1.027s] writing requirements to ../../build/plannedcntrl/plannedcntrl.egg-info/requires.txt
[1.029s] writing top-level names to ../../build/plannedcntrl/plannedcntrl.egg-info/top_level.txt
[1.034s] reading manifest file '../../build/plannedcntrl/plannedcntrl.egg-info/SOURCES.txt'
[1.035s] writing manifest file '../../build/plannedcntrl/plannedcntrl.egg-info/SOURCES.txt'
[1.037s] running build
[1.037s] running build_py
[1.039s] copying plannedcntrl/turtlebot_control.py -> /home/cc/ee106b/sp26/class/ee106b-aac/eeca106b-project/project3/starter/build/plannedcntrl/build/lib/plannedcntrl
[1.052s] running install
[1.052s] running install_lib
[1.056s] copying /home/cc/ee106b/sp26/class/ee106b-aac/eeca106b-project/project3/starter/build/plannedcntrl/build/lib/plannedcntrl/turtlebot_control.py -> /home/cc/ee106b/sp26/class/ee106b-aac/eeca106b-project/project3/starter/install/plannedcntrl/lib/python3.10/site-packages/plannedcntrl
[1.075s] byte-compiling /home/cc/ee106b/sp26/class/ee106b-aac/eeca106b-project/project3/starter/install/plannedcntrl/lib/python3.10/site-packages/plannedcntrl/turtlebot_control.py to turtlebot_control.cpython-310.pyc
[1.082s] running install_data
[1.084s] running install_egg_info
[1.087s] removing '/home/cc/ee106b/sp26/class/ee106b-aac/eeca106b-project/project3/starter/install/plannedcntrl/lib/python3.10/site-packages/plannedcntrl-0.0.0-py3.10.egg-info' (and everything under it)
[1.103s] Copying ../../build/plannedcntrl/plannedcntrl.egg-info to /home/cc/ee106b/sp26/class/ee106b-aac/eeca106b-project/project3/starter/install/plannedcntrl/lib/python3.10/site-packages/plannedcntrl-0.0.0-py3.10.egg-info
[1.129s] running install_scripts
[1.166s] Installing turtlebot_control script to /home/cc/ee106b/sp26/class/ee106b-aac/eeca106b-project/project3/starter/install/plannedcntrl/lib/plannedcntrl
[1.169s] writing list of installed files to '/home/cc/ee106b/sp26/class/ee106b-aac/eeca106b-project/project3/starter/build/plannedcntrl/install.log'
[1.184s] Invoked command in '/home/cc/ee106b/sp26/class/ee106b-aac/eeca106b-project/project3/starter/src/plannedcntrl' returned '0': PYTHONPATH=/home/cc/ee106b/sp26/class/ee106b-aac/eeca106b-project/project3/starter/build/plannedcntrl/prefix_override:/usr/lib/python3/dist-packages/colcon_core/task/python/colcon_distutils_commands:/home/cc/ee106b/sp26/class/ee106b-aac/eeca106b-project/project3/starter/install/plannedcntrl/lib/python3.10/site-packages:${PYTHONPATH} /usr/bin/python3 -W ignore:setup.py install is deprecated -W ignore:easy_install command is deprecated setup.py egg_info --egg-base ../../build/plannedcntrl build --build-base /home/cc/ee106b/sp26/class/ee106b-aac/eeca106b-project/project3/starter/build/plannedcntrl/build install --record /home/cc/ee106b/sp26/class/ee106b-aac/eeca106b-project/project3/starter/build/plannedcntrl/install.log --single-version-externally-managed install_data
