running egg_info
creating ../build/visual_servoing/visual_servoing.egg-info
writing ../build/visual_servoing/visual_servoing.egg-info/PKG-INFO
writing dependency_links to ../build/visual_servoing/visual_servoing.egg-info/dependency_links.txt
writing entry points to ../build/visual_servoing/visual_servoing.egg-info/entry_points.txt
writing requirements to ../build/visual_servoing/visual_servoing.egg-info/requires.txt
writing top-level names to ../build/visual_servoing/visual_servoing.egg-info/top_level.txt
writing manifest file '../build/visual_servoing/visual_servoing.egg-info/SOURCES.txt'
reading manifest file '../build/visual_servoing/visual_servoing.egg-info/SOURCES.txt'
writing manifest file '../build/visual_servoing/visual_servoing.egg-info/SOURCES.txt'
running build
running build_py
creating /home/cc/ee106b/sp26/class/ee106b-aac/eeca106b-project/project1/src/build/visual_servoing/build
creating /home/cc/ee106b/sp26/class/ee106b-aac/eeca106b-project/project1/src/build/visual_servoing/build/lib
creating /home/cc/ee106b/sp26/class/ee106b-aac/eeca106b-project/project1/src/build/visual_servoing/build/lib/visual_servoing
copying visual_servoing/__init__.py -> /home/cc/ee106b/sp26/class/ee106b-aac/eeca106b-project/project1/src/build/visual_servoing/build/lib/visual_servoing
copying visual_servoing/controller.py -> /home/cc/ee106b/sp26/class/ee106b-aac/eeca106b-project/project1/src/build/visual_servoing/build/lib/visual_servoing
copying visual_servoing/main.py -> /home/cc/ee106b/sp26/class/ee106b-aac/eeca106b-project/project1/src/build/visual_servoing/build/lib/visual_servoing
copying visual_servoing/trajectories.py -> /home/cc/ee106b/sp26/class/ee106b-aac/eeca106b-project/project1/src/build/visual_servoing/build/lib/visual_servoing
running install
running install_lib
creating /home/cc/ee106b/sp26/class/ee106b-aac/eeca106b-project/project1/src/install/visual_servoing/lib/python3.10/site-packages/visual_servoing
copying /home/cc/ee106b/sp26/class/ee106b-aac/eeca106b-project/project1/src/build/visual_servoing/build/lib/visual_servoing/__init__.py -> /home/cc/ee106b/sp26/class/ee106b-aac/eeca106b-project/project1/src/install/visual_servoing/lib/python3.10/site-packages/visual_servoing
copying /home/cc/ee106b/sp26/class/ee106b-aac/eeca106b-project/project1/src/build/visual_servoing/build/lib/visual_servoing/controller.py -> /home/cc/ee106b/sp26/class/ee106b-aac/eeca106b-project/project1/src/install/visual_servoing/lib/python3.10/site-packages/visual_servoing
copying /home/cc/ee106b/sp26/class/ee106b-aac/eeca106b-project/project1/src/build/visual_servoing/build/lib/visual_servoing/main.py -> /home/cc/ee106b/sp26/class/ee106b-aac/eeca106b-project/project1/src/install/visual_servoing/lib/python3.10/site-packages/visual_servoing
copying /home/cc/ee106b/sp26/class/ee106b-aac/eeca106b-project/project1/src/build/visual_servoing/build/lib/visual_servoing/trajectories.py -> /home/cc/ee106b/sp26/class/ee106b-aac/eeca106b-project/project1/src/install/visual_servoing/lib/python3.10/site-packages/visual_servoing
byte-compiling /home/cc/ee106b/sp26/class/ee106b-aac/eeca106b-project/project1/src/install/visual_servoing/lib/python3.10/site-packages/visual_servoing/__init__.py to __init__.cpython-310.pyc
byte-compiling /home/cc/ee106b/sp26/class/ee106b-aac/eeca106b-project/project1/src/install/visual_servoing/lib/python3.10/site-packages/visual_servoing/controller.py to controller.cpython-310.pyc
byte-compiling /home/cc/ee106b/sp26/class/ee106b-aac/eeca106b-project/project1/src/install/visual_servoing/lib/python3.10/site-packages/visual_servoing/main.py to main.cpython-310.pyc
byte-compiling /home/cc/ee106b/sp26/class/ee106b-aac/eeca106b-project/project1/src/install/visual_servoing/lib/python3.10/site-packages/visual_servoing/trajectories.py to trajectories.cpython-310.pyc
running install_data
creating /home/cc/ee106b/sp26/class/ee106b-aac/eeca106b-project/project1/src/install/visual_servoing/share/ament_index
creating /home/cc/ee106b/sp26/class/ee106b-aac/eeca106b-project/project1/src/install/visual_servoing/share/ament_index/resource_index
creating /home/cc/ee106b/sp26/class/ee106b-aac/eeca106b-project/project1/src/install/visual_servoing/share/ament_index/resource_index/packages
copying resource/visual_servoing -> /home/cc/ee106b/sp26/class/ee106b-aac/eeca106b-project/project1/src/install/visual_servoing/share/ament_index/resource_index/packages
copying package.xml -> /home/cc/ee106b/sp26/class/ee106b-aac/eeca106b-project/project1/src/install/visual_servoing/share/visual_servoing
running install_egg_info
Copying ../build/visual_servoing/visual_servoing.egg-info to /home/cc/ee106b/sp26/class/ee106b-aac/eeca106b-project/project1/src/install/visual_servoing/lib/python3.10/site-packages/visual_servoing-0.0.0-py3.10.egg-info
running install_scripts
Installing main script to /home/cc/ee106b/sp26/class/ee106b-aac/eeca106b-project/project1/src/install/visual_servoing/lib/visual_servoing
writing list of installed files to '/home/cc/ee106b/sp26/class/ee106b-aac/eeca106b-project/project1/src/build/visual_servoing/install.log'
