[0.991s] Invoking command in '/home/cc/ee106b/sp26/class/ee106b-aac/eeca106b-project/project1/src/visual_servoing': PYTHONPATH=/home/cc/ee106b/sp26/class/ee106b-aac/eeca106b-project/project1/src/build/visual_servoing/prefix_override:/usr/lib/python3/dist-packages/colcon_core/task/python/colcon_distutils_commands:/home/cc/ee106b/sp26/class/ee106b-aac/eeca106b-project/project1/src/install/visual_servoing/lib/python3.10/site-packages:${PYTHONPATH} /usr/bin/python3 -W ignore:setup.py install is deprecated -W ignore:easy_install command is deprecated setup.py egg_info --egg-base ../build/visual_servoing build --build-base /home/cc/ee106b/sp26/class/ee106b-aac/eeca106b-project/project1/src/build/visual_servoing/build install --record /home/cc/ee106b/sp26/class/ee106b-aac/eeca106b-project/project1/src/build/visual_servoing/install.log --single-version-externally-managed install_data
[1.205s] running egg_info
[1.205s] creating ../build/visual_servoing/visual_servoing.egg-info
[1.207s] writing ../build/visual_servoing/visual_servoing.egg-info/PKG-INFO
[1.212s] writing dependency_links to ../build/visual_servoing/visual_servoing.egg-info/dependency_links.txt
[1.214s] writing entry points to ../build/visual_servoing/visual_servoing.egg-info/entry_points.txt
[1.217s] writing requirements to ../build/visual_servoing/visual_servoing.egg-info/requires.txt
[1.218s] writing top-level names to ../build/visual_servoing/visual_servoing.egg-info/top_level.txt
[1.221s] writing manifest file '../build/visual_servoing/visual_servoing.egg-info/SOURCES.txt'
[1.229s] reading manifest file '../build/visual_servoing/visual_servoing.egg-info/SOURCES.txt'
[1.233s] writing manifest file '../build/visual_servoing/visual_servoing.egg-info/SOURCES.txt'
[1.235s] running build
[1.235s] running build_py
[1.236s] creating /home/cc/ee106b/sp26/class/ee106b-aac/eeca106b-project/project1/src/build/visual_servoing/build
[1.237s] creating /home/cc/ee106b/sp26/class/ee106b-aac/eeca106b-project/project1/src/build/visual_servoing/build/lib
[1.239s] creating /home/cc/ee106b/sp26/class/ee106b-aac/eeca106b-project/project1/src/build/visual_servoing/build/lib/visual_servoing
[1.240s] copying visual_servoing/__init__.py -> /home/cc/ee106b/sp26/class/ee106b-aac/eeca106b-project/project1/src/build/visual_servoing/build/lib/visual_servoing
[1.243s] copying visual_servoing/controller.py -> /home/cc/ee106b/sp26/class/ee106b-aac/eeca106b-project/project1/src/build/visual_servoing/build/lib/visual_servoing
[1.246s] copying visual_servoing/main.py -> /home/cc/ee106b/sp26/class/ee106b-aac/eeca106b-project/project1/src/build/visual_servoing/build/lib/visual_servoing
[1.250s] copying visual_servoing/trajectories.py -> /home/cc/ee106b/sp26/class/ee106b-aac/eeca106b-project/project1/src/build/visual_servoing/build/lib/visual_servoing
[1.254s] running install
[1.255s] running install_lib
[1.257s] creating /home/cc/ee106b/sp26/class/ee106b-aac/eeca106b-project/project1/src/install/visual_servoing/lib/python3.10/site-packages/visual_servoing
[1.258s] copying /home/cc/ee106b/sp26/class/ee106b-aac/eeca106b-project/project1/src/build/visual_servoing/build/lib/visual_servoing/__init__.py -> /home/cc/ee106b/sp26/class/ee106b-aac/eeca106b-project/project1/src/install/visual_servoing/lib/python3.10/site-packages/visual_servoing
[1.261s] copying /home/cc/ee106b/sp26/class/ee106b-aac/eeca106b-project/project1/src/build/visual_servoing/build/lib/visual_servoing/controller.py -> /home/cc/ee106b/sp26/class/ee106b-aac/eeca106b-project/project1/src/install/visual_servoing/lib/python3.10/site-packages/visual_servoing
[1.267s] copying /home/cc/ee106b/sp26/class/ee106b-aac/eeca106b-project/project1/src/build/visual_servoing/build/lib/visual_servoing/main.py -> /home/cc/ee106b/sp26/class/ee106b-aac/eeca106b-project/project1/src/install/visual_servoing/lib/python3.10/site-packages/visual_servoing
[1.272s] copying /home/cc/ee106b/sp26/class/ee106b-aac/eeca106b-project/project1/src/build/visual_servoing/build/lib/visual_servoing/trajectories.py -> /home/cc/ee106b/sp26/class/ee106b-aac/eeca106b-project/project1/src/install/visual_servoing/lib/python3.10/site-packages/visual_servoing
[1.277s] byte-compiling /home/cc/ee106b/sp26/class/ee106b-aac/eeca106b-project/project1/src/install/visual_servoing/lib/python3.10/site-packages/visual_servoing/__init__.py to __init__.cpython-310.pyc
[1.281s] byte-compiling /home/cc/ee106b/sp26/class/ee106b-aac/eeca106b-project/project1/src/install/visual_servoing/lib/python3.10/site-packages/visual_servoing/controller.py to controller.cpython-310.pyc
[1.288s] byte-compiling /home/cc/ee106b/sp26/class/ee106b-aac/eeca106b-project/project1/src/install/visual_servoing/lib/python3.10/site-packages/visual_servoing/main.py to main.cpython-310.pyc
[1.298s] byte-compiling /home/cc/ee106b/sp26/class/ee106b-aac/eeca106b-project/project1/src/install/visual_servoing/lib/python3.10/site-packages/visual_servoing/trajectories.py to trajectories.cpython-310.pyc
[1.304s] running install_data
[1.305s] creating /home/cc/ee106b/sp26/class/ee106b-aac/eeca106b-project/project1/src/install/visual_servoing/share/ament_index
[1.306s] creating /home/cc/ee106b/sp26/class/ee106b-aac/eeca106b-project/project1/src/install/visual_servoing/share/ament_index/resource_index
[1.307s] creating /home/cc/ee106b/sp26/class/ee106b-aac/eeca106b-project/project1/src/install/visual_servoing/share/ament_index/resource_index/packages
[1.308s] copying resource/visual_servoing -> /home/cc/ee106b/sp26/class/ee106b-aac/eeca106b-project/project1/src/install/visual_servoing/share/ament_index/resource_index/packages
[1.311s] copying package.xml -> /home/cc/ee106b/sp26/class/ee106b-aac/eeca106b-project/project1/src/install/visual_servoing/share/visual_servoing
[1.315s] running install_egg_info
[1.321s] Copying ../build/visual_servoing/visual_servoing.egg-info to /home/cc/ee106b/sp26/class/ee106b-aac/eeca106b-project/project1/src/install/visual_servoing/lib/python3.10/site-packages/visual_servoing-0.0.0-py3.10.egg-info
[1.357s] running install_scripts
[1.391s] Installing main script to /home/cc/ee106b/sp26/class/ee106b-aac/eeca106b-project/project1/src/install/visual_servoing/lib/visual_servoing
[1.394s] writing list of installed files to '/home/cc/ee106b/sp26/class/ee106b-aac/eeca106b-project/project1/src/build/visual_servoing/install.log'
[1.411s] Invoked command in '/home/cc/ee106b/sp26/class/ee106b-aac/eeca106b-project/project1/src/visual_servoing' returned '0': PYTHONPATH=/home/cc/ee106b/sp26/class/ee106b-aac/eeca106b-project/project1/src/build/visual_servoing/prefix_override:/usr/lib/python3/dist-packages/colcon_core/task/python/colcon_distutils_commands:/home/cc/ee106b/sp26/class/ee106b-aac/eeca106b-project/project1/src/install/visual_servoing/lib/python3.10/site-packages:${PYTHONPATH} /usr/bin/python3 -W ignore:setup.py install is deprecated -W ignore:easy_install command is deprecated setup.py egg_info --egg-base ../build/visual_servoing build --build-base /home/cc/ee106b/sp26/class/ee106b-aac/eeca106b-project/project1/src/build/visual_servoing/build install --record /home/cc/ee106b/sp26/class/ee106b-aac/eeca106b-project/project1/src/build/visual_servoing/install.log --single-version-externally-managed install_data
