[0.172s] DEBUG:colcon:Command line arguments: ['/usr/bin/colcon', 'build']
[0.172s] DEBUG:colcon:Parsed command line arguments: Namespace(log_base=None, log_level=None, verb_name='build', build_base='build', install_base='install', merge_install=False, symlink_install=False, test_result_base=None, continue_on_error=False, executor='parallel', parallel_workers=32, event_handlers=None, ignore_user_meta=False, metas=['./colcon.meta'], base_paths=['.'], packages_ignore=None, packages_ignore_regex=None, paths=None, packages_up_to=None, packages_up_to_regex=None, packages_above=None, packages_above_and_dependencies=None, packages_above_depth=None, packages_select_by_dep=None, packages_skip_by_dep=None, packages_skip_up_to=None, packages_select_build_failed=False, packages_skip_build_finished=False, packages_select_test_failures=False, packages_skip_test_passed=False, packages_select=None, packages_skip=None, packages_select_regex=None, packages_skip_regex=None, packages_start=None, packages_end=None, cmake_args=None, cmake_target=None, cmake_target_skip_unavailable=False, cmake_clean_cache=False, cmake_clean_first=False, cmake_force_configure=False, ament_cmake_args=None, catkin_cmake_args=None, catkin_skip_building_tests=False, mixin_files=None, mixin=None, verb_parser=<colcon_mixin.mixin.mixin_argument.MixinArgumentDecorator object at 0x79f373ac5240>, verb_extension=<colcon_core.verb.build.BuildVerb object at 0x79f373bbe140>, main=<bound method BuildVerb.main of <colcon_core.verb.build.BuildVerb object at 0x79f373bbe140>>, mixin_verb=('build',))
[0.362s] Level 1:colcon.colcon_core.package_discovery:discover_packages(colcon_meta) check parameters
[0.362s] Level 1:colcon.colcon_core.package_discovery:discover_packages(recursive) check parameters
[0.363s] Level 1:colcon.colcon_core.package_discovery:discover_packages(ignore) check parameters
[0.363s] Level 1:colcon.colcon_core.package_discovery:discover_packages(path) check parameters
[0.363s] Level 1:colcon.colcon_core.package_discovery:discover_packages(colcon_meta) discover
[0.363s] Level 1:colcon.colcon_core.package_discovery:discover_packages(recursive) discover
[0.363s] INFO:colcon.colcon_core.package_discovery:Crawling recursively for packages in '/home/cc/ee106b/sp26/class/ee106b-aac/eeca106b-project'
[0.364s] Level 1:colcon.colcon_core.package_identification:_identify(.) by extensions ['ignore', 'ignore_ament_install']
[0.364s] Level 1:colcon.colcon_core.package_identification:_identify(.) by extension 'ignore'
[0.365s] Level 1:colcon.colcon_core.package_identification:_identify(.) by extension 'ignore_ament_install'
[0.366s] Level 1:colcon.colcon_core.package_identification:_identify(.) by extensions ['colcon_pkg']
[0.366s] Level 1:colcon.colcon_core.package_identification:_identify(.) by extension 'colcon_pkg'
[0.366s] Level 1:colcon.colcon_core.package_identification:_identify(.) by extensions ['colcon_meta']
[0.366s] Level 1:colcon.colcon_core.package_identification:_identify(.) by extension 'colcon_meta'
[0.366s] Level 1:colcon.colcon_core.package_identification:_identify(.) by extensions ['ros']
[0.367s] Level 1:colcon.colcon_core.package_identification:_identify(.) by extension 'ros'
[0.377s] Level 1:colcon.colcon_core.package_identification:_identify(.) by extensions ['cmake', 'python']
[0.377s] Level 1:colcon.colcon_core.package_identification:_identify(.) by extension 'cmake'
[0.377s] Level 1:colcon.colcon_core.package_identification:_identify(.) by extension 'python'
[0.377s] Level 1:colcon.colcon_core.package_identification:_identify(.) by extensions ['python_setup_py']
[0.377s] Level 1:colcon.colcon_core.package_identification:_identify(.) by extension 'python_setup_py'
[0.378s] Level 1:colcon.colcon_core.package_identification:_identify(106b-sp26-labs-starter) by extensions ['ignore', 'ignore_ament_install']
[0.378s] Level 1:colcon.colcon_core.package_identification:_identify(106b-sp26-labs-starter) by extension 'ignore'
[0.379s] Level 1:colcon.colcon_core.package_identification:_identify(106b-sp26-labs-starter) by extension 'ignore_ament_install'
[0.380s] Level 1:colcon.colcon_core.package_identification:_identify(106b-sp26-labs-starter) by extensions ['colcon_pkg']
[0.380s] Level 1:colcon.colcon_core.package_identification:_identify(106b-sp26-labs-starter) by extension 'colcon_pkg'
[0.380s] Level 1:colcon.colcon_core.package_identification:_identify(106b-sp26-labs-starter) by extensions ['colcon_meta']
[0.380s] Level 1:colcon.colcon_core.package_identification:_identify(106b-sp26-labs-starter) by extension 'colcon_meta'
[0.380s] Level 1:colcon.colcon_core.package_identification:_identify(106b-sp26-labs-starter) by extensions ['ros']
[0.380s] Level 1:colcon.colcon_core.package_identification:_identify(106b-sp26-labs-starter) by extension 'ros'
[0.381s] Level 1:colcon.colcon_core.package_identification:_identify(106b-sp26-labs-starter) by extensions ['cmake', 'python']
[0.382s] Level 1:colcon.colcon_core.package_identification:_identify(106b-sp26-labs-starter) by extension 'cmake'
[0.382s] Level 1:colcon.colcon_core.package_identification:_identify(106b-sp26-labs-starter) by extension 'python'
[0.382s] Level 1:colcon.colcon_core.package_identification:_identify(106b-sp26-labs-starter) by extensions ['python_setup_py']
[0.382s] Level 1:colcon.colcon_core.package_identification:_identify(106b-sp26-labs-starter) by extension 'python_setup_py'
[0.383s] Level 1:colcon.colcon_core.package_identification:_identify(106b-sp26-labs-starter/106b-sp26-labs-starter) by extensions ['ignore', 'ignore_ament_install']
[0.383s] Level 1:colcon.colcon_core.package_identification:_identify(106b-sp26-labs-starter/106b-sp26-labs-starter) by extension 'ignore'
[0.384s] Level 1:colcon.colcon_core.package_identification:_identify(106b-sp26-labs-starter/106b-sp26-labs-starter) by extension 'ignore_ament_install'
[0.385s] Level 1:colcon.colcon_core.package_identification:_identify(106b-sp26-labs-starter/106b-sp26-labs-starter) by extensions ['colcon_pkg']
[0.385s] Level 1:colcon.colcon_core.package_identification:_identify(106b-sp26-labs-starter/106b-sp26-labs-starter) by extension 'colcon_pkg'
[0.385s] Level 1:colcon.colcon_core.package_identification:_identify(106b-sp26-labs-starter/106b-sp26-labs-starter) by extensions ['colcon_meta']
[0.385s] Level 1:colcon.colcon_core.package_identification:_identify(106b-sp26-labs-starter/106b-sp26-labs-starter) by extension 'colcon_meta'
[0.385s] Level 1:colcon.colcon_core.package_identification:_identify(106b-sp26-labs-starter/106b-sp26-labs-starter) by extensions ['ros']
[0.385s] Level 1:colcon.colcon_core.package_identification:_identify(106b-sp26-labs-starter/106b-sp26-labs-starter) by extension 'ros'
[0.387s] Level 1:colcon.colcon_core.package_identification:_identify(106b-sp26-labs-starter/106b-sp26-labs-starter) by extensions ['cmake', 'python']
[0.387s] Level 1:colcon.colcon_core.package_identification:_identify(106b-sp26-labs-starter/106b-sp26-labs-starter) by extension 'cmake'
[0.387s] Level 1:colcon.colcon_core.package_identification:_identify(106b-sp26-labs-starter/106b-sp26-labs-starter) by extension 'python'
[0.387s] Level 1:colcon.colcon_core.package_identification:_identify(106b-sp26-labs-starter/106b-sp26-labs-starter) by extensions ['python_setup_py']
[0.388s] Level 1:colcon.colcon_core.package_identification:_identify(106b-sp26-labs-starter/106b-sp26-labs-starter) by extension 'python_setup_py'
[0.388s] Level 1:colcon.colcon_core.package_identification:_identify(106b-sp26-labs-starter/build) by extensions ['ignore', 'ignore_ament_install']
[0.388s] Level 1:colcon.colcon_core.package_identification:_identify(106b-sp26-labs-starter/build) by extension 'ignore'
[0.389s] Level 1:colcon.colcon_core.package_identification:_identify(106b-sp26-labs-starter/build) ignored
[0.390s] Level 1:colcon.colcon_core.package_identification:_identify(106b-sp26-labs-starter/images) by extensions ['ignore', 'ignore_ament_install']
[0.390s] Level 1:colcon.colcon_core.package_identification:_identify(106b-sp26-labs-starter/images) by extension 'ignore'
[0.390s] Level 1:colcon.colcon_core.package_identification:_identify(106b-sp26-labs-starter/images) by extension 'ignore_ament_install'
[0.391s] Level 1:colcon.colcon_core.package_identification:_identify(106b-sp26-labs-starter/images) by extensions ['colcon_pkg']
[0.391s] Level 1:colcon.colcon_core.package_identification:_identify(106b-sp26-labs-starter/images) by extension 'colcon_pkg'
[0.392s] Level 1:colcon.colcon_core.package_identification:_identify(106b-sp26-labs-starter/images) by extensions ['colcon_meta']
[0.392s] Level 1:colcon.colcon_core.package_identification:_identify(106b-sp26-labs-starter/images) by extension 'colcon_meta'
[0.392s] Level 1:colcon.colcon_core.package_identification:_identify(106b-sp26-labs-starter/images) by extensions ['ros']
[0.392s] Level 1:colcon.colcon_core.package_identification:_identify(106b-sp26-labs-starter/images) by extension 'ros'
[0.393s] Level 1:colcon.colcon_core.package_identification:_identify(106b-sp26-labs-starter/images) by extensions ['cmake', 'python']
[0.393s] Level 1:colcon.colcon_core.package_identification:_identify(106b-sp26-labs-starter/images) by extension 'cmake'
[0.394s] Level 1:colcon.colcon_core.package_identification:_identify(106b-sp26-labs-starter/images) by extension 'python'
[0.394s] Level 1:colcon.colcon_core.package_identification:_identify(106b-sp26-labs-starter/images) by extensions ['python_setup_py']
[0.394s] Level 1:colcon.colcon_core.package_identification:_identify(106b-sp26-labs-starter/images) by extension 'python_setup_py'
[0.395s] Level 1:colcon.colcon_core.package_identification:_identify(106b-sp26-labs-starter/images/circle) by extensions ['ignore', 'ignore_ament_install']
[0.395s] Level 1:colcon.colcon_core.package_identification:_identify(106b-sp26-labs-starter/images/circle) by extension 'ignore'
[0.396s] Level 1:colcon.colcon_core.package_identification:_identify(106b-sp26-labs-starter/images/circle) by extension 'ignore_ament_install'
[0.397s] Level 1:colcon.colcon_core.package_identification:_identify(106b-sp26-labs-starter/images/circle) by extensions ['colcon_pkg']
[0.397s] Level 1:colcon.colcon_core.package_identification:_identify(106b-sp26-labs-starter/images/circle) by extension 'colcon_pkg'
[0.397s] Level 1:colcon.colcon_core.package_identification:_identify(106b-sp26-labs-starter/images/circle) by extensions ['colcon_meta']
[0.397s] Level 1:colcon.colcon_core.package_identification:_identify(106b-sp26-labs-starter/images/circle) by extension 'colcon_meta'
[0.397s] Level 1:colcon.colcon_core.package_identification:_identify(106b-sp26-labs-starter/images/circle) by extensions ['ros']
[0.397s] Level 1:colcon.colcon_core.package_identification:_identify(106b-sp26-labs-starter/images/circle) by extension 'ros'
[0.399s] Level 1:colcon.colcon_core.package_identification:_identify(106b-sp26-labs-starter/images/circle) by extensions ['cmake', 'python']
[0.399s] Level 1:colcon.colcon_core.package_identification:_identify(106b-sp26-labs-starter/images/circle) by extension 'cmake'
[0.399s] Level 1:colcon.colcon_core.package_identification:_identify(106b-sp26-labs-starter/images/circle) by extension 'python'
[0.400s] Level 1:colcon.colcon_core.package_identification:_identify(106b-sp26-labs-starter/images/circle) by extensions ['python_setup_py']
[0.400s] Level 1:colcon.colcon_core.package_identification:_identify(106b-sp26-labs-starter/images/circle) by extension 'python_setup_py'
[0.401s] Level 1:colcon.colcon_core.package_identification:_identify(106b-sp26-labs-starter/images/line) by extensions ['ignore', 'ignore_ament_install']
[0.401s] Level 1:colcon.colcon_core.package_identification:_identify(106b-sp26-labs-starter/images/line) by extension 'ignore'
[0.401s] Level 1:colcon.colcon_core.package_identification:_identify(106b-sp26-labs-starter/images/line) by extension 'ignore_ament_install'
[0.402s] Level 1:colcon.colcon_core.package_identification:_identify(106b-sp26-labs-starter/images/line) by extensions ['colcon_pkg']
[0.402s] Level 1:colcon.colcon_core.package_identification:_identify(106b-sp26-labs-starter/images/line) by extension 'colcon_pkg'
[0.403s] Level 1:colcon.colcon_core.package_identification:_identify(106b-sp26-labs-starter/images/line) by extensions ['colcon_meta']
[0.403s] Level 1:colcon.colcon_core.package_identification:_identify(106b-sp26-labs-starter/images/line) by extension 'colcon_meta'
[0.403s] Level 1:colcon.colcon_core.package_identification:_identify(106b-sp26-labs-starter/images/line) by extensions ['ros']
[0.404s] Level 1:colcon.colcon_core.package_identification:_identify(106b-sp26-labs-starter/images/line) by extension 'ros'
[0.405s] Level 1:colcon.colcon_core.package_identification:_identify(106b-sp26-labs-starter/images/line) by extensions ['cmake', 'python']
[0.405s] Level 1:colcon.colcon_core.package_identification:_identify(106b-sp26-labs-starter/images/line) by extension 'cmake'
[0.405s] Level 1:colcon.colcon_core.package_identification:_identify(106b-sp26-labs-starter/images/line) by extension 'python'
[0.406s] Level 1:colcon.colcon_core.package_identification:_identify(106b-sp26-labs-starter/images/line) by extensions ['python_setup_py']
[0.406s] Level 1:colcon.colcon_core.package_identification:_identify(106b-sp26-labs-starter/images/line) by extension 'python_setup_py'
[0.407s] Level 1:colcon.colcon_core.package_identification:_identify(106b-sp26-labs-starter/install) by extensions ['ignore', 'ignore_ament_install']
[0.407s] Level 1:colcon.colcon_core.package_identification:_identify(106b-sp26-labs-starter/install) by extension 'ignore'
[0.407s] Level 1:colcon.colcon_core.package_identification:_identify(106b-sp26-labs-starter/install) ignored
[0.409s] Level 1:colcon.colcon_core.package_identification:_identify(106b-sp26-labs-starter/log) by extensions ['ignore', 'ignore_ament_install']
[0.409s] Level 1:colcon.colcon_core.package_identification:_identify(106b-sp26-labs-starter/log) by extension 'ignore'
[0.410s] Level 1:colcon.colcon_core.package_identification:_identify(106b-sp26-labs-starter/log) ignored
[0.411s] Level 1:colcon.colcon_core.package_identification:_identify(106b-sp26-labs-starter/project1) by extensions ['ignore', 'ignore_ament_install']
[0.411s] Level 1:colcon.colcon_core.package_identification:_identify(106b-sp26-labs-starter/project1) by extension 'ignore'
[0.412s] Level 1:colcon.colcon_core.package_identification:_identify(106b-sp26-labs-starter/project1) by extension 'ignore_ament_install'
[0.412s] Level 1:colcon.colcon_core.package_identification:_identify(106b-sp26-labs-starter/project1) by extensions ['colcon_pkg']
[0.412s] Level 1:colcon.colcon_core.package_identification:_identify(106b-sp26-labs-starter/project1) by extension 'colcon_pkg'
[0.413s] Level 1:colcon.colcon_core.package_identification:_identify(106b-sp26-labs-starter/project1) by extensions ['colcon_meta']
[0.413s] Level 1:colcon.colcon_core.package_identification:_identify(106b-sp26-labs-starter/project1) by extension 'colcon_meta'
[0.413s] Level 1:colcon.colcon_core.package_identification:_identify(106b-sp26-labs-starter/project1) by extensions ['ros']
[0.413s] Level 1:colcon.colcon_core.package_identification:_identify(106b-sp26-labs-starter/project1) by extension 'ros'
[0.415s] Level 1:colcon.colcon_core.package_identification:_identify(106b-sp26-labs-starter/project1) by extensions ['cmake', 'python']
[0.415s] Level 1:colcon.colcon_core.package_identification:_identify(106b-sp26-labs-starter/project1) by extension 'cmake'
[0.415s] Level 1:colcon.colcon_core.package_identification:_identify(106b-sp26-labs-starter/project1) by extension 'python'
[0.416s] Level 1:colcon.colcon_core.package_identification:_identify(106b-sp26-labs-starter/project1) by extensions ['python_setup_py']
[0.416s] Level 1:colcon.colcon_core.package_identification:_identify(106b-sp26-labs-starter/project1) by extension 'python_setup_py'
[0.417s] Level 1:colcon.colcon_core.package_identification:_identify(106b-sp26-labs-starter/project1/build) by extensions ['ignore', 'ignore_ament_install']
[0.417s] Level 1:colcon.colcon_core.package_identification:_identify(106b-sp26-labs-starter/project1/build) by extension 'ignore'
[0.418s] Level 1:colcon.colcon_core.package_identification:_identify(106b-sp26-labs-starter/project1/build) ignored
[0.419s] Level 1:colcon.colcon_core.package_identification:_identify(106b-sp26-labs-starter/project1/install) by extensions ['ignore', 'ignore_ament_install']
[0.419s] Level 1:colcon.colcon_core.package_identification:_identify(106b-sp26-labs-starter/project1/install) by extension 'ignore'
[0.420s] Level 1:colcon.colcon_core.package_identification:_identify(106b-sp26-labs-starter/project1/install) ignored
[0.421s] Level 1:colcon.colcon_core.package_identification:_identify(106b-sp26-labs-starter/project1/log) by extensions ['ignore', 'ignore_ament_install']
[0.421s] Level 1:colcon.colcon_core.package_identification:_identify(106b-sp26-labs-starter/project1/log) by extension 'ignore'
[0.422s] Level 1:colcon.colcon_core.package_identification:_identify(106b-sp26-labs-starter/project1/log) ignored
[0.423s] Level 1:colcon.colcon_core.package_identification:_identify(106b-sp26-labs-starter/project1/src) by extensions ['ignore', 'ignore_ament_install']
[0.423s] Level 1:colcon.colcon_core.package_identification:_identify(106b-sp26-labs-starter/project1/src) by extension 'ignore'
[0.424s] Level 1:colcon.colcon_core.package_identification:_identify(106b-sp26-labs-starter/project1/src) by extension 'ignore_ament_install'
[0.425s] Level 1:colcon.colcon_core.package_identification:_identify(106b-sp26-labs-starter/project1/src) by extensions ['colcon_pkg']
[0.425s] Level 1:colcon.colcon_core.package_identification:_identify(106b-sp26-labs-starter/project1/src) by extension 'colcon_pkg'
[0.425s] Level 1:colcon.colcon_core.package_identification:_identify(106b-sp26-labs-starter/project1/src) by extensions ['colcon_meta']
[0.425s] Level 1:colcon.colcon_core.package_identification:_identify(106b-sp26-labs-starter/project1/src) by extension 'colcon_meta'
[0.426s] Level 1:colcon.colcon_core.package_identification:_identify(106b-sp26-labs-starter/project1/src) by extensions ['ros']
[0.426s] Level 1:colcon.colcon_core.package_identification:_identify(106b-sp26-labs-starter/project1/src) by extension 'ros'
[0.427s] Level 1:colcon.colcon_core.package_identification:_identify(106b-sp26-labs-starter/project1/src) by extensions ['cmake', 'python']
[0.427s] Level 1:colcon.colcon_core.package_identification:_identify(106b-sp26-labs-starter/project1/src) by extension 'cmake'
[0.428s] Level 1:colcon.colcon_core.package_identification:_identify(106b-sp26-labs-starter/project1/src) by extension 'python'
[0.428s] Level 1:colcon.colcon_core.package_identification:_identify(106b-sp26-labs-starter/project1/src) by extensions ['python_setup_py']
[0.428s] Level 1:colcon.colcon_core.package_identification:_identify(106b-sp26-labs-starter/project1/src) by extension 'python_setup_py'
[0.429s] Level 1:colcon.colcon_core.package_identification:_identify(106b-sp26-labs-starter/project1/src/ros2_aruco) by extensions ['ignore', 'ignore_ament_install']
[0.429s] Level 1:colcon.colcon_core.package_identification:_identify(106b-sp26-labs-starter/project1/src/ros2_aruco) by extension 'ignore'
[0.430s] Level 1:colcon.colcon_core.package_identification:_identify(106b-sp26-labs-starter/project1/src/ros2_aruco) by extension 'ignore_ament_install'
[0.431s] Level 1:colcon.colcon_core.package_identification:_identify(106b-sp26-labs-starter/project1/src/ros2_aruco) by extensions ['colcon_pkg']
[0.431s] Level 1:colcon.colcon_core.package_identification:_identify(106b-sp26-labs-starter/project1/src/ros2_aruco) by extension 'colcon_pkg'
[0.431s] Level 1:colcon.colcon_core.package_identification:_identify(106b-sp26-labs-starter/project1/src/ros2_aruco) by extensions ['colcon_meta']
[0.431s] Level 1:colcon.colcon_core.package_identification:_identify(106b-sp26-labs-starter/project1/src/ros2_aruco) by extension 'colcon_meta'
[0.431s] Level 1:colcon.colcon_core.package_identification:_identify(106b-sp26-labs-starter/project1/src/ros2_aruco) by extensions ['ros']
[0.432s] Level 1:colcon.colcon_core.package_identification:_identify(106b-sp26-labs-starter/project1/src/ros2_aruco) by extension 'ros'
[0.439s] DEBUG:colcon.colcon_core.package_identification:Package '106b-sp26-labs-starter/project1/src/ros2_aruco' with type 'ros.ament_python' and name 'ros2_aruco'
[0.440s] Level 1:colcon.colcon_core.package_identification:_identify(106b-sp26-labs-starter/project1/src/ros2_aruco_interfaces) by extensions ['ignore', 'ignore_ament_install']
[0.440s] Level 1:colcon.colcon_core.package_identification:_identify(106b-sp26-labs-starter/project1/src/ros2_aruco_interfaces) by extension 'ignore'
[0.440s] Level 1:colcon.colcon_core.package_identification:_identify(106b-sp26-labs-starter/project1/src/ros2_aruco_interfaces) by extension 'ignore_ament_install'
[0.441s] Level 1:colcon.colcon_core.package_identification:_identify(106b-sp26-labs-starter/project1/src/ros2_aruco_interfaces) by extensions ['colcon_pkg']
[0.441s] Level 1:colcon.colcon_core.package_identification:_identify(106b-sp26-labs-starter/project1/src/ros2_aruco_interfaces) by extension 'colcon_pkg'
[0.442s] Level 1:colcon.colcon_core.package_identification:_identify(106b-sp26-labs-starter/project1/src/ros2_aruco_interfaces) by extensions ['colcon_meta']
[0.442s] Level 1:colcon.colcon_core.package_identification:_identify(106b-sp26-labs-starter/project1/src/ros2_aruco_interfaces) by extension 'colcon_meta'
[0.442s] Level 1:colcon.colcon_core.package_identification:_identify(106b-sp26-labs-starter/project1/src/ros2_aruco_interfaces) by extensions ['ros']
[0.442s] Level 1:colcon.colcon_core.package_identification:_identify(106b-sp26-labs-starter/project1/src/ros2_aruco_interfaces) by extension 'ros'
[0.446s] DEBUG:colcon.colcon_core.package_identification:Package '106b-sp26-labs-starter/project1/src/ros2_aruco_interfaces' with type 'ros.ament_cmake' and name 'ros2_aruco_interfaces'
[0.447s] Level 1:colcon.colcon_core.package_identification:_identify(106b-sp26-labs-starter/project1/src/visual_servoing) by extensions ['ignore', 'ignore_ament_install']
[0.447s] Level 1:colcon.colcon_core.package_identification:_identify(106b-sp26-labs-starter/project1/src/visual_servoing) by extension 'ignore'
[0.447s] Level 1:colcon.colcon_core.package_identification:_identify(106b-sp26-labs-starter/project1/src/visual_servoing) by extension 'ignore_ament_install'
[0.448s] Level 1:colcon.colcon_core.package_identification:_identify(106b-sp26-labs-starter/project1/src/visual_servoing) by extensions ['colcon_pkg']
[0.448s] Level 1:colcon.colcon_core.package_identification:_identify(106b-sp26-labs-starter/project1/src/visual_servoing) by extension 'colcon_pkg'
[0.449s] Level 1:colcon.colcon_core.package_identification:_identify(106b-sp26-labs-starter/project1/src/visual_servoing) by extensions ['colcon_meta']
[0.449s] Level 1:colcon.colcon_core.package_identification:_identify(106b-sp26-labs-starter/project1/src/visual_servoing) by extension 'colcon_meta'
[0.449s] Level 1:colcon.colcon_core.package_identification:_identify(106b-sp26-labs-starter/project1/src/visual_servoing) by extensions ['ros']
[0.449s] Level 1:colcon.colcon_core.package_identification:_identify(106b-sp26-labs-starter/project1/src/visual_servoing) by extension 'ros'
[0.452s] DEBUG:colcon.colcon_core.package_identification:Package '106b-sp26-labs-starter/project1/src/visual_servoing' with type 'ros.ament_python' and name 'visual_servoing'
[0.453s] Level 1:colcon.colcon_core.package_identification:_identify(build) by extensions ['ignore', 'ignore_ament_install']
[0.454s] Level 1:colcon.colcon_core.package_identification:_identify(build) by extension 'ignore'
[0.454s] Level 1:colcon.colcon_core.package_identification:_identify(build) ignored
[0.456s] Level 1:colcon.colcon_core.package_identification:_identify(install) by extensions ['ignore', 'ignore_ament_install']
[0.456s] Level 1:colcon.colcon_core.package_identification:_identify(install) by extension 'ignore'
[0.456s] Level 1:colcon.colcon_core.package_identification:_identify(install) ignored
[0.457s] Level 1:colcon.colcon_core.package_identification:_identify(log) by extensions ['ignore', 'ignore_ament_install']
[0.457s] Level 1:colcon.colcon_core.package_identification:_identify(log) by extension 'ignore'
[0.458s] Level 1:colcon.colcon_core.package_identification:_identify(log) ignored
[0.459s] Level 1:colcon.colcon_core.package_identification:_identify(project1) by extensions ['ignore', 'ignore_ament_install']
[0.459s] Level 1:colcon.colcon_core.package_identification:_identify(project1) by extension 'ignore'
[0.460s] Level 1:colcon.colcon_core.package_identification:_identify(project1) by extension 'ignore_ament_install'
[0.461s] Level 1:colcon.colcon_core.package_identification:_identify(project1) by extensions ['colcon_pkg']
[0.461s] Level 1:colcon.colcon_core.package_identification:_identify(project1) by extension 'colcon_pkg'
[0.461s] Level 1:colcon.colcon_core.package_identification:_identify(project1) by extensions ['colcon_meta']
[0.461s] Level 1:colcon.colcon_core.package_identification:_identify(project1) by extension 'colcon_meta'
[0.461s] Level 1:colcon.colcon_core.package_identification:_identify(project1) by extensions ['ros']
[0.462s] Level 1:colcon.colcon_core.package_identification:_identify(project1) by extension 'ros'
[0.463s] Level 1:colcon.colcon_core.package_identification:_identify(project1) by extensions ['cmake', 'python']
[0.463s] Level 1:colcon.colcon_core.package_identification:_identify(project1) by extension 'cmake'
[0.463s] Level 1:colcon.colcon_core.package_identification:_identify(project1) by extension 'python'
[0.464s] Level 1:colcon.colcon_core.package_identification:_identify(project1) by extensions ['python_setup_py']
[0.464s] Level 1:colcon.colcon_core.package_identification:_identify(project1) by extension 'python_setup_py'
[0.465s] Level 1:colcon.colcon_core.package_identification:_identify(project1/build) by extensions ['ignore', 'ignore_ament_install']
[0.465s] Level 1:colcon.colcon_core.package_identification:_identify(project1/build) by extension 'ignore'
[0.466s] Level 1:colcon.colcon_core.package_identification:_identify(project1/build) ignored
[0.467s] Level 1:colcon.colcon_core.package_identification:_identify(project1/install) by extensions ['ignore', 'ignore_ament_install']
[0.467s] Level 1:colcon.colcon_core.package_identification:_identify(project1/install) by extension 'ignore'
[0.467s] Level 1:colcon.colcon_core.package_identification:_identify(project1/install) ignored
[0.469s] Level 1:colcon.colcon_core.package_identification:_identify(project1/log) by extensions ['ignore', 'ignore_ament_install']
[0.469s] Level 1:colcon.colcon_core.package_identification:_identify(project1/log) by extension 'ignore'
[0.470s] Level 1:colcon.colcon_core.package_identification:_identify(project1/log) ignored
[0.471s] Level 1:colcon.colcon_core.package_identification:_identify(project1/src) by extensions ['ignore', 'ignore_ament_install']
[0.471s] Level 1:colcon.colcon_core.package_identification:_identify(project1/src) by extension 'ignore'
[0.472s] Level 1:colcon.colcon_core.package_identification:_identify(project1/src) by extension 'ignore_ament_install'
[0.473s] Level 1:colcon.colcon_core.package_identification:_identify(project1/src) by extensions ['colcon_pkg']
[0.473s] Level 1:colcon.colcon_core.package_identification:_identify(project1/src) by extension 'colcon_pkg'
[0.473s] Level 1:colcon.colcon_core.package_identification:_identify(project1/src) by extensions ['colcon_meta']
[0.473s] Level 1:colcon.colcon_core.package_identification:_identify(project1/src) by extension 'colcon_meta'
[0.474s] Level 1:colcon.colcon_core.package_identification:_identify(project1/src) by extensions ['ros']
[0.474s] Level 1:colcon.colcon_core.package_identification:_identify(project1/src) by extension 'ros'
[0.475s] Level 1:colcon.colcon_core.package_identification:_identify(project1/src) by extensions ['cmake', 'python']
[0.476s] Level 1:colcon.colcon_core.package_identification:_identify(project1/src) by extension 'cmake'
[0.476s] Level 1:colcon.colcon_core.package_identification:_identify(project1/src) by extension 'python'
[0.476s] Level 1:colcon.colcon_core.package_identification:_identify(project1/src) by extensions ['python_setup_py']
[0.477s] Level 1:colcon.colcon_core.package_identification:_identify(project1/src) by extension 'python_setup_py'
[0.478s] Level 1:colcon.colcon_core.package_identification:_identify(project1/src/ros2_aruco) by extensions ['ignore', 'ignore_ament_install']
[0.478s] Level 1:colcon.colcon_core.package_identification:_identify(project1/src/ros2_aruco) by extension 'ignore'
[0.479s] Level 1:colcon.colcon_core.package_identification:_identify(project1/src/ros2_aruco) by extension 'ignore_ament_install'
[0.480s] Level 1:colcon.colcon_core.package_identification:_identify(project1/src/ros2_aruco) by extensions ['colcon_pkg']
[0.480s] Level 1:colcon.colcon_core.package_identification:_identify(project1/src/ros2_aruco) by extension 'colcon_pkg'
[0.480s] Level 1:colcon.colcon_core.package_identification:_identify(project1/src/ros2_aruco) by extensions ['colcon_meta']
[0.481s] Level 1:colcon.colcon_core.package_identification:_identify(project1/src/ros2_aruco) by extension 'colcon_meta'
[0.481s] Level 1:colcon.colcon_core.package_identification:_identify(project1/src/ros2_aruco) by extensions ['ros']
[0.481s] Level 1:colcon.colcon_core.package_identification:_identify(project1/src/ros2_aruco) by extension 'ros'
[0.494s] DEBUG:colcon.colcon_core.package_identification:Package 'project1/src/ros2_aruco' with type 'ros.ament_python' and name 'ros2_aruco'
[0.495s] Level 1:colcon.colcon_core.package_identification:_identify(project1/src/ros2_aruco_interfaces) by extensions ['ignore', 'ignore_ament_install']
[0.495s] Level 1:colcon.colcon_core.package_identification:_identify(project1/src/ros2_aruco_interfaces) by extension 'ignore'
[0.496s] Level 1:colcon.colcon_core.package_identification:_identify(project1/src/ros2_aruco_interfaces) by extension 'ignore_ament_install'
[0.497s] Level 1:colcon.colcon_core.package_identification:_identify(project1/src/ros2_aruco_interfaces) by extensions ['colcon_pkg']
[0.497s] Level 1:colcon.colcon_core.package_identification:_identify(project1/src/ros2_aruco_interfaces) by extension 'colcon_pkg'
[0.497s] Level 1:colcon.colcon_core.package_identification:_identify(project1/src/ros2_aruco_interfaces) by extensions ['colcon_meta']
[0.498s] Level 1:colcon.colcon_core.package_identification:_identify(project1/src/ros2_aruco_interfaces) by extension 'colcon_meta'
[0.498s] Level 1:colcon.colcon_core.package_identification:_identify(project1/src/ros2_aruco_interfaces) by extensions ['ros']
[0.498s] Level 1:colcon.colcon_core.package_identification:_identify(project1/src/ros2_aruco_interfaces) by extension 'ros'
[0.502s] DEBUG:colcon.colcon_core.package_identification:Package 'project1/src/ros2_aruco_interfaces' with type 'ros.ament_cmake' and name 'ros2_aruco_interfaces'
[0.503s] Level 1:colcon.colcon_core.package_identification:_identify(project1/src/visual_servoing) by extensions ['ignore', 'ignore_ament_install']
[0.503s] Level 1:colcon.colcon_core.package_identification:_identify(project1/src/visual_servoing) by extension 'ignore'
[0.503s] Level 1:colcon.colcon_core.package_identification:_identify(project1/src/visual_servoing) by extension 'ignore_ament_install'
[0.504s] Level 1:colcon.colcon_core.package_identification:_identify(project1/src/visual_servoing) by extensions ['colcon_pkg']
[0.504s] Level 1:colcon.colcon_core.package_identification:_identify(project1/src/visual_servoing) by extension 'colcon_pkg'
[0.505s] Level 1:colcon.colcon_core.package_identification:_identify(project1/src/visual_servoing) by extensions ['colcon_meta']
[0.505s] Level 1:colcon.colcon_core.package_identification:_identify(project1/src/visual_servoing) by extension 'colcon_meta'
[0.505s] Level 1:colcon.colcon_core.package_identification:_identify(project1/src/visual_servoing) by extensions ['ros']
[0.506s] Level 1:colcon.colcon_core.package_identification:_identify(project1/src/visual_servoing) by extension 'ros'
[0.518s] DEBUG:colcon.colcon_core.package_identification:Package 'project1/src/visual_servoing' with type 'ros.ament_python' and name 'visual_servoing'
[0.518s] Level 1:colcon.colcon_core.package_discovery:discover_packages(recursive) using defaults
[0.518s] Level 1:colcon.colcon_core.package_discovery:discover_packages(ignore) discover
[0.518s] Level 1:colcon.colcon_core.package_discovery:discover_packages(ignore) using defaults
[0.518s] Level 1:colcon.colcon_core.package_discovery:discover_packages(path) discover
[0.519s] Level 1:colcon.colcon_core.package_discovery:discover_packages(path) using defaults
[0.554s] ERROR:colcon:colcon build: Duplicate package names not supported:
- ros2_aruco:
  - 106b-sp26-labs-starter/project1/src/ros2_aruco
  - project1/src/ros2_aruco
- ros2_aruco_interfaces:
  - 106b-sp26-labs-starter/project1/src/ros2_aruco_interfaces
  - project1/src/ros2_aruco_interfaces
- visual_servoing:
  - 106b-sp26-labs-starter/project1/src/visual_servoing
  - project1/src/visual_servoing
