[0.617s] Invoking command in '/home/cc/ee106b/sp26/class/ee106b-aac/eeca106b-project/project3/starter/src/plannedcntrl': PYTHONPATH=/home/cc/ee106b/sp26/class/ee106b-aac/eeca106b-project/project3/starter/src/plannedcntrl/build/plannedcntrl/prefix_override:/usr/lib/python3/dist-packages/colcon_core/task/python/colcon_distutils_commands:/home/cc/ee106b/sp26/class/ee106b-aac/eeca106b-project/project3/starter/src/plannedcntrl/install/plannedcntrl/lib/python3.10/site-packages:${PYTHONPATH} /usr/bin/python3 -W ignore:setup.py install is deprecated -W ignore:easy_install command is deprecated setup.py egg_info --egg-base build/plannedcntrl build --build-base /home/cc/ee106b/sp26/class/ee106b-aac/eeca106b-project/project3/starter/src/plannedcntrl/build/plannedcntrl/build install --record /home/cc/ee106b/sp26/class/ee106b-aac/eeca106b-project/project3/starter/src/plannedcntrl/build/plannedcntrl/install.log --single-version-externally-managed install_data
[0.817s] running egg_info
[0.818s] writing build/plannedcntrl/plannedcntrl.egg-info/PKG-INFO
[0.821s] writing dependency_links to build/plannedcntrl/plannedcntrl.egg-info/dependency_links.txt
[0.823s] writing entry points to build/plannedcntrl/plannedcntrl.egg-info/entry_points.txt
[0.825s] writing requirements to build/plannedcntrl/plannedcntrl.egg-info/requires.txt
[0.827s] writing top-level names to build/plannedcntrl/plannedcntrl.egg-info/top_level.txt
[0.831s] reading manifest file 'build/plannedcntrl/plannedcntrl.egg-info/SOURCES.txt'
[0.832s] writing manifest file 'build/plannedcntrl/plannedcntrl.egg-info/SOURCES.txt'
[0.834s] running build
[0.834s] running build_py
[0.836s] running install
[0.836s] running install_lib
[0.838s] running install_data
[0.839s] running install_egg_info
[0.840s] removing '/home/cc/ee106b/sp26/class/ee106b-aac/eeca106b-project/project3/starter/src/plannedcntrl/install/plannedcntrl/lib/python3.10/site-packages/plannedcntrl-0.0.0-py3.10.egg-info' (and everything under it)
[0.846s] Copying build/plannedcntrl/plannedcntrl.egg-info to /home/cc/ee106b/sp26/class/ee106b-aac/eeca106b-project/project3/starter/src/plannedcntrl/install/plannedcntrl/lib/python3.10/site-packages/plannedcntrl-0.0.0-py3.10.egg-info
[0.871s] running install_scripts
[0.894s] Installing turtlebot_control script to /home/cc/ee106b/sp26/class/ee106b-aac/eeca106b-project/project3/starter/src/plannedcntrl/install/plannedcntrl/lib/plannedcntrl
[0.897s] writing list of installed files to '/home/cc/ee106b/sp26/class/ee106b-aac/eeca106b-project/project3/starter/src/plannedcntrl/build/plannedcntrl/install.log'
[0.912s] Invoked command in '/home/cc/ee106b/sp26/class/ee106b-aac/eeca106b-project/project3/starter/src/plannedcntrl' returned '0': PYTHONPATH=/home/cc/ee106b/sp26/class/ee106b-aac/eeca106b-project/project3/starter/src/plannedcntrl/build/plannedcntrl/prefix_override:/usr/lib/python3/dist-packages/colcon_core/task/python/colcon_distutils_commands:/home/cc/ee106b/sp26/class/ee106b-aac/eeca106b-project/project3/starter/src/plannedcntrl/install/plannedcntrl/lib/python3.10/site-packages:${PYTHONPATH} /usr/bin/python3 -W ignore:setup.py install is deprecated -W ignore:easy_install command is deprecated setup.py egg_info --egg-base build/plannedcntrl build --build-base /home/cc/ee106b/sp26/class/ee106b-aac/eeca106b-project/project3/starter/src/plannedcntrl/build/plannedcntrl/build install --record /home/cc/ee106b/sp26/class/ee106b-aac/eeca106b-project/project3/starter/src/plannedcntrl/build/plannedcntrl/install.log --single-version-externally-managed install_data
