[1.108s] Invoking command in '/home/cc/ee106b/sp26/class/ee106b-aac/eeca106b-project/project1/src/visual_servoing': PYTHONPATH=/home/cc/ee106b/sp26/class/ee106b-aac/eeca106b-project/project1/build/visual_servoing/prefix_override:/usr/lib/python3/dist-packages/colcon_core/task/python/colcon_distutils_commands:/home/cc/ee106b/sp26/class/ee106b-aac/eeca106b-project/project1/install/visual_servoing/lib/python3.10/site-packages:${PYTHONPATH} /usr/bin/python3 -W ignore:setup.py install is deprecated -W ignore:easy_install command is deprecated setup.py egg_info --egg-base ../../build/visual_servoing build --build-base /home/cc/ee106b/sp26/class/ee106b-aac/eeca106b-project/project1/build/visual_servoing/build install --record /home/cc/ee106b/sp26/class/ee106b-aac/eeca106b-project/project1/build/visual_servoing/install.log --single-version-externally-managed install_data
[1.344s] running egg_info
[1.345s] writing ../../build/visual_servoing/visual_servoing.egg-info/PKG-INFO
[1.348s] writing dependency_links to ../../build/visual_servoing/visual_servoing.egg-info/dependency_links.txt
[1.351s] writing entry points to ../../build/visual_servoing/visual_servoing.egg-info/entry_points.txt
[1.354s] writing requirements to ../../build/visual_servoing/visual_servoing.egg-info/requires.txt
[1.360s] writing top-level names to ../../build/visual_servoing/visual_servoing.egg-info/top_level.txt
[1.363s] reading manifest file '../../build/visual_servoing/visual_servoing.egg-info/SOURCES.txt'
[1.364s] writing manifest file '../../build/visual_servoing/visual_servoing.egg-info/SOURCES.txt'
[1.366s] running build
[1.366s] running build_py
[1.367s] running install
[1.368s] running install_lib
[1.372s] running install_data
[1.373s] running install_egg_info
[1.375s] removing '/home/cc/ee106b/sp26/class/ee106b-aac/eeca106b-project/project1/install/visual_servoing/lib/python3.10/site-packages/visual_servoing-0.0.0-py3.10.egg-info' (and everything under it)
[1.381s] Copying ../../build/visual_servoing/visual_servoing.egg-info to /home/cc/ee106b/sp26/class/ee106b-aac/eeca106b-project/project1/install/visual_servoing/lib/python3.10/site-packages/visual_servoing-0.0.0-py3.10.egg-info
[1.415s] running install_scripts
[1.446s] Installing main script to /home/cc/ee106b/sp26/class/ee106b-aac/eeca106b-project/project1/install/visual_servoing/lib/visual_servoing
[1.449s] writing list of installed files to '/home/cc/ee106b/sp26/class/ee106b-aac/eeca106b-project/project1/build/visual_servoing/install.log'
[1.467s] Invoked command in '/home/cc/ee106b/sp26/class/ee106b-aac/eeca106b-project/project1/src/visual_servoing' returned '0': PYTHONPATH=/home/cc/ee106b/sp26/class/ee106b-aac/eeca106b-project/project1/build/visual_servoing/prefix_override:/usr/lib/python3/dist-packages/colcon_core/task/python/colcon_distutils_commands:/home/cc/ee106b/sp26/class/ee106b-aac/eeca106b-project/project1/install/visual_servoing/lib/python3.10/site-packages:${PYTHONPATH} /usr/bin/python3 -W ignore:setup.py install is deprecated -W ignore:easy_install command is deprecated setup.py egg_info --egg-base ../../build/visual_servoing build --build-base /home/cc/ee106b/sp26/class/ee106b-aac/eeca106b-project/project1/build/visual_servoing/build install --record /home/cc/ee106b/sp26/class/ee106b-aac/eeca106b-project/project1/build/visual_servoing/install.log --single-version-externally-managed install_data
