[0.276s] Invoking command in '/home/cc/ee106b/sp26/class/ee106b-aac/eeca106b-project/project1/build/ros2_aruco_interfaces': CMAKE_PREFIX_PATH=/home/ff/ee106a/robot_workspaces/ur/install/ur7e_utils:/opt/ros/humble /usr/bin/cmake --build /home/cc/ee106b/sp26/class/ee106b-aac/eeca106b-project/project1/build/ros2_aruco_interfaces -- -j32 -l32
[0.431s] [35m[1mConsolidate compiler generated dependencies of target ros2_aruco_interfaces__rosidl_generator_c[0m
[0.449s] [  3%] Built target ros2_aruco_interfaces__cpp
[0.473s] [ 12%] Built target ros2_aruco_interfaces__rosidl_generator_c
[0.494s] [35m[1mConsolidate compiler generated dependencies of target ros2_aruco_interfaces__rosidl_typesupport_cpp[0m
[0.498s] [35m[1mConsolidate compiler generated dependencies of target ros2_aruco_interfaces__rosidl_typesupport_introspection_cpp[0m
[0.498s] [35m[1mConsolidate compiler generated dependencies of target ros2_aruco_interfaces__rosidl_typesupport_fastrtps_cpp[0m
[0.524s] [35m[1mConsolidate compiler generated dependencies of target ros2_aruco_interfaces__rosidl_typesupport_fastrtps_c[0m
[0.527s] [35m[1mConsolidate compiler generated dependencies of target ros2_aruco_interfaces__rosidl_typesupport_c[0m
[0.528s] [35m[1mConsolidate compiler generated dependencies of target ros2_aruco_interfaces__rosidl_typesupport_introspection_c[0m
[0.555s] [ 29%] Built target ros2_aruco_interfaces__rosidl_typesupport_cpp
[0.565s] [ 41%] Built target ros2_aruco_interfaces__rosidl_typesupport_introspection_cpp
[0.565s] [ 41%] Built target ros2_aruco_interfaces__rosidl_typesupport_fastrtps_cpp
[0.582s] [ 61%] Built target ament_cmake_python_copy_ros2_aruco_interfaces
[0.583s] [ 61%] Built target ros2_aruco_interfaces__rosidl_typesupport_fastrtps_c
[0.586s] [ 70%] Built target ros2_aruco_interfaces__rosidl_typesupport_c
[0.587s] [ 70%] Built target ros2_aruco_interfaces__rosidl_typesupport_introspection_c
[0.631s] [ 70%] Built target ros2_aruco_interfaces
[0.677s] [ 74%] Built target ros2_aruco_interfaces__py
[0.697s] [35m[1mConsolidate compiler generated dependencies of target ros2_aruco_interfaces__rosidl_generator_py[0m
[0.733s] [ 80%] Built target ros2_aruco_interfaces__rosidl_generator_py
[0.764s] [35m[1mConsolidate compiler generated dependencies of target ros2_aruco_interfaces__rosidl_typesupport_c__pyext[0m
[0.768s] [35m[1mConsolidate compiler generated dependencies of target ros2_aruco_interfaces__rosidl_typesupport_fastrtps_c__pyext[0m
[0.768s] [35m[1mConsolidate compiler generated dependencies of target ros2_aruco_interfaces__rosidl_typesupport_introspection_c__pyext[0m
[0.807s] [ 87%] Built target ros2_aruco_interfaces__rosidl_typesupport_c__pyext
[0.811s] [100%] Built target ros2_aruco_interfaces__rosidl_typesupport_fastrtps_c__pyext
[0.812s] [100%] Built target ros2_aruco_interfaces__rosidl_typesupport_introspection_c__pyext
[0.844s] running egg_info
[0.845s] writing ros2_aruco_interfaces.egg-info/PKG-INFO
[0.848s] writing dependency_links to ros2_aruco_interfaces.egg-info/dependency_links.txt
[0.851s] writing top-level names to ros2_aruco_interfaces.egg-info/top_level.txt
[0.856s] reading manifest file 'ros2_aruco_interfaces.egg-info/SOURCES.txt'
[0.858s] writing manifest file 'ros2_aruco_interfaces.egg-info/SOURCES.txt'
[0.884s] [100%] Built target ament_cmake_python_build_ros2_aruco_interfaces_egg
[0.921s] Invoked command in '/home/cc/ee106b/sp26/class/ee106b-aac/eeca106b-project/project1/build/ros2_aruco_interfaces' returned '0': CMAKE_PREFIX_PATH=/home/ff/ee106a/robot_workspaces/ur/install/ur7e_utils:/opt/ros/humble /usr/bin/cmake --build /home/cc/ee106b/sp26/class/ee106b-aac/eeca106b-project/project1/build/ros2_aruco_interfaces -- -j32 -l32
[0.938s] Invoking command in '/home/cc/ee106b/sp26/class/ee106b-aac/eeca106b-project/project1/build/ros2_aruco_interfaces': CMAKE_PREFIX_PATH=/home/ff/ee106a/robot_workspaces/ur/install/ur7e_utils:/opt/ros/humble /usr/bin/cmake --install /home/cc/ee106b/sp26/class/ee106b-aac/eeca106b-project/project1/build/ros2_aruco_interfaces
[0.947s] -- Install configuration: ""
[0.950s] -- Up-to-date: /home/cc/ee106b/sp26/class/ee106b-aac/eeca106b-project/project1/install/ros2_aruco_interfaces/share/ament_index/resource_index/rosidl_interfaces/ros2_aruco_interfaces
[0.952s] -- Up-to-date: /home/cc/ee106b/sp26/class/ee106b-aac/eeca106b-project/project1/install/ros2_aruco_interfaces/include/ros2_aruco_interfaces/ros2_aruco_interfaces
[0.959s] -- Up-to-date: /home/cc/ee106b/sp26/class/ee106b-aac/eeca106b-project/project1/install/ros2_aruco_interfaces/include/ros2_aruco_interfaces/ros2_aruco_interfaces/msg
[0.959s] -- Up-to-date: /home/cc/ee106b/sp26/class/ee106b-aac/eeca106b-project/project1/install/ros2_aruco_interfaces/include/ros2_aruco_interfaces/ros2_aruco_interfaces/msg/aruco_markers.h
[0.959s] -- Up-to-date: /home/cc/ee106b/sp26/class/ee106b-aac/eeca106b-project/project1/install/ros2_aruco_interfaces/include/ros2_aruco_interfaces/ros2_aruco_interfaces/msg/rosidl_generator_c__visibility_control.h
[0.959s] -- Up-to-date: /home/cc/ee106b/sp26/class/ee106b-aac/eeca106b-project/project1/install/ros2_aruco_interfaces/include/ros2_aruco_interfaces/ros2_aruco_interfaces/msg/detail
[0.959s] -- Up-to-date: /home/cc/ee106b/sp26/class/ee106b-aac/eeca106b-project/project1/install/ros2_aruco_interfaces/include/ros2_aruco_interfaces/ros2_aruco_interfaces/msg/detail/aruco_markers__functions.c
[0.959s] -- Up-to-date: /home/cc/ee106b/sp26/class/ee106b-aac/eeca106b-project/project1/install/ros2_aruco_interfaces/include/ros2_aruco_interfaces/ros2_aruco_interfaces/msg/detail/aruco_markers__functions.h
[0.959s] -- Up-to-date: /home/cc/ee106b/sp26/class/ee106b-aac/eeca106b-project/project1/install/ros2_aruco_interfaces/include/ros2_aruco_interfaces/ros2_aruco_interfaces/msg/detail/aruco_markers__struct.h
[0.960s] -- Up-to-date: /home/cc/ee106b/sp26/class/ee106b-aac/eeca106b-project/project1/install/ros2_aruco_interfaces/include/ros2_aruco_interfaces/ros2_aruco_interfaces/msg/detail/aruco_markers__type_support.h
[0.962s] -- Up-to-date: /home/cc/ee106b/sp26/class/ee106b-aac/eeca106b-project/project1/install/ros2_aruco_interfaces/share/ros2_aruco_interfaces/environment/library_path.sh
[0.963s] -- Up-to-date: /home/cc/ee106b/sp26/class/ee106b-aac/eeca106b-project/project1/install/ros2_aruco_interfaces/share/ros2_aruco_interfaces/environment/library_path.dsv
[0.966s] -- Up-to-date: /home/cc/ee106b/sp26/class/ee106b-aac/eeca106b-project/project1/install/ros2_aruco_interfaces/lib/libros2_aruco_interfaces__rosidl_generator_c.so
[0.973s] -- Up-to-date: /home/cc/ee106b/sp26/class/ee106b-aac/eeca106b-project/project1/install/ros2_aruco_interfaces/include/ros2_aruco_interfaces/ros2_aruco_interfaces
[0.973s] -- Up-to-date: /home/cc/ee106b/sp26/class/ee106b-aac/eeca106b-project/project1/install/ros2_aruco_interfaces/include/ros2_aruco_interfaces/ros2_aruco_interfaces/msg
[0.973s] -- Up-to-date: /home/cc/ee106b/sp26/class/ee106b-aac/eeca106b-project/project1/install/ros2_aruco_interfaces/include/ros2_aruco_interfaces/ros2_aruco_interfaces/msg/detail
[0.973s] -- Up-to-date: /home/cc/ee106b/sp26/class/ee106b-aac/eeca106b-project/project1/install/ros2_aruco_interfaces/include/ros2_aruco_interfaces/ros2_aruco_interfaces/msg/detail/aruco_markers__rosidl_typesupport_fastrtps_c.h
[0.973s] -- Up-to-date: /home/cc/ee106b/sp26/class/ee106b-aac/eeca106b-project/project1/install/ros2_aruco_interfaces/include/ros2_aruco_interfaces/ros2_aruco_interfaces/msg/rosidl_typesupport_fastrtps_c__visibility_control.h
[0.975s] -- Up-to-date: /home/cc/ee106b/sp26/class/ee106b-aac/eeca106b-project/project1/install/ros2_aruco_interfaces/lib/libros2_aruco_interfaces__rosidl_typesupport_fastrtps_c.so
[0.978s] -- Up-to-date: /home/cc/ee106b/sp26/class/ee106b-aac/eeca106b-project/project1/install/ros2_aruco_interfaces/include/ros2_aruco_interfaces/ros2_aruco_interfaces
[0.979s] -- Up-to-date: /home/cc/ee106b/sp26/class/ee106b-aac/eeca106b-project/project1/install/ros2_aruco_interfaces/include/ros2_aruco_interfaces/ros2_aruco_interfaces/msg
[0.981s] -- Up-to-date: /home/cc/ee106b/sp26/class/ee106b-aac/eeca106b-project/project1/install/ros2_aruco_interfaces/include/ros2_aruco_interfaces/ros2_aruco_interfaces/msg/aruco_markers.hpp
[0.981s] -- Up-to-date: /home/cc/ee106b/sp26/class/ee106b-aac/eeca106b-project/project1/install/ros2_aruco_interfaces/include/ros2_aruco_interfaces/ros2_aruco_interfaces/msg/rosidl_generator_cpp__visibility_control.hpp
[0.983s] -- Up-to-date: /home/cc/ee106b/sp26/class/ee106b-aac/eeca106b-project/project1/install/ros2_aruco_interfaces/include/ros2_aruco_interfaces/ros2_aruco_interfaces/msg/detail
[0.983s] -- Up-to-date: /home/cc/ee106b/sp26/class/ee106b-aac/eeca106b-project/project1/install/ros2_aruco_interfaces/include/ros2_aruco_interfaces/ros2_aruco_interfaces/msg/detail/aruco_markers__builder.hpp
[0.984s] -- Up-to-date: /home/cc/ee106b/sp26/class/ee106b-aac/eeca106b-project/project1/install/ros2_aruco_interfaces/include/ros2_aruco_interfaces/ros2_aruco_interfaces/msg/detail/aruco_markers__struct.hpp
[0.985s] -- Up-to-date: /home/cc/ee106b/sp26/class/ee106b-aac/eeca106b-project/project1/install/ros2_aruco_interfaces/include/ros2_aruco_interfaces/ros2_aruco_interfaces/msg/detail/aruco_markers__traits.hpp
[0.986s] -- Up-to-date: /home/cc/ee106b/sp26/class/ee106b-aac/eeca106b-project/project1/install/ros2_aruco_interfaces/include/ros2_aruco_interfaces/ros2_aruco_interfaces/msg/detail/aruco_markers__type_support.hpp
[0.986s] -- Up-to-date: /home/cc/ee106b/sp26/class/ee106b-aac/eeca106b-project/project1/install/ros2_aruco_interfaces/include/ros2_aruco_interfaces/ros2_aruco_interfaces
[0.987s] -- Up-to-date: /home/cc/ee106b/sp26/class/ee106b-aac/eeca106b-project/project1/install/ros2_aruco_interfaces/include/ros2_aruco_interfaces/ros2_aruco_interfaces/msg
[0.989s] -- Up-to-date: /home/cc/ee106b/sp26/class/ee106b-aac/eeca106b-project/project1/install/ros2_aruco_interfaces/include/ros2_aruco_interfaces/ros2_aruco_interfaces/msg/detail
[0.990s] -- Up-to-date: /home/cc/ee106b/sp26/class/ee106b-aac/eeca106b-project/project1/install/ros2_aruco_interfaces/include/ros2_aruco_interfaces/ros2_aruco_interfaces/msg/detail/aruco_markers__rosidl_typesupport_fastrtps_cpp.hpp
[0.991s] -- Up-to-date: /home/cc/ee106b/sp26/class/ee106b-aac/eeca106b-project/project1/install/ros2_aruco_interfaces/include/ros2_aruco_interfaces/ros2_aruco_interfaces/msg/detail/dds_fastrtps
[0.992s] -- Up-to-date: /home/cc/ee106b/sp26/class/ee106b-aac/eeca106b-project/project1/install/ros2_aruco_interfaces/include/ros2_aruco_interfaces/ros2_aruco_interfaces/msg/rosidl_typesupport_fastrtps_cpp__visibility_control.h
[1.007s] -- Up-to-date: /home/cc/ee106b/sp26/class/ee106b-aac/eeca106b-project/project1/install/ros2_aruco_interfaces/lib/libros2_aruco_interfaces__rosidl_typesupport_fastrtps_cpp.so
[1.011s] -- Up-to-date: /home/cc/ee106b/sp26/class/ee106b-aac/eeca106b-project/project1/install/ros2_aruco_interfaces/include/ros2_aruco_interfaces/ros2_aruco_interfaces
[1.012s] -- Up-to-date: /home/cc/ee106b/sp26/class/ee106b-aac/eeca106b-project/project1/install/ros2_aruco_interfaces/include/ros2_aruco_interfaces/ros2_aruco_interfaces/msg
[1.013s] -- Up-to-date: /home/cc/ee106b/sp26/class/ee106b-aac/eeca106b-project/project1/install/ros2_aruco_interfaces/include/ros2_aruco_interfaces/ros2_aruco_interfaces/msg/detail
[1.015s] -- Up-to-date: /home/cc/ee106b/sp26/class/ee106b-aac/eeca106b-project/project1/install/ros2_aruco_interfaces/include/ros2_aruco_interfaces/ros2_aruco_interfaces/msg/detail/aruco_markers__rosidl_typesupport_introspection_c.h
[1.015s] -- Up-to-date: /home/cc/ee106b/sp26/class/ee106b-aac/eeca106b-project/project1/install/ros2_aruco_interfaces/include/ros2_aruco_interfaces/ros2_aruco_interfaces/msg/detail/aruco_markers__type_support.c
[1.016s] -- Up-to-date: /home/cc/ee106b/sp26/class/ee106b-aac/eeca106b-project/project1/install/ros2_aruco_interfaces/include/ros2_aruco_interfaces/ros2_aruco_interfaces/msg/rosidl_typesupport_introspection_c__visibility_control.h
[1.018s] -- Up-to-date: /home/cc/ee106b/sp26/class/ee106b-aac/eeca106b-project/project1/install/ros2_aruco_interfaces/lib/libros2_aruco_interfaces__rosidl_typesupport_introspection_c.so
[1.022s] -- Up-to-date: /home/cc/ee106b/sp26/class/ee106b-aac/eeca106b-project/project1/install/ros2_aruco_interfaces/lib/libros2_aruco_interfaces__rosidl_typesupport_c.so
[1.024s] -- Up-to-date: /home/cc/ee106b/sp26/class/ee106b-aac/eeca106b-project/project1/install/ros2_aruco_interfaces/include/ros2_aruco_interfaces/ros2_aruco_interfaces
[1.026s] -- Up-to-date: /home/cc/ee106b/sp26/class/ee106b-aac/eeca106b-project/project1/install/ros2_aruco_interfaces/include/ros2_aruco_interfaces/ros2_aruco_interfaces/msg
[1.027s] -- Up-to-date: /home/cc/ee106b/sp26/class/ee106b-aac/eeca106b-project/project1/install/ros2_aruco_interfaces/include/ros2_aruco_interfaces/ros2_aruco_interfaces/msg/detail
[1.028s] -- Up-to-date: /home/cc/ee106b/sp26/class/ee106b-aac/eeca106b-project/project1/install/ros2_aruco_interfaces/include/ros2_aruco_interfaces/ros2_aruco_interfaces/msg/detail/aruco_markers__rosidl_typesupport_introspection_cpp.hpp
[1.029s] -- Up-to-date: /home/cc/ee106b/sp26/class/ee106b-aac/eeca106b-project/project1/install/ros2_aruco_interfaces/include/ros2_aruco_interfaces/ros2_aruco_interfaces/msg/detail/aruco_markers__type_support.cpp
[1.045s] -- Up-to-date: /home/cc/ee106b/sp26/class/ee106b-aac/eeca106b-project/project1/install/ros2_aruco_interfaces/lib/libros2_aruco_interfaces__rosidl_typesupport_introspection_cpp.so
[1.064s] -- Up-to-date: /home/cc/ee106b/sp26/class/ee106b-aac/eeca106b-project/project1/install/ros2_aruco_interfaces/lib/libros2_aruco_interfaces__rosidl_typesupport_cpp.so
[1.066s] -- Up-to-date: /home/cc/ee106b/sp26/class/ee106b-aac/eeca106b-project/project1/install/ros2_aruco_interfaces/share/ros2_aruco_interfaces/environment/pythonpath.sh
[1.068s] -- Up-to-date: /home/cc/ee106b/sp26/class/ee106b-aac/eeca106b-project/project1/install/ros2_aruco_interfaces/share/ros2_aruco_interfaces/environment/pythonpath.dsv
[1.071s] -- Up-to-date: /home/cc/ee106b/sp26/class/ee106b-aac/eeca106b-project/project1/install/ros2_aruco_interfaces/local/lib/python3.10/dist-packages/ros2_aruco_interfaces-0.1.0-py3.10.egg-info
[1.072s] -- Installing: /home/cc/ee106b/sp26/class/ee106b-aac/eeca106b-project/project1/install/ros2_aruco_interfaces/local/lib/python3.10/dist-packages/ros2_aruco_interfaces-0.1.0-py3.10.egg-info/PKG-INFO
[1.078s] -- Installing: /home/cc/ee106b/sp26/class/ee106b-aac/eeca106b-project/project1/install/ros2_aruco_interfaces/local/lib/python3.10/dist-packages/ros2_aruco_interfaces-0.1.0-py3.10.egg-info/dependency_links.txt
[1.085s] -- Installing: /home/cc/ee106b/sp26/class/ee106b-aac/eeca106b-project/project1/install/ros2_aruco_interfaces/local/lib/python3.10/dist-packages/ros2_aruco_interfaces-0.1.0-py3.10.egg-info/top_level.txt
[1.091s] -- Installing: /home/cc/ee106b/sp26/class/ee106b-aac/eeca106b-project/project1/install/ros2_aruco_interfaces/local/lib/python3.10/dist-packages/ros2_aruco_interfaces-0.1.0-py3.10.egg-info/SOURCES.txt
[1.097s] -- Up-to-date: /home/cc/ee106b/sp26/class/ee106b-aac/eeca106b-project/project1/install/ros2_aruco_interfaces/local/lib/python3.10/dist-packages/ros2_aruco_interfaces
[1.098s] -- Up-to-date: /home/cc/ee106b/sp26/class/ee106b-aac/eeca106b-project/project1/install/ros2_aruco_interfaces/local/lib/python3.10/dist-packages/ros2_aruco_interfaces/__init__.py
[1.098s] -- Up-to-date: /home/cc/ee106b/sp26/class/ee106b-aac/eeca106b-project/project1/install/ros2_aruco_interfaces/local/lib/python3.10/dist-packages/ros2_aruco_interfaces/msg
[1.100s] -- Up-to-date: /home/cc/ee106b/sp26/class/ee106b-aac/eeca106b-project/project1/install/ros2_aruco_interfaces/local/lib/python3.10/dist-packages/ros2_aruco_interfaces/msg/_aruco_markers.py
[1.100s] -- Up-to-date: /home/cc/ee106b/sp26/class/ee106b-aac/eeca106b-project/project1/install/ros2_aruco_interfaces/local/lib/python3.10/dist-packages/ros2_aruco_interfaces/msg/_aruco_markers_s.c
[1.102s] -- Up-to-date: /home/cc/ee106b/sp26/class/ee106b-aac/eeca106b-project/project1/install/ros2_aruco_interfaces/local/lib/python3.10/dist-packages/ros2_aruco_interfaces/msg/__init__.py
[1.102s] -- Up-to-date: /home/cc/ee106b/sp26/class/ee106b-aac/eeca106b-project/project1/install/ros2_aruco_interfaces/local/lib/python3.10/dist-packages/ros2_aruco_interfaces/_ros2_aruco_interfaces_s.ep.rosidl_typesupport_fastrtps_c.c
[1.103s] -- Up-to-date: /home/cc/ee106b/sp26/class/ee106b-aac/eeca106b-project/project1/install/ros2_aruco_interfaces/local/lib/python3.10/dist-packages/ros2_aruco_interfaces/_ros2_aruco_interfaces_s.ep.rosidl_typesupport_introspection_c.c
[1.104s] -- Up-to-date: /home/cc/ee106b/sp26/class/ee106b-aac/eeca106b-project/project1/install/ros2_aruco_interfaces/local/lib/python3.10/dist-packages/ros2_aruco_interfaces/_ros2_aruco_interfaces_s.ep.rosidl_typesupport_c.c
[1.105s] -- Up-to-date: /home/cc/ee106b/sp26/class/ee106b-aac/eeca106b-project/project1/install/ros2_aruco_interfaces/local/lib/python3.10/dist-packages/ros2_aruco_interfaces/libros2_aruco_interfaces__rosidl_generator_py.so
[1.105s] -- Up-to-date: /home/cc/ee106b/sp26/class/ee106b-aac/eeca106b-project/project1/install/ros2_aruco_interfaces/local/lib/python3.10/dist-packages/ros2_aruco_interfaces/ros2_aruco_interfaces_s__rosidl_typesupport_fastrtps_c.cpython-310-x86_64-linux-gnu.so
[1.106s] -- Up-to-date: /home/cc/ee106b/sp26/class/ee106b-aac/eeca106b-project/project1/install/ros2_aruco_interfaces/local/lib/python3.10/dist-packages/ros2_aruco_interfaces/ros2_aruco_interfaces_s__rosidl_typesupport_c.cpython-310-x86_64-linux-gnu.so
[1.107s] -- Up-to-date: /home/cc/ee106b/sp26/class/ee106b-aac/eeca106b-project/project1/install/ros2_aruco_interfaces/local/lib/python3.10/dist-packages/ros2_aruco_interfaces/ros2_aruco_interfaces_s__rosidl_typesupport_introspection_c.cpython-310-x86_64-linux-gnu.so
[1.143s] Listing '/home/cc/ee106b/sp26/class/ee106b-aac/eeca106b-project/project1/install/ros2_aruco_interfaces/local/lib/python3.10/dist-packages/ros2_aruco_interfaces'...
[1.144s] Listing '/home/cc/ee106b/sp26/class/ee106b-aac/eeca106b-project/project1/install/ros2_aruco_interfaces/local/lib/python3.10/dist-packages/ros2_aruco_interfaces/msg'...
[1.163s] -- Up-to-date: /home/cc/ee106b/sp26/class/ee106b-aac/eeca106b-project/project1/install/ros2_aruco_interfaces/local/lib/python3.10/dist-packages/ros2_aruco_interfaces/ros2_aruco_interfaces_s__rosidl_typesupport_fastrtps_c.cpython-310-x86_64-linux-gnu.so
[1.180s] -- Up-to-date: /home/cc/ee106b/sp26/class/ee106b-aac/eeca106b-project/project1/install/ros2_aruco_interfaces/local/lib/python3.10/dist-packages/ros2_aruco_interfaces/ros2_aruco_interfaces_s__rosidl_typesupport_introspection_c.cpython-310-x86_64-linux-gnu.so
[1.185s] -- Up-to-date: /home/cc/ee106b/sp26/class/ee106b-aac/eeca106b-project/project1/install/ros2_aruco_interfaces/local/lib/python3.10/dist-packages/ros2_aruco_interfaces/ros2_aruco_interfaces_s__rosidl_typesupport_c.cpython-310-x86_64-linux-gnu.so
[1.189s] -- Up-to-date: /home/cc/ee106b/sp26/class/ee106b-aac/eeca106b-project/project1/install/ros2_aruco_interfaces/lib/libros2_aruco_interfaces__rosidl_generator_py.so
[1.194s] -- Up-to-date: /home/cc/ee106b/sp26/class/ee106b-aac/eeca106b-project/project1/install/ros2_aruco_interfaces/share/ros2_aruco_interfaces/msg/ArucoMarkers.idl
[1.195s] -- Up-to-date: /home/cc/ee106b/sp26/class/ee106b-aac/eeca106b-project/project1/install/ros2_aruco_interfaces/share/ros2_aruco_interfaces/msg/ArucoMarkers.msg
[1.196s] -- Up-to-date: /home/cc/ee106b/sp26/class/ee106b-aac/eeca106b-project/project1/install/ros2_aruco_interfaces/share/ament_index/resource_index/package_run_dependencies/ros2_aruco_interfaces
[1.198s] -- Up-to-date: /home/cc/ee106b/sp26/class/ee106b-aac/eeca106b-project/project1/install/ros2_aruco_interfaces/share/ament_index/resource_index/parent_prefix_path/ros2_aruco_interfaces
[1.199s] -- Up-to-date: /home/cc/ee106b/sp26/class/ee106b-aac/eeca106b-project/project1/install/ros2_aruco_interfaces/share/ros2_aruco_interfaces/environment/ament_prefix_path.sh
[1.200s] -- Up-to-date: /home/cc/ee106b/sp26/class/ee106b-aac/eeca106b-project/project1/install/ros2_aruco_interfaces/share/ros2_aruco_interfaces/environment/ament_prefix_path.dsv
[1.201s] -- Up-to-date: /home/cc/ee106b/sp26/class/ee106b-aac/eeca106b-project/project1/install/ros2_aruco_interfaces/share/ros2_aruco_interfaces/environment/path.sh
[1.203s] -- Up-to-date: /home/cc/ee106b/sp26/class/ee106b-aac/eeca106b-project/project1/install/ros2_aruco_interfaces/share/ros2_aruco_interfaces/environment/path.dsv
[1.203s] -- Up-to-date: /home/cc/ee106b/sp26/class/ee106b-aac/eeca106b-project/project1/install/ros2_aruco_interfaces/share/ros2_aruco_interfaces/local_setup.bash
[1.204s] -- Up-to-date: /home/cc/ee106b/sp26/class/ee106b-aac/eeca106b-project/project1/install/ros2_aruco_interfaces/share/ros2_aruco_interfaces/local_setup.sh
[1.205s] -- Up-to-date: /home/cc/ee106b/sp26/class/ee106b-aac/eeca106b-project/project1/install/ros2_aruco_interfaces/share/ros2_aruco_interfaces/local_setup.zsh
[1.207s] -- Up-to-date: /home/cc/ee106b/sp26/class/ee106b-aac/eeca106b-project/project1/install/ros2_aruco_interfaces/share/ros2_aruco_interfaces/local_setup.dsv
[1.208s] -- Installing: /home/cc/ee106b/sp26/class/ee106b-aac/eeca106b-project/project1/install/ros2_aruco_interfaces/share/ros2_aruco_interfaces/package.dsv
[1.216s] -- Up-to-date: /home/cc/ee106b/sp26/class/ee106b-aac/eeca106b-project/project1/install/ros2_aruco_interfaces/share/ament_index/resource_index/packages/ros2_aruco_interfaces
[1.224s] -- Up-to-date: /home/cc/ee106b/sp26/class/ee106b-aac/eeca106b-project/project1/install/ros2_aruco_interfaces/share/ros2_aruco_interfaces/cmake/export_ros2_aruco_interfaces__rosidl_generator_cExport.cmake
[1.225s] -- Up-to-date: /home/cc/ee106b/sp26/class/ee106b-aac/eeca106b-project/project1/install/ros2_aruco_interfaces/share/ros2_aruco_interfaces/cmake/export_ros2_aruco_interfaces__rosidl_generator_cExport-noconfig.cmake
[1.242s] -- Up-to-date: /home/cc/ee106b/sp26/class/ee106b-aac/eeca106b-project/project1/install/ros2_aruco_interfaces/share/ros2_aruco_interfaces/cmake/export_ros2_aruco_interfaces__rosidl_typesupport_fastrtps_cExport.cmake
[1.244s] -- Up-to-date: /home/cc/ee106b/sp26/class/ee106b-aac/eeca106b-project/project1/install/ros2_aruco_interfaces/share/ros2_aruco_interfaces/cmake/export_ros2_aruco_interfaces__rosidl_typesupport_fastrtps_cExport-noconfig.cmake
[1.250s] -- Up-to-date: /home/cc/ee106b/sp26/class/ee106b-aac/eeca106b-project/project1/install/ros2_aruco_interfaces/share/ros2_aruco_interfaces/cmake/export_ros2_aruco_interfaces__rosidl_generator_cppExport.cmake
[1.254s] -- Up-to-date: /home/cc/ee106b/sp26/class/ee106b-aac/eeca106b-project/project1/install/ros2_aruco_interfaces/share/ros2_aruco_interfaces/cmake/export_ros2_aruco_interfaces__rosidl_typesupport_fastrtps_cppExport.cmake
[1.256s] -- Up-to-date: /home/cc/ee106b/sp26/class/ee106b-aac/eeca106b-project/project1/install/ros2_aruco_interfaces/share/ros2_aruco_interfaces/cmake/export_ros2_aruco_interfaces__rosidl_typesupport_fastrtps_cppExport-noconfig.cmake
[1.260s] -- Up-to-date: /home/cc/ee106b/sp26/class/ee106b-aac/eeca106b-project/project1/install/ros2_aruco_interfaces/share/ros2_aruco_interfaces/cmake/ros2_aruco_interfaces__rosidl_typesupport_introspection_cExport.cmake
[1.262s] -- Up-to-date: /home/cc/ee106b/sp26/class/ee106b-aac/eeca106b-project/project1/install/ros2_aruco_interfaces/share/ros2_aruco_interfaces/cmake/ros2_aruco_interfaces__rosidl_typesupport_introspection_cExport-noconfig.cmake
[1.266s] -- Up-to-date: /home/cc/ee106b/sp26/class/ee106b-aac/eeca106b-project/project1/install/ros2_aruco_interfaces/share/ros2_aruco_interfaces/cmake/ros2_aruco_interfaces__rosidl_typesupport_cExport.cmake
[1.268s] -- Up-to-date: /home/cc/ee106b/sp26/class/ee106b-aac/eeca106b-project/project1/install/ros2_aruco_interfaces/share/ros2_aruco_interfaces/cmake/ros2_aruco_interfaces__rosidl_typesupport_cExport-noconfig.cmake
[1.291s] -- Up-to-date: /home/cc/ee106b/sp26/class/ee106b-aac/eeca106b-project/project1/install/ros2_aruco_interfaces/share/ros2_aruco_interfaces/cmake/ros2_aruco_interfaces__rosidl_typesupport_introspection_cppExport.cmake
[1.292s] -- Up-to-date: /home/cc/ee106b/sp26/class/ee106b-aac/eeca106b-project/project1/install/ros2_aruco_interfaces/share/ros2_aruco_interfaces/cmake/ros2_aruco_interfaces__rosidl_typesupport_introspection_cppExport-noconfig.cmake
[1.301s] -- Up-to-date: /home/cc/ee106b/sp26/class/ee106b-aac/eeca106b-project/project1/install/ros2_aruco_interfaces/share/ros2_aruco_interfaces/cmake/ros2_aruco_interfaces__rosidl_typesupport_cppExport.cmake
[1.302s] -- Up-to-date: /home/cc/ee106b/sp26/class/ee106b-aac/eeca106b-project/project1/install/ros2_aruco_interfaces/share/ros2_aruco_interfaces/cmake/ros2_aruco_interfaces__rosidl_typesupport_cppExport-noconfig.cmake
[1.322s] -- Up-to-date: /home/cc/ee106b/sp26/class/ee106b-aac/eeca106b-project/project1/install/ros2_aruco_interfaces/share/ros2_aruco_interfaces/cmake/export_ros2_aruco_interfaces__rosidl_generator_pyExport.cmake
[1.324s] -- Up-to-date: /home/cc/ee106b/sp26/class/ee106b-aac/eeca106b-project/project1/install/ros2_aruco_interfaces/share/ros2_aruco_interfaces/cmake/export_ros2_aruco_interfaces__rosidl_generator_pyExport-noconfig.cmake
[1.324s] -- Up-to-date: /home/cc/ee106b/sp26/class/ee106b-aac/eeca106b-project/project1/install/ros2_aruco_interfaces/share/ros2_aruco_interfaces/cmake/rosidl_cmake-extras.cmake
[1.325s] -- Up-to-date: /home/cc/ee106b/sp26/class/ee106b-aac/eeca106b-project/project1/install/ros2_aruco_interfaces/share/ros2_aruco_interfaces/cmake/ament_cmake_export_dependencies-extras.cmake
[1.326s] -- Up-to-date: /home/cc/ee106b/sp26/class/ee106b-aac/eeca106b-project/project1/install/ros2_aruco_interfaces/share/ros2_aruco_interfaces/cmake/ament_cmake_export_include_directories-extras.cmake
[1.327s] -- Up-to-date: /home/cc/ee106b/sp26/class/ee106b-aac/eeca106b-project/project1/install/ros2_aruco_interfaces/share/ros2_aruco_interfaces/cmake/ament_cmake_export_libraries-extras.cmake
[1.328s] -- Up-to-date: /home/cc/ee106b/sp26/class/ee106b-aac/eeca106b-project/project1/install/ros2_aruco_interfaces/share/ros2_aruco_interfaces/cmake/ament_cmake_export_targets-extras.cmake
[1.329s] -- Up-to-date: /home/cc/ee106b/sp26/class/ee106b-aac/eeca106b-project/project1/install/ros2_aruco_interfaces/share/ros2_aruco_interfaces/cmake/rosidl_cmake_export_typesupport_targets-extras.cmake
[1.330s] -- Up-to-date: /home/cc/ee106b/sp26/class/ee106b-aac/eeca106b-project/project1/install/ros2_aruco_interfaces/share/ros2_aruco_interfaces/cmake/rosidl_cmake_export_typesupport_libraries-extras.cmake
[1.330s] -- Up-to-date: /home/cc/ee106b/sp26/class/ee106b-aac/eeca106b-project/project1/install/ros2_aruco_interfaces/share/ros2_aruco_interfaces/cmake/ros2_aruco_interfacesConfig.cmake
[1.331s] -- Up-to-date: /home/cc/ee106b/sp26/class/ee106b-aac/eeca106b-project/project1/install/ros2_aruco_interfaces/share/ros2_aruco_interfaces/cmake/ros2_aruco_interfacesConfig-version.cmake
[1.333s] -- Up-to-date: /home/cc/ee106b/sp26/class/ee106b-aac/eeca106b-project/project1/install/ros2_aruco_interfaces/share/ros2_aruco_interfaces/package.xml
[1.350s] Invoked command in '/home/cc/ee106b/sp26/class/ee106b-aac/eeca106b-project/project1/build/ros2_aruco_interfaces' returned '0': CMAKE_PREFIX_PATH=/home/ff/ee106a/robot_workspaces/ur/install/ur7e_utils:/opt/ros/humble /usr/bin/cmake --install /home/cc/ee106b/sp26/class/ee106b-aac/eeca106b-project/project1/build/ros2_aruco_interfaces
