[0.089s] DEBUG:colcon:Command line arguments: ['/usr/bin/colcon', 'build']
[0.089s] DEBUG:colcon:Parsed command line arguments: Namespace(log_base=None, log_level=None, verb_name='build', build_base='build', install_base='install', merge_install=False, symlink_install=False, test_result_base=None, continue_on_error=False, executor='parallel', parallel_workers=32, event_handlers=None, ignore_user_meta=False, metas=['./colcon.meta'], base_paths=['.'], packages_ignore=None, packages_ignore_regex=None, paths=None, packages_up_to=None, packages_up_to_regex=None, packages_above=None, packages_above_and_dependencies=None, packages_above_depth=None, packages_select_by_dep=None, packages_skip_by_dep=None, packages_skip_up_to=None, packages_select_build_failed=False, packages_skip_build_finished=False, packages_select_test_failures=False, packages_skip_test_passed=False, packages_select=None, packages_skip=None, packages_select_regex=None, packages_skip_regex=None, packages_start=None, packages_end=None, cmake_args=None, cmake_target=None, cmake_target_skip_unavailable=False, cmake_clean_cache=False, cmake_clean_first=False, cmake_force_configure=False, ament_cmake_args=None, catkin_cmake_args=None, catkin_skip_building_tests=False, mixin_files=None, mixin=None, verb_parser=<colcon_mixin.mixin.mixin_argument.MixinArgumentDecorator object at 0x77ddcec51240>, verb_extension=<colcon_core.verb.build.BuildVerb object at 0x77ddced56140>, main=<bound method BuildVerb.main of <colcon_core.verb.build.BuildVerb object at 0x77ddced56140>>, mixin_verb=('build',))
[0.240s] Level 1:colcon.colcon_core.package_discovery:discover_packages(colcon_meta) check parameters
[0.240s] Level 1:colcon.colcon_core.package_discovery:discover_packages(recursive) check parameters
[0.240s] Level 1:colcon.colcon_core.package_discovery:discover_packages(ignore) check parameters
[0.240s] Level 1:colcon.colcon_core.package_discovery:discover_packages(path) check parameters
[0.240s] Level 1:colcon.colcon_core.package_discovery:discover_packages(colcon_meta) discover
[0.240s] Level 1:colcon.colcon_core.package_discovery:discover_packages(recursive) discover
[0.240s] INFO:colcon.colcon_core.package_discovery:Crawling recursively for packages in '/home/cc/ee106b/sp26/class/ee106b-aac/eeca106b-project'
[0.241s] Level 1:colcon.colcon_core.package_identification:_identify(.) by extensions ['ignore', 'ignore_ament_install']
[0.241s] Level 1:colcon.colcon_core.package_identification:_identify(.) by extension 'ignore'
[0.241s] Level 1:colcon.colcon_core.package_identification:_identify(.) by extension 'ignore_ament_install'
[0.241s] Level 1:colcon.colcon_core.package_identification:_identify(.) by extensions ['colcon_pkg']
[0.241s] Level 1:colcon.colcon_core.package_identification:_identify(.) by extension 'colcon_pkg'
[0.242s] Level 1:colcon.colcon_core.package_identification:_identify(.) by extensions ['colcon_meta']
[0.242s] Level 1:colcon.colcon_core.package_identification:_identify(.) by extension 'colcon_meta'
[0.242s] Level 1:colcon.colcon_core.package_identification:_identify(.) by extensions ['ros']
[0.242s] Level 1:colcon.colcon_core.package_identification:_identify(.) by extension 'ros'
[0.250s] Level 1:colcon.colcon_core.package_identification:_identify(.) by extensions ['cmake', 'python']
[0.250s] Level 1:colcon.colcon_core.package_identification:_identify(.) by extension 'cmake'
[0.251s] Level 1:colcon.colcon_core.package_identification:_identify(.) by extension 'python'
[0.251s] Level 1:colcon.colcon_core.package_identification:_identify(.) by extensions ['python_setup_py']
[0.251s] Level 1:colcon.colcon_core.package_identification:_identify(.) by extension 'python_setup_py'
[0.251s] Level 1:colcon.colcon_core.package_identification:_identify(106b-sp26-labs-starter) by extensions ['ignore', 'ignore_ament_install']
[0.251s] Level 1:colcon.colcon_core.package_identification:_identify(106b-sp26-labs-starter) by extension 'ignore'
[0.252s] Level 1:colcon.colcon_core.package_identification:_identify(106b-sp26-labs-starter) by extension 'ignore_ament_install'
[0.252s] Level 1:colcon.colcon_core.package_identification:_identify(106b-sp26-labs-starter) by extensions ['colcon_pkg']
[0.252s] Level 1:colcon.colcon_core.package_identification:_identify(106b-sp26-labs-starter) by extension 'colcon_pkg'
[0.253s] Level 1:colcon.colcon_core.package_identification:_identify(106b-sp26-labs-starter) by extensions ['colcon_meta']
[0.253s] Level 1:colcon.colcon_core.package_identification:_identify(106b-sp26-labs-starter) by extension 'colcon_meta'
[0.253s] Level 1:colcon.colcon_core.package_identification:_identify(106b-sp26-labs-starter) by extensions ['ros']
[0.253s] Level 1:colcon.colcon_core.package_identification:_identify(106b-sp26-labs-starter) by extension 'ros'
[0.254s] Level 1:colcon.colcon_core.package_identification:_identify(106b-sp26-labs-starter) by extensions ['cmake', 'python']
[0.254s] Level 1:colcon.colcon_core.package_identification:_identify(106b-sp26-labs-starter) by extension 'cmake'
[0.254s] Level 1:colcon.colcon_core.package_identification:_identify(106b-sp26-labs-starter) by extension 'python'
[0.254s] Level 1:colcon.colcon_core.package_identification:_identify(106b-sp26-labs-starter) by extensions ['python_setup_py']
[0.254s] Level 1:colcon.colcon_core.package_identification:_identify(106b-sp26-labs-starter) by extension 'python_setup_py'
[0.255s] Level 1:colcon.colcon_core.package_identification:_identify(106b-sp26-labs-starter/build) by extensions ['ignore', 'ignore_ament_install']
[0.255s] Level 1:colcon.colcon_core.package_identification:_identify(106b-sp26-labs-starter/build) by extension 'ignore'
[0.255s] Level 1:colcon.colcon_core.package_identification:_identify(106b-sp26-labs-starter/build) ignored
[0.255s] Level 1:colcon.colcon_core.package_identification:_identify(106b-sp26-labs-starter/images) by extensions ['ignore', 'ignore_ament_install']
[0.255s] Level 1:colcon.colcon_core.package_identification:_identify(106b-sp26-labs-starter/images) by extension 'ignore'
[0.256s] Level 1:colcon.colcon_core.package_identification:_identify(106b-sp26-labs-starter/images) by extension 'ignore_ament_install'
[0.256s] Level 1:colcon.colcon_core.package_identification:_identify(106b-sp26-labs-starter/images) by extensions ['colcon_pkg']
[0.256s] Level 1:colcon.colcon_core.package_identification:_identify(106b-sp26-labs-starter/images) by extension 'colcon_pkg'
[0.256s] Level 1:colcon.colcon_core.package_identification:_identify(106b-sp26-labs-starter/images) by extensions ['colcon_meta']
[0.256s] Level 1:colcon.colcon_core.package_identification:_identify(106b-sp26-labs-starter/images) by extension 'colcon_meta'
[0.257s] Level 1:colcon.colcon_core.package_identification:_identify(106b-sp26-labs-starter/images) by extensions ['ros']
[0.257s] Level 1:colcon.colcon_core.package_identification:_identify(106b-sp26-labs-starter/images) by extension 'ros'
[0.258s] Level 1:colcon.colcon_core.package_identification:_identify(106b-sp26-labs-starter/images) by extensions ['cmake', 'python']
[0.258s] Level 1:colcon.colcon_core.package_identification:_identify(106b-sp26-labs-starter/images) by extension 'cmake'
[0.258s] Level 1:colcon.colcon_core.package_identification:_identify(106b-sp26-labs-starter/images) by extension 'python'
[0.258s] Level 1:colcon.colcon_core.package_identification:_identify(106b-sp26-labs-starter/images) by extensions ['python_setup_py']
[0.258s] Level 1:colcon.colcon_core.package_identification:_identify(106b-sp26-labs-starter/images) by extension 'python_setup_py'
[0.259s] Level 1:colcon.colcon_core.package_identification:_identify(106b-sp26-labs-starter/images/circle) by extensions ['ignore', 'ignore_ament_install']
[0.259s] Level 1:colcon.colcon_core.package_identification:_identify(106b-sp26-labs-starter/images/circle) by extension 'ignore'
[0.259s] Level 1:colcon.colcon_core.package_identification:_identify(106b-sp26-labs-starter/images/circle) by extension 'ignore_ament_install'
[0.260s] Level 1:colcon.colcon_core.package_identification:_identify(106b-sp26-labs-starter/images/circle) by extensions ['colcon_pkg']
[0.260s] Level 1:colcon.colcon_core.package_identification:_identify(106b-sp26-labs-starter/images/circle) by extension 'colcon_pkg'
[0.260s] Level 1:colcon.colcon_core.package_identification:_identify(106b-sp26-labs-starter/images/circle) by extensions ['colcon_meta']
[0.260s] Level 1:colcon.colcon_core.package_identification:_identify(106b-sp26-labs-starter/images/circle) by extension 'colcon_meta'
[0.260s] Level 1:colcon.colcon_core.package_identification:_identify(106b-sp26-labs-starter/images/circle) by extensions ['ros']
[0.260s] Level 1:colcon.colcon_core.package_identification:_identify(106b-sp26-labs-starter/images/circle) by extension 'ros'
[0.261s] Level 1:colcon.colcon_core.package_identification:_identify(106b-sp26-labs-starter/images/circle) by extensions ['cmake', 'python']
[0.261s] Level 1:colcon.colcon_core.package_identification:_identify(106b-sp26-labs-starter/images/circle) by extension 'cmake'
[0.261s] Level 1:colcon.colcon_core.package_identification:_identify(106b-sp26-labs-starter/images/circle) by extension 'python'
[0.262s] Level 1:colcon.colcon_core.package_identification:_identify(106b-sp26-labs-starter/images/circle) by extensions ['python_setup_py']
[0.262s] Level 1:colcon.colcon_core.package_identification:_identify(106b-sp26-labs-starter/images/circle) by extension 'python_setup_py'
[0.262s] Level 1:colcon.colcon_core.package_identification:_identify(106b-sp26-labs-starter/images/line) by extensions ['ignore', 'ignore_ament_install']
[0.263s] Level 1:colcon.colcon_core.package_identification:_identify(106b-sp26-labs-starter/images/line) by extension 'ignore'
[0.263s] Level 1:colcon.colcon_core.package_identification:_identify(106b-sp26-labs-starter/images/line) by extension 'ignore_ament_install'
[0.263s] Level 1:colcon.colcon_core.package_identification:_identify(106b-sp26-labs-starter/images/line) by extensions ['colcon_pkg']
[0.264s] Level 1:colcon.colcon_core.package_identification:_identify(106b-sp26-labs-starter/images/line) by extension 'colcon_pkg'
[0.264s] Level 1:colcon.colcon_core.package_identification:_identify(106b-sp26-labs-starter/images/line) by extensions ['colcon_meta']
[0.264s] Level 1:colcon.colcon_core.package_identification:_identify(106b-sp26-labs-starter/images/line) by extension 'colcon_meta'
[0.264s] Level 1:colcon.colcon_core.package_identification:_identify(106b-sp26-labs-starter/images/line) by extensions ['ros']
[0.264s] Level 1:colcon.colcon_core.package_identification:_identify(106b-sp26-labs-starter/images/line) by extension 'ros'
[0.265s] Level 1:colcon.colcon_core.package_identification:_identify(106b-sp26-labs-starter/images/line) by extensions ['cmake', 'python']
[0.265s] Level 1:colcon.colcon_core.package_identification:_identify(106b-sp26-labs-starter/images/line) by extension 'cmake'
[0.265s] Level 1:colcon.colcon_core.package_identification:_identify(106b-sp26-labs-starter/images/line) by extension 'python'
[0.265s] Level 1:colcon.colcon_core.package_identification:_identify(106b-sp26-labs-starter/images/line) by extensions ['python_setup_py']
[0.265s] Level 1:colcon.colcon_core.package_identification:_identify(106b-sp26-labs-starter/images/line) by extension 'python_setup_py'
[0.266s] Level 1:colcon.colcon_core.package_identification:_identify(106b-sp26-labs-starter/install) by extensions ['ignore', 'ignore_ament_install']
[0.266s] Level 1:colcon.colcon_core.package_identification:_identify(106b-sp26-labs-starter/install) by extension 'ignore'
[0.266s] Level 1:colcon.colcon_core.package_identification:_identify(106b-sp26-labs-starter/install) ignored
[0.268s] Level 1:colcon.colcon_core.package_identification:_identify(106b-sp26-labs-starter/log) by extensions ['ignore', 'ignore_ament_install']
[0.268s] Level 1:colcon.colcon_core.package_identification:_identify(106b-sp26-labs-starter/log) by extension 'ignore'
[0.268s] Level 1:colcon.colcon_core.package_identification:_identify(106b-sp26-labs-starter/log) ignored
[0.269s] Level 1:colcon.colcon_core.package_identification:_identify(106b-sp26-labs-starter/project1) by extensions ['ignore', 'ignore_ament_install']
[0.269s] Level 1:colcon.colcon_core.package_identification:_identify(106b-sp26-labs-starter/project1) by extension 'ignore'
[0.269s] Level 1:colcon.colcon_core.package_identification:_identify(106b-sp26-labs-starter/project1) by extension 'ignore_ament_install'
[0.269s] Level 1:colcon.colcon_core.package_identification:_identify(106b-sp26-labs-starter/project1) by extensions ['colcon_pkg']
[0.269s] Level 1:colcon.colcon_core.package_identification:_identify(106b-sp26-labs-starter/project1) by extension 'colcon_pkg'
[0.269s] Level 1:colcon.colcon_core.package_identification:_identify(106b-sp26-labs-starter/project1) by extensions ['colcon_meta']
[0.269s] Level 1:colcon.colcon_core.package_identification:_identify(106b-sp26-labs-starter/project1) by extension 'colcon_meta'
[0.269s] Level 1:colcon.colcon_core.package_identification:_identify(106b-sp26-labs-starter/project1) by extensions ['ros']
[0.269s] Level 1:colcon.colcon_core.package_identification:_identify(106b-sp26-labs-starter/project1) by extension 'ros'
[0.269s] Level 1:colcon.colcon_core.package_identification:_identify(106b-sp26-labs-starter/project1) by extensions ['cmake', 'python']
[0.269s] Level 1:colcon.colcon_core.package_identification:_identify(106b-sp26-labs-starter/project1) by extension 'cmake'
[0.269s] Level 1:colcon.colcon_core.package_identification:_identify(106b-sp26-labs-starter/project1) by extension 'python'
[0.269s] Level 1:colcon.colcon_core.package_identification:_identify(106b-sp26-labs-starter/project1) by extensions ['python_setup_py']
[0.269s] Level 1:colcon.colcon_core.package_identification:_identify(106b-sp26-labs-starter/project1) by extension 'python_setup_py'
[0.270s] Level 1:colcon.colcon_core.package_identification:_identify(106b-sp26-labs-starter/project1/build) by extensions ['ignore', 'ignore_ament_install']
[0.270s] Level 1:colcon.colcon_core.package_identification:_identify(106b-sp26-labs-starter/project1/build) by extension 'ignore'
[0.270s] Level 1:colcon.colcon_core.package_identification:_identify(106b-sp26-labs-starter/project1/build) ignored
[0.271s] Level 1:colcon.colcon_core.package_identification:_identify(106b-sp26-labs-starter/project1/install) by extensions ['ignore', 'ignore_ament_install']
[0.271s] Level 1:colcon.colcon_core.package_identification:_identify(106b-sp26-labs-starter/project1/install) by extension 'ignore'
[0.271s] Level 1:colcon.colcon_core.package_identification:_identify(106b-sp26-labs-starter/project1/install) ignored
[0.272s] Level 1:colcon.colcon_core.package_identification:_identify(106b-sp26-labs-starter/project1/log) by extensions ['ignore', 'ignore_ament_install']
[0.272s] Level 1:colcon.colcon_core.package_identification:_identify(106b-sp26-labs-starter/project1/log) by extension 'ignore'
[0.273s] Level 1:colcon.colcon_core.package_identification:_identify(106b-sp26-labs-starter/project1/log) ignored
[0.273s] Level 1:colcon.colcon_core.package_identification:_identify(106b-sp26-labs-starter/project1/src) by extensions ['ignore', 'ignore_ament_install']
[0.273s] Level 1:colcon.colcon_core.package_identification:_identify(106b-sp26-labs-starter/project1/src) by extension 'ignore'
[0.273s] Level 1:colcon.colcon_core.package_identification:_identify(106b-sp26-labs-starter/project1/src) by extension 'ignore_ament_install'
[0.273s] Level 1:colcon.colcon_core.package_identification:_identify(106b-sp26-labs-starter/project1/src) by extensions ['colcon_pkg']
[0.273s] Level 1:colcon.colcon_core.package_identification:_identify(106b-sp26-labs-starter/project1/src) by extension 'colcon_pkg'
[0.273s] Level 1:colcon.colcon_core.package_identification:_identify(106b-sp26-labs-starter/project1/src) by extensions ['colcon_meta']
[0.273s] Level 1:colcon.colcon_core.package_identification:_identify(106b-sp26-labs-starter/project1/src) by extension 'colcon_meta'
[0.273s] Level 1:colcon.colcon_core.package_identification:_identify(106b-sp26-labs-starter/project1/src) by extensions ['ros']
[0.273s] Level 1:colcon.colcon_core.package_identification:_identify(106b-sp26-labs-starter/project1/src) by extension 'ros'
[0.273s] Level 1:colcon.colcon_core.package_identification:_identify(106b-sp26-labs-starter/project1/src) by extensions ['cmake', 'python']
[0.273s] Level 1:colcon.colcon_core.package_identification:_identify(106b-sp26-labs-starter/project1/src) by extension 'cmake'
[0.274s] Level 1:colcon.colcon_core.package_identification:_identify(106b-sp26-labs-starter/project1/src) by extension 'python'
[0.274s] Level 1:colcon.colcon_core.package_identification:_identify(106b-sp26-labs-starter/project1/src) by extensions ['python_setup_py']
[0.274s] Level 1:colcon.colcon_core.package_identification:_identify(106b-sp26-labs-starter/project1/src) by extension 'python_setup_py'
[0.274s] Level 1:colcon.colcon_core.package_identification:_identify(106b-sp26-labs-starter/project1/src/ros2_aruco) by extensions ['ignore', 'ignore_ament_install']
[0.274s] Level 1:colcon.colcon_core.package_identification:_identify(106b-sp26-labs-starter/project1/src/ros2_aruco) by extension 'ignore'
[0.274s] Level 1:colcon.colcon_core.package_identification:_identify(106b-sp26-labs-starter/project1/src/ros2_aruco) by extension 'ignore_ament_install'
[0.274s] Level 1:colcon.colcon_core.package_identification:_identify(106b-sp26-labs-starter/project1/src/ros2_aruco) by extensions ['colcon_pkg']
[0.274s] Level 1:colcon.colcon_core.package_identification:_identify(106b-sp26-labs-starter/project1/src/ros2_aruco) by extension 'colcon_pkg'
[0.274s] Level 1:colcon.colcon_core.package_identification:_identify(106b-sp26-labs-starter/project1/src/ros2_aruco) by extensions ['colcon_meta']
[0.274s] Level 1:colcon.colcon_core.package_identification:_identify(106b-sp26-labs-starter/project1/src/ros2_aruco) by extension 'colcon_meta'
[0.274s] Level 1:colcon.colcon_core.package_identification:_identify(106b-sp26-labs-starter/project1/src/ros2_aruco) by extensions ['ros']
[0.274s] Level 1:colcon.colcon_core.package_identification:_identify(106b-sp26-labs-starter/project1/src/ros2_aruco) by extension 'ros'
[0.277s] DEBUG:colcon.colcon_core.package_identification:Package '106b-sp26-labs-starter/project1/src/ros2_aruco' with type 'ros.ament_python' and name 'ros2_aruco'
[0.278s] Level 1:colcon.colcon_core.package_identification:_identify(106b-sp26-labs-starter/project1/src/ros2_aruco_interfaces) by extensions ['ignore', 'ignore_ament_install']
[0.278s] Level 1:colcon.colcon_core.package_identification:_identify(106b-sp26-labs-starter/project1/src/ros2_aruco_interfaces) by extension 'ignore'
[0.278s] Level 1:colcon.colcon_core.package_identification:_identify(106b-sp26-labs-starter/project1/src/ros2_aruco_interfaces) by extension 'ignore_ament_install'
[0.278s] Level 1:colcon.colcon_core.package_identification:_identify(106b-sp26-labs-starter/project1/src/ros2_aruco_interfaces) by extensions ['colcon_pkg']
[0.278s] Level 1:colcon.colcon_core.package_identification:_identify(106b-sp26-labs-starter/project1/src/ros2_aruco_interfaces) by extension 'colcon_pkg'
[0.278s] Level 1:colcon.colcon_core.package_identification:_identify(106b-sp26-labs-starter/project1/src/ros2_aruco_interfaces) by extensions ['colcon_meta']
[0.278s] Level 1:colcon.colcon_core.package_identification:_identify(106b-sp26-labs-starter/project1/src/ros2_aruco_interfaces) by extension 'colcon_meta'
[0.278s] Level 1:colcon.colcon_core.package_identification:_identify(106b-sp26-labs-starter/project1/src/ros2_aruco_interfaces) by extensions ['ros']
[0.278s] Level 1:colcon.colcon_core.package_identification:_identify(106b-sp26-labs-starter/project1/src/ros2_aruco_interfaces) by extension 'ros'
[0.280s] DEBUG:colcon.colcon_core.package_identification:Package '106b-sp26-labs-starter/project1/src/ros2_aruco_interfaces' with type 'ros.ament_cmake' and name 'ros2_aruco_interfaces'
[0.281s] Level 1:colcon.colcon_core.package_identification:_identify(106b-sp26-labs-starter/project1/src/visual_servoing) by extensions ['ignore', 'ignore_ament_install']
[0.281s] Level 1:colcon.colcon_core.package_identification:_identify(106b-sp26-labs-starter/project1/src/visual_servoing) by extension 'ignore'
[0.281s] Level 1:colcon.colcon_core.package_identification:_identify(106b-sp26-labs-starter/project1/src/visual_servoing) by extension 'ignore_ament_install'
[0.281s] Level 1:colcon.colcon_core.package_identification:_identify(106b-sp26-labs-starter/project1/src/visual_servoing) by extensions ['colcon_pkg']
[0.281s] Level 1:colcon.colcon_core.package_identification:_identify(106b-sp26-labs-starter/project1/src/visual_servoing) by extension 'colcon_pkg'
[0.281s] Level 1:colcon.colcon_core.package_identification:_identify(106b-sp26-labs-starter/project1/src/visual_servoing) by extensions ['colcon_meta']
[0.281s] Level 1:colcon.colcon_core.package_identification:_identify(106b-sp26-labs-starter/project1/src/visual_servoing) by extension 'colcon_meta'
[0.281s] Level 1:colcon.colcon_core.package_identification:_identify(106b-sp26-labs-starter/project1/src/visual_servoing) by extensions ['ros']
[0.281s] Level 1:colcon.colcon_core.package_identification:_identify(106b-sp26-labs-starter/project1/src/visual_servoing) by extension 'ros'
[0.282s] DEBUG:colcon.colcon_core.package_identification:Package '106b-sp26-labs-starter/project1/src/visual_servoing' with type 'ros.ament_python' and name 'visual_servoing'
[0.284s] Level 1:colcon.colcon_core.package_identification:_identify(build) by extensions ['ignore', 'ignore_ament_install']
[0.284s] Level 1:colcon.colcon_core.package_identification:_identify(build) by extension 'ignore'
[0.284s] Level 1:colcon.colcon_core.package_identification:_identify(build) ignored
[0.285s] Level 1:colcon.colcon_core.package_identification:_identify(install) by extensions ['ignore', 'ignore_ament_install']
[0.285s] Level 1:colcon.colcon_core.package_identification:_identify(install) by extension 'ignore'
[0.285s] Level 1:colcon.colcon_core.package_identification:_identify(install) ignored
[0.286s] Level 1:colcon.colcon_core.package_identification:_identify(log) by extensions ['ignore', 'ignore_ament_install']
[0.286s] Level 1:colcon.colcon_core.package_identification:_identify(log) by extension 'ignore'
[0.286s] Level 1:colcon.colcon_core.package_identification:_identify(log) ignored
[0.287s] Level 1:colcon.colcon_core.package_identification:_identify(project1) by extensions ['ignore', 'ignore_ament_install']
[0.287s] Level 1:colcon.colcon_core.package_identification:_identify(project1) by extension 'ignore'
[0.288s] Level 1:colcon.colcon_core.package_identification:_identify(project1) by extension 'ignore_ament_install'
[0.289s] Level 1:colcon.colcon_core.package_identification:_identify(project1) by extensions ['colcon_pkg']
[0.289s] Level 1:colcon.colcon_core.package_identification:_identify(project1) by extension 'colcon_pkg'
[0.289s] Level 1:colcon.colcon_core.package_identification:_identify(project1) by extensions ['colcon_meta']
[0.289s] Level 1:colcon.colcon_core.package_identification:_identify(project1) by extension 'colcon_meta'
[0.289s] Level 1:colcon.colcon_core.package_identification:_identify(project1) by extensions ['ros']
[0.289s] Level 1:colcon.colcon_core.package_identification:_identify(project1) by extension 'ros'
[0.290s] Level 1:colcon.colcon_core.package_identification:_identify(project1) by extensions ['cmake', 'python']
[0.290s] Level 1:colcon.colcon_core.package_identification:_identify(project1) by extension 'cmake'
[0.291s] Level 1:colcon.colcon_core.package_identification:_identify(project1) by extension 'python'
[0.291s] Level 1:colcon.colcon_core.package_identification:_identify(project1) by extensions ['python_setup_py']
[0.291s] Level 1:colcon.colcon_core.package_identification:_identify(project1) by extension 'python_setup_py'
[0.293s] Level 1:colcon.colcon_core.package_identification:_identify(project1/build) by extensions ['ignore', 'ignore_ament_install']
[0.293s] Level 1:colcon.colcon_core.package_identification:_identify(project1/build) by extension 'ignore'
[0.293s] Level 1:colcon.colcon_core.package_identification:_identify(project1/build) ignored
[0.295s] Level 1:colcon.colcon_core.package_identification:_identify(project1/install) by extensions ['ignore', 'ignore_ament_install']
[0.295s] Level 1:colcon.colcon_core.package_identification:_identify(project1/install) by extension 'ignore'
[0.295s] Level 1:colcon.colcon_core.package_identification:_identify(project1/install) ignored
[0.303s] Level 1:colcon.colcon_core.package_identification:_identify(project1/log) by extensions ['ignore', 'ignore_ament_install']
[0.303s] Level 1:colcon.colcon_core.package_identification:_identify(project1/log) by extension 'ignore'
[0.303s] Level 1:colcon.colcon_core.package_identification:_identify(project1/log) ignored
[0.305s] Level 1:colcon.colcon_core.package_identification:_identify(project1/src) by extensions ['ignore', 'ignore_ament_install']
[0.305s] Level 1:colcon.colcon_core.package_identification:_identify(project1/src) by extension 'ignore'
[0.305s] Level 1:colcon.colcon_core.package_identification:_identify(project1/src) by extension 'ignore_ament_install'
[0.306s] Level 1:colcon.colcon_core.package_identification:_identify(project1/src) by extensions ['colcon_pkg']
[0.306s] Level 1:colcon.colcon_core.package_identification:_identify(project1/src) by extension 'colcon_pkg'
[0.306s] Level 1:colcon.colcon_core.package_identification:_identify(project1/src) by extensions ['colcon_meta']
[0.306s] Level 1:colcon.colcon_core.package_identification:_identify(project1/src) by extension 'colcon_meta'
[0.306s] Level 1:colcon.colcon_core.package_identification:_identify(project1/src) by extensions ['ros']
[0.306s] Level 1:colcon.colcon_core.package_identification:_identify(project1/src) by extension 'ros'
[0.308s] Level 1:colcon.colcon_core.package_identification:_identify(project1/src) by extensions ['cmake', 'python']
[0.308s] Level 1:colcon.colcon_core.package_identification:_identify(project1/src) by extension 'cmake'
[0.308s] Level 1:colcon.colcon_core.package_identification:_identify(project1/src) by extension 'python'
[0.308s] Level 1:colcon.colcon_core.package_identification:_identify(project1/src) by extensions ['python_setup_py']
[0.308s] Level 1:colcon.colcon_core.package_identification:_identify(project1/src) by extension 'python_setup_py'
[0.310s] Level 1:colcon.colcon_core.package_identification:_identify(project1/src/build) by extensions ['ignore', 'ignore_ament_install']
[0.310s] Level 1:colcon.colcon_core.package_identification:_identify(project1/src/build) by extension 'ignore'
[0.310s] Level 1:colcon.colcon_core.package_identification:_identify(project1/src/build) ignored
[0.311s] Level 1:colcon.colcon_core.package_identification:_identify(project1/src/install) by extensions ['ignore', 'ignore_ament_install']
[0.312s] Level 1:colcon.colcon_core.package_identification:_identify(project1/src/install) by extension 'ignore'
[0.312s] Level 1:colcon.colcon_core.package_identification:_identify(project1/src/install) ignored
[0.314s] Level 1:colcon.colcon_core.package_identification:_identify(project1/src/log) by extensions ['ignore', 'ignore_ament_install']
[0.314s] Level 1:colcon.colcon_core.package_identification:_identify(project1/src/log) by extension 'ignore'
[0.314s] Level 1:colcon.colcon_core.package_identification:_identify(project1/src/log) ignored
[0.316s] Level 1:colcon.colcon_core.package_identification:_identify(project1/src/ros2_aruco) by extensions ['ignore', 'ignore_ament_install']
[0.316s] Level 1:colcon.colcon_core.package_identification:_identify(project1/src/ros2_aruco) by extension 'ignore'
[0.316s] Level 1:colcon.colcon_core.package_identification:_identify(project1/src/ros2_aruco) by extension 'ignore_ament_install'
[0.317s] Level 1:colcon.colcon_core.package_identification:_identify(project1/src/ros2_aruco) by extensions ['colcon_pkg']
[0.317s] Level 1:colcon.colcon_core.package_identification:_identify(project1/src/ros2_aruco) by extension 'colcon_pkg'
[0.317s] Level 1:colcon.colcon_core.package_identification:_identify(project1/src/ros2_aruco) by extensions ['colcon_meta']
[0.317s] Level 1:colcon.colcon_core.package_identification:_identify(project1/src/ros2_aruco) by extension 'colcon_meta'
[0.317s] Level 1:colcon.colcon_core.package_identification:_identify(project1/src/ros2_aruco) by extensions ['ros']
[0.317s] Level 1:colcon.colcon_core.package_identification:_identify(project1/src/ros2_aruco) by extension 'ros'
[0.320s] DEBUG:colcon.colcon_core.package_identification:Package 'project1/src/ros2_aruco' with type 'ros.ament_python' and name 'ros2_aruco'
[0.322s] Level 1:colcon.colcon_core.package_identification:_identify(project1/src/ros2_aruco_interfaces) by extensions ['ignore', 'ignore_ament_install']
[0.322s] Level 1:colcon.colcon_core.package_identification:_identify(project1/src/ros2_aruco_interfaces) by extension 'ignore'
[0.322s] Level 1:colcon.colcon_core.package_identification:_identify(project1/src/ros2_aruco_interfaces) by extension 'ignore_ament_install'
[0.323s] Level 1:colcon.colcon_core.package_identification:_identify(project1/src/ros2_aruco_interfaces) by extensions ['colcon_pkg']
[0.323s] Level 1:colcon.colcon_core.package_identification:_identify(project1/src/ros2_aruco_interfaces) by extension 'colcon_pkg'
[0.323s] Level 1:colcon.colcon_core.package_identification:_identify(project1/src/ros2_aruco_interfaces) by extensions ['colcon_meta']
[0.323s] Level 1:colcon.colcon_core.package_identification:_identify(project1/src/ros2_aruco_interfaces) by extension 'colcon_meta'
[0.323s] Level 1:colcon.colcon_core.package_identification:_identify(project1/src/ros2_aruco_interfaces) by extensions ['ros']
[0.323s] Level 1:colcon.colcon_core.package_identification:_identify(project1/src/ros2_aruco_interfaces) by extension 'ros'
[0.327s] DEBUG:colcon.colcon_core.package_identification:Package 'project1/src/ros2_aruco_interfaces' with type 'ros.ament_cmake' and name 'ros2_aruco_interfaces'
[0.328s] Level 1:colcon.colcon_core.package_identification:_identify(project1/src/visual_servoing) by extensions ['ignore', 'ignore_ament_install']
[0.329s] Level 1:colcon.colcon_core.package_identification:_identify(project1/src/visual_servoing) by extension 'ignore'
[0.329s] Level 1:colcon.colcon_core.package_identification:_identify(project1/src/visual_servoing) by extension 'ignore_ament_install'
[0.330s] Level 1:colcon.colcon_core.package_identification:_identify(project1/src/visual_servoing) by extensions ['colcon_pkg']
[0.330s] Level 1:colcon.colcon_core.package_identification:_identify(project1/src/visual_servoing) by extension 'colcon_pkg'
[0.330s] Level 1:colcon.colcon_core.package_identification:_identify(project1/src/visual_servoing) by extensions ['colcon_meta']
[0.330s] Level 1:colcon.colcon_core.package_identification:_identify(project1/src/visual_servoing) by extension 'colcon_meta'
[0.330s] Level 1:colcon.colcon_core.package_identification:_identify(project1/src/visual_servoing) by extensions ['ros']
[0.330s] Level 1:colcon.colcon_core.package_identification:_identify(project1/src/visual_servoing) by extension 'ros'
[0.333s] DEBUG:colcon.colcon_core.package_identification:Package 'project1/src/visual_servoing' with type 'ros.ament_python' and name 'visual_servoing'
[0.333s] Level 1:colcon.colcon_core.package_discovery:discover_packages(recursive) using defaults
[0.333s] Level 1:colcon.colcon_core.package_discovery:discover_packages(ignore) discover
[0.333s] Level 1:colcon.colcon_core.package_discovery:discover_packages(ignore) using defaults
[0.333s] Level 1:colcon.colcon_core.package_discovery:discover_packages(path) discover
[0.333s] Level 1:colcon.colcon_core.package_discovery:discover_packages(path) using defaults
[0.378s] ERROR:colcon:colcon build: Duplicate package names not supported:
- ros2_aruco:
  - 106b-sp26-labs-starter/project1/src/ros2_aruco
  - project1/src/ros2_aruco
- ros2_aruco_interfaces:
  - 106b-sp26-labs-starter/project1/src/ros2_aruco_interfaces
  - project1/src/ros2_aruco_interfaces
- visual_servoing:
  - 106b-sp26-labs-starter/project1/src/visual_servoing
  - project1/src/visual_servoing
