running egg_info
creating ../../../build/plannedcntrl/plannedcntrl.egg-info
writing ../../../build/plannedcntrl/plannedcntrl.egg-info/PKG-INFO
writing dependency_links to ../../../build/plannedcntrl/plannedcntrl.egg-info/dependency_links.txt
writing entry points to ../../../build/plannedcntrl/plannedcntrl.egg-info/entry_points.txt
writing requirements to ../../../build/plannedcntrl/plannedcntrl.egg-info/requires.txt
writing top-level names to ../../../build/plannedcntrl/plannedcntrl.egg-info/top_level.txt
writing manifest file '../../../build/plannedcntrl/plannedcntrl.egg-info/SOURCES.txt'
reading manifest file '../../../build/plannedcntrl/plannedcntrl.egg-info/SOURCES.txt'
writing manifest file '../../../build/plannedcntrl/plannedcntrl.egg-info/SOURCES.txt'
running build
running build_py
creating /home/cc/ee106b/sp26/class/ee106b-aac/eeca106b-project/project3/build/plannedcntrl/build
creating /home/cc/ee106b/sp26/class/ee106b-aac/eeca106b-project/project3/build/plannedcntrl/build/lib
creating /home/cc/ee106b/sp26/class/ee106b-aac/eeca106b-project/project3/build/plannedcntrl/build/lib/plannedcntrl
copying plannedcntrl/__init__.py -> /home/cc/ee106b/sp26/class/ee106b-aac/eeca106b-project/project3/build/plannedcntrl/build/lib/plannedcntrl
copying plannedcntrl/turtlebot_control.py -> /home/cc/ee106b/sp26/class/ee106b-aac/eeca106b-project/project3/build/plannedcntrl/build/lib/plannedcntrl
running install
running install_lib
creating /home/cc/ee106b/sp26/class/ee106b-aac/eeca106b-project/project3/install/plannedcntrl/lib/python3.10/site-packages/plannedcntrl
copying /home/cc/ee106b/sp26/class/ee106b-aac/eeca106b-project/project3/build/plannedcntrl/build/lib/plannedcntrl/__init__.py -> /home/cc/ee106b/sp26/class/ee106b-aac/eeca106b-project/project3/install/plannedcntrl/lib/python3.10/site-packages/plannedcntrl
copying /home/cc/ee106b/sp26/class/ee106b-aac/eeca106b-project/project3/build/plannedcntrl/build/lib/plannedcntrl/turtlebot_control.py -> /home/cc/ee106b/sp26/class/ee106b-aac/eeca106b-project/project3/install/plannedcntrl/lib/python3.10/site-packages/plannedcntrl
byte-compiling /home/cc/ee106b/sp26/class/ee106b-aac/eeca106b-project/project3/install/plannedcntrl/lib/python3.10/site-packages/plannedcntrl/__init__.py to __init__.cpython-310.pyc
byte-compiling /home/cc/ee106b/sp26/class/ee106b-aac/eeca106b-project/project3/install/plannedcntrl/lib/python3.10/site-packages/plannedcntrl/turtlebot_control.py to turtlebot_control.cpython-310.pyc
running install_data
creating /home/cc/ee106b/sp26/class/ee106b-aac/eeca106b-project/project3/install/plannedcntrl/share/ament_index
creating /home/cc/ee106b/sp26/class/ee106b-aac/eeca106b-project/project3/install/plannedcntrl/share/ament_index/resource_index
creating /home/cc/ee106b/sp26/class/ee106b-aac/eeca106b-project/project3/install/plannedcntrl/share/ament_index/resource_index/packages
copying resource/plannedcntrl -> /home/cc/ee106b/sp26/class/ee106b-aac/eeca106b-project/project3/install/plannedcntrl/share/ament_index/resource_index/packages
copying package.xml -> /home/cc/ee106b/sp26/class/ee106b-aac/eeca106b-project/project3/install/plannedcntrl/share/plannedcntrl
running install_egg_info
Copying ../../../build/plannedcntrl/plannedcntrl.egg-info to /home/cc/ee106b/sp26/class/ee106b-aac/eeca106b-project/project3/install/plannedcntrl/lib/python3.10/site-packages/plannedcntrl-0.0.0-py3.10.egg-info
running install_scripts
Installing turtlebot_control script to /home/cc/ee106b/sp26/class/ee106b-aac/eeca106b-project/project3/install/plannedcntrl/lib/plannedcntrl
writing list of installed files to '/home/cc/ee106b/sp26/class/ee106b-aac/eeca106b-project/project3/build/plannedcntrl/install.log'
