[0.812s] Invoking command in '/home/cc/ee106b/sp26/class/ee106b-aac/eeca106b-project/project3/starter/src/plannedcntrl': PYTHONPATH=/home/cc/ee106b/sp26/class/ee106b-aac/eeca106b-project/project3/starter/build/plannedcntrl/prefix_override:/usr/lib/python3/dist-packages/colcon_core/task/python/colcon_distutils_commands:/home/cc/ee106b/sp26/class/ee106b-aac/eeca106b-project/project3/starter/install/plannedcntrl/lib/python3.10/site-packages:${PYTHONPATH} /usr/bin/python3 -W ignore:setup.py install is deprecated -W ignore:easy_install command is deprecated setup.py egg_info --egg-base ../../build/plannedcntrl build --build-base /home/cc/ee106b/sp26/class/ee106b-aac/eeca106b-project/project3/starter/build/plannedcntrl/build install --record /home/cc/ee106b/sp26/class/ee106b-aac/eeca106b-project/project3/starter/build/plannedcntrl/install.log --single-version-externally-managed install_data
[1.015s] running egg_info
[1.016s] writing ../../build/plannedcntrl/plannedcntrl.egg-info/PKG-INFO
[1.019s] writing dependency_links to ../../build/plannedcntrl/plannedcntrl.egg-info/dependency_links.txt
[1.021s] writing entry points to ../../build/plannedcntrl/plannedcntrl.egg-info/entry_points.txt
[1.023s] writing requirements to ../../build/plannedcntrl/plannedcntrl.egg-info/requires.txt
[1.025s] writing top-level names to ../../build/plannedcntrl/plannedcntrl.egg-info/top_level.txt
[1.029s] reading manifest file '../../build/plannedcntrl/plannedcntrl.egg-info/SOURCES.txt'
[1.031s] writing manifest file '../../build/plannedcntrl/plannedcntrl.egg-info/SOURCES.txt'
[1.033s] running build
[1.033s] running build_py
[1.034s] copying plannedcntrl/turtlebot_control.py -> /home/cc/ee106b/sp26/class/ee106b-aac/eeca106b-project/project3/starter/build/plannedcntrl/build/lib/plannedcntrl
[1.037s] running install
[1.038s] running install_lib
[1.040s] copying /home/cc/ee106b/sp26/class/ee106b-aac/eeca106b-project/project3/starter/build/plannedcntrl/build/lib/plannedcntrl/turtlebot_control.py -> /home/cc/ee106b/sp26/class/ee106b-aac/eeca106b-project/project3/starter/install/plannedcntrl/lib/python3.10/site-packages/plannedcntrl
[1.045s] byte-compiling /home/cc/ee106b/sp26/class/ee106b-aac/eeca106b-project/project3/starter/install/plannedcntrl/lib/python3.10/site-packages/plannedcntrl/turtlebot_control.py to turtlebot_control.cpython-310.pyc
[1.050s] running install_data
[1.053s] running install_egg_info
[1.056s] removing '/home/cc/ee106b/sp26/class/ee106b-aac/eeca106b-project/project3/starter/install/plannedcntrl/lib/python3.10/site-packages/plannedcntrl-0.0.0-py3.10.egg-info' (and everything under it)
[1.062s] Copying ../../build/plannedcntrl/plannedcntrl.egg-info to /home/cc/ee106b/sp26/class/ee106b-aac/eeca106b-project/project3/starter/install/plannedcntrl/lib/python3.10/site-packages/plannedcntrl-0.0.0-py3.10.egg-info
[1.089s] running install_scripts
[1.116s] Installing turtlebot_control script to /home/cc/ee106b/sp26/class/ee106b-aac/eeca106b-project/project3/starter/install/plannedcntrl/lib/plannedcntrl
[1.118s] writing list of installed files to '/home/cc/ee106b/sp26/class/ee106b-aac/eeca106b-project/project3/starter/build/plannedcntrl/install.log'
[1.134s] Invoked command in '/home/cc/ee106b/sp26/class/ee106b-aac/eeca106b-project/project3/starter/src/plannedcntrl' returned '0': PYTHONPATH=/home/cc/ee106b/sp26/class/ee106b-aac/eeca106b-project/project3/starter/build/plannedcntrl/prefix_override:/usr/lib/python3/dist-packages/colcon_core/task/python/colcon_distutils_commands:/home/cc/ee106b/sp26/class/ee106b-aac/eeca106b-project/project3/starter/install/plannedcntrl/lib/python3.10/site-packages:${PYTHONPATH} /usr/bin/python3 -W ignore:setup.py install is deprecated -W ignore:easy_install command is deprecated setup.py egg_info --egg-base ../../build/plannedcntrl build --build-base /home/cc/ee106b/sp26/class/ee106b-aac/eeca106b-project/project3/starter/build/plannedcntrl/build install --record /home/cc/ee106b/sp26/class/ee106b-aac/eeca106b-project/project3/starter/build/plannedcntrl/install.log --single-version-externally-managed install_data
