[0.000000] (-) TimerEvent: {}
[0.000080] (ros2_aruco) JobQueued: {'identifier': 'ros2_aruco', 'dependencies': OrderedDict()}
[0.000100] (ros2_aruco_interfaces) JobQueued: {'identifier': 'ros2_aruco_interfaces', 'dependencies': OrderedDict()}
[0.000111] (visual_servoing) JobQueued: {'identifier': 'visual_servoing', 'dependencies': OrderedDict()}
[0.000120] (ros2_aruco) JobStarted: {'identifier': 'ros2_aruco'}
[0.027970] (ros2_aruco_interfaces) JobStarted: {'identifier': 'ros2_aruco_interfaces'}
[0.040744] (visual_servoing) JobStarted: {'identifier': 'visual_servoing'}
[0.099591] (-) TimerEvent: {}
[0.199896] (-) TimerEvent: {}
[0.300145] (-) TimerEvent: {}
[0.326503] (ros2_aruco_interfaces) JobProgress: {'identifier': 'ros2_aruco_interfaces', 'progress': 'cmake'}
[0.333807] (ros2_aruco_interfaces) Command: {'cmd': ['/usr/bin/cmake', '/home/cc/ee106b/sp26/class/ee106b-aac/eeca106b-project/project1/src/ros2_aruco_interfaces', '-DCMAKE_INSTALL_PREFIX=/home/cc/ee106b/sp26/class/ee106b-aac/eeca106b-project/project1/src/install/ros2_aruco_interfaces'], 'cwd': '/home/cc/ee106b/sp26/class/ee106b-aac/eeca106b-project/project1/src/build/ros2_aruco_interfaces', 'env': OrderedDict([('ARCH', 'x86_64'), ('QT_SCALE_FACTOR', '1'), ('USER', 'ee106b-aac'), ('HOSTNAME', 'ros2'), ('XDG_SESSION_TYPE', 'x11'), ('MASTERDIR', '/home/ff/ee106b'), ('COMPIZ_CONFIG_PROFILE', 'mate'), ('XDG_CACHE_HOME', '/home/cc/ee106b/sp26/class/ee106b-aac/.cache'), ('SHLVL', '2'), ('LD_LIBRARY_PATH', '/usr/lib/x86_64-linux-gnu/gazebo-11/plugins:/opt/ros/humble/opt/rviz_ogre_vendor/lib:/opt/ros/humble/lib/x86_64-linux-gnu:/opt/ros/humble/lib'), ('HOME', '/home/cc/ee106b/sp26/class/ee106b-aac'), ('OLDPWD', '/home/cc/ee106b/sp26/class/ee106b-aac/eeca106b-project/project1'), ('DESKTOP_SESSION', 'mate'), ('ROS_PYTHON_VERSION', '3'), ('GTK_MODULES', 'gail:atk-bridge:appmenu-gtk-module:gail:atk-bridge:canberra-gtk-module'), ('EE106_UR_ROBOT_IP', '192.168.1.102'), ('DISTROBOX_ENTER_PATH', '/usr/local/bin/distrobox-enter'), ('SYSTEMD_EXEC_PID', '256010'), ('NNTPSERVER', 'news.csua.berkeley.edu'), ('VISUAL', 'emacs'), ('XDG_STATE_HOME', '/home/cc/ee106b/sp26/class/ee106b-aac/.local/state'), ('DBUS_SESSION_BUS_ADDRESS', 'unix:path=/run/user/33866/bus'), ('COLORTERM', 'truecolor'), ('container', 'podman'), ('UBUNTU_MENUPROXY', '1'), ('QT_QPA_PLATFORMTHEME', 'gtk2'), ('COLCON_PREFIX_PATH', '/home/ff/ee106a/robot_workspaces/ur/install'), ('ROS_DISTRO', 'humble'), ('GTK_IM_MODULE', 'ibus'), ('LOGNAME', 'ee106b-aac'), ('MASTER', 'ee106b'), ('WINDOWID', '69206022'), ('ROS_VERSION', '2'), ('XDG_SESSION_CLASS', 'user'), ('TERMINFO_DIRS', '/usr/share/terminfo:/run/host/usr/share/terminfo'), ('USERNAME', 'ee106b-aac'), ('TERM', 'xterm-256color'), ('GTK_OVERLAY_SCROLLING', '0'), ('XDG_SESSION_ID', '7745'), ('ROS_LOCALHOST_ONLY', '0'), ('WINDOWPATH', '2'), ('PATH', '/share/b/grading/bin:/home/ff/ee106b/bin:/home/ff/ee106b/bin/arch/x86_64:/opt/ros/humble/bin:/share/b/grading/bin:/home/ff/ee106b/bin:/home/ff/ee106b/bin/arch/x86_64:/share/b/grading/bin:/home/ff/ee106b/bin:/home/ff/ee106b/bin/arch/x86_64:/usr/local/sbin:/usr/local/bin:/usr/sbin:/usr/bin:/sbin:/bin:/usr/games:/usr/local/games:/snap/bin:/snap/bin:/share/b/grading/bin:/share/b/grading/sbin:/share/b/runas/x86_64:/share/b/bin:/usr/local/sbin:/usr/local/bin:/usr/sbin:/usr/bin:/sbin:/bin:/share/b/grading/bin:/share/b/grading/sbin:/share/b/runas/x86_64:/share/b/bin:/share/b/grading/bin:/share/b/grading/sbin:/share/b/runas/x86_64:/share/b/bin'), ('SESSION_MANAGER', 'local/c105-8:@/tmp/.ICE-unix/256092,unix/c105-8:/tmp/.ICE-unix/256092'), ('OS', 'Linux'), ('XDG_RUNTIME_DIR', '/run/user/33866'), ('DISPLAY', ':1'), ('LANG', 'en_US.UTF-8'), ('XDG_CURRENT_DESKTOP', 'MATE'), ('XDG_DATA_HOME', '/home/cc/ee106b/sp26/class/ee106b-aac/.local/share'), ('XDG_CONFIG_HOME', '/home/cc/ee106b/sp26/class/ee106b-aac/.config'), ('XMODIFIERS', '@im=ibus'), ('XDG_SESSION_DESKTOP', 'mate'), ('XAUTHORITY', '/run/user/33866/gdm/Xauthority'), ('SSH_AUTH_SOCK', '/run/user/33866/keyring/ssh'), ('ROS_DOMAIN_ID', '28'), ('AMENT_PREFIX_PATH', '/home/ff/ee106a/robot_workspaces/ur/install/ur7e_utils:/opt/ros/humble'), ('SHELL', '/usr/bin/bash'), ('QT_ACCESSIBILITY', '1'), ('EE106_UR_ROBOT_NAME', 'astroboy'), ('GDMSESSION', 'mate'), ('RUNAS', '/share/b/runas/x86_64'), ('GPG_AGENT_INFO', '/run/user/33866/gnupg/S.gpg-agent:0:1'), ('CONFIG_SHELL', '/usr/bin/ksh'), ('QT_IM_MODULE', 'ibus'), ('PWD', '/home/cc/ee106b/sp26/class/ee106b-aac/eeca106b-project/project1/src/build/ros2_aruco_interfaces'), ('EE106_ENV_SETUP', 'ur_ros2'), ('CONTAINER_ID', 'ros2'), ('LC_ALL', 'C.UTF-8'), ('XDG_CONFIG_DIRS', '/etc/xdg/xdg-mate:/etc/xdg'), ('CLUTTER_IM_MODULE', 'ibus'), ('XDG_DATA_DIRS', '/usr/share/mate:/usr/share/mate:/usr/share/gnome:/home/cc/ee106b/sp26/class/ee106b-aac/.local/share/flatpak/exports/share:/var/lib/flatpak/exports/share:/usr/local/share/:/usr/share/:/var/lib/snapd/desktop:/usr/local/share:/usr/share'), ('PYTHONPATH', '/home/ff/ee106a/robot_workspaces/ur/install/ur7e_utils/lib/python3.10/site-packages:/opt/ros/humble/lib/python3.10/site-packages:/opt/ros/humble/local/lib/python3.10/dist-packages'), ('MATE_DESKTOP_SESSION_ID', 'this-is-deprecated'), ('COLCON', '1'), ('MANPATH', '/usr/local/man:/usr/man:/usr/X11/man:/usr/local/man:/share/b/grading/man:/usr/local/man:/usr/man:/usr/X11/man:/usr/local/man:/share/b/grading/man:/usr/local/man:/usr/man:/usr/X11/man:/usr/local/man:/share/b/grading/man:'), ('VTE_VERSION', '6800'), ('EDITOR', 'emacs'), ('QT_FONT_DPI', '122'), ('CMAKE_PREFIX_PATH', '/home/ff/ee106a/robot_workspaces/ur/install/ur7e_utils:/opt/ros/humble')]), 'shell': False}
[0.400239] (-) TimerEvent: {}
[0.456089] (ros2_aruco_interfaces) StdoutLine: {'line': b'-- The C compiler identification is GNU 11.4.0\n'}
[0.500363] (-) TimerEvent: {}
[0.600792] (-) TimerEvent: {}
[0.609806] (ros2_aruco_interfaces) StdoutLine: {'line': b'-- The CXX compiler identification is GNU 11.4.0\n'}
[0.628773] (ros2_aruco_interfaces) StdoutLine: {'line': b'-- Detecting C compiler ABI info\n'}
[0.700907] (-) TimerEvent: {}
[0.801293] (-) TimerEvent: {}
[0.826881] (ros2_aruco_interfaces) StdoutLine: {'line': b'-- Detecting C compiler ABI info - done\n'}
[0.836853] (ros2_aruco_interfaces) StdoutLine: {'line': b'-- Check for working C compiler: /usr/bin/cc - skipped\n'}
[0.837147] (ros2_aruco_interfaces) StdoutLine: {'line': b'-- Detecting C compile features\n'}
[0.837491] (ros2_aruco_interfaces) StdoutLine: {'line': b'-- Detecting C compile features - done\n'}
[0.848488] (ros2_aruco_interfaces) StdoutLine: {'line': b'-- Detecting CXX compiler ABI info\n'}
[0.901368] (-) TimerEvent: {}
[1.001581] (-) TimerEvent: {}
[1.015785] (ros2_aruco_interfaces) StdoutLine: {'line': b'-- Detecting CXX compiler ABI info - done\n'}
[1.017881] (ros2_aruco) Command: {'cmd': ['/usr/bin/python3', '-W', 'ignore:setup.py install is deprecated', '-W', 'ignore:easy_install command is deprecated', 'setup.py', 'egg_info', '--egg-base', '../build/ros2_aruco', 'build', '--build-base', '/home/cc/ee106b/sp26/class/ee106b-aac/eeca106b-project/project1/src/build/ros2_aruco/build', 'install', '--record', '/home/cc/ee106b/sp26/class/ee106b-aac/eeca106b-project/project1/src/build/ros2_aruco/install.log', '--single-version-externally-managed', 'install_data'], 'cwd': '/home/cc/ee106b/sp26/class/ee106b-aac/eeca106b-project/project1/src/ros2_aruco', 'env': {'ARCH': 'x86_64', 'QT_SCALE_FACTOR': '1', 'USER': 'ee106b-aac', 'HOSTNAME': 'ros2', 'XDG_SESSION_TYPE': 'x11', 'MASTERDIR': '/home/ff/ee106b', 'COMPIZ_CONFIG_PROFILE': 'mate', 'XDG_CACHE_HOME': '/home/cc/ee106b/sp26/class/ee106b-aac/.cache', 'SHLVL': '2', 'LD_LIBRARY_PATH': '/usr/lib/x86_64-linux-gnu/gazebo-11/plugins:/opt/ros/humble/opt/rviz_ogre_vendor/lib:/opt/ros/humble/lib/x86_64-linux-gnu:/opt/ros/humble/lib', 'HOME': '/home/cc/ee106b/sp26/class/ee106b-aac', 'OLDPWD': '/home/cc/ee106b/sp26/class/ee106b-aac/eeca106b-project/project1', 'DESKTOP_SESSION': 'mate', 'ROS_PYTHON_VERSION': '3', 'GTK_MODULES': 'gail:atk-bridge:appmenu-gtk-module:gail:atk-bridge:canberra-gtk-module', 'EE106_UR_ROBOT_IP': '192.168.1.102', 'DISTROBOX_ENTER_PATH': '/usr/local/bin/distrobox-enter', 'SYSTEMD_EXEC_PID': '256010', 'NNTPSERVER': 'news.csua.berkeley.edu', 'VISUAL': 'emacs', 'XDG_STATE_HOME': '/home/cc/ee106b/sp26/class/ee106b-aac/.local/state', 'DBUS_SESSION_BUS_ADDRESS': 'unix:path=/run/user/33866/bus', 'COLORTERM': 'truecolor', 'container': 'podman', 'UBUNTU_MENUPROXY': '1', 'QT_QPA_PLATFORMTHEME': 'gtk2', 'COLCON_PREFIX_PATH': '/home/ff/ee106a/robot_workspaces/ur/install', 'ROS_DISTRO': 'humble', 'GTK_IM_MODULE': 'ibus', 'LOGNAME': 'ee106b-aac', 'MASTER': 'ee106b', 'WINDOWID': '69206022', 'ROS_VERSION': '2', 'XDG_SESSION_CLASS': 'user', 'TERMINFO_DIRS': '/usr/share/terminfo:/run/host/usr/share/terminfo', 'USERNAME': 'ee106b-aac', 'TERM': 'xterm-256color', 'GTK_OVERLAY_SCROLLING': '0', 'XDG_SESSION_ID': '7745', 'ROS_LOCALHOST_ONLY': '0', 'WINDOWPATH': '2', 'PATH': '/share/b/grading/bin:/home/ff/ee106b/bin:/home/ff/ee106b/bin/arch/x86_64:/opt/ros/humble/bin:/share/b/grading/bin:/home/ff/ee106b/bin:/home/ff/ee106b/bin/arch/x86_64:/share/b/grading/bin:/home/ff/ee106b/bin:/home/ff/ee106b/bin/arch/x86_64:/usr/local/sbin:/usr/local/bin:/usr/sbin:/usr/bin:/sbin:/bin:/usr/games:/usr/local/games:/snap/bin:/snap/bin:/share/b/grading/bin:/share/b/grading/sbin:/share/b/runas/x86_64:/share/b/bin:/usr/local/sbin:/usr/local/bin:/usr/sbin:/usr/bin:/sbin:/bin:/share/b/grading/bin:/share/b/grading/sbin:/share/b/runas/x86_64:/share/b/bin:/share/b/grading/bin:/share/b/grading/sbin:/share/b/runas/x86_64:/share/b/bin', 'SESSION_MANAGER': 'local/c105-8:@/tmp/.ICE-unix/256092,unix/c105-8:/tmp/.ICE-unix/256092', 'OS': 'Linux', 'XDG_RUNTIME_DIR': '/run/user/33866', 'DISPLAY': ':1', 'LANG': 'en_US.UTF-8', 'XDG_CURRENT_DESKTOP': 'MATE', 'XDG_DATA_HOME': '/home/cc/ee106b/sp26/class/ee106b-aac/.local/share', 'XDG_CONFIG_HOME': '/home/cc/ee106b/sp26/class/ee106b-aac/.config', 'XMODIFIERS': '@im=ibus', 'XDG_SESSION_DESKTOP': 'mate', 'XAUTHORITY': '/run/user/33866/gdm/Xauthority', 'SSH_AUTH_SOCK': '/run/user/33866/keyring/ssh', 'ROS_DOMAIN_ID': '28', 'AMENT_PREFIX_PATH': '/home/ff/ee106a/robot_workspaces/ur/install/ur7e_utils:/opt/ros/humble', 'SHELL': '/usr/bin/bash', 'QT_ACCESSIBILITY': '1', 'EE106_UR_ROBOT_NAME': 'astroboy', 'GDMSESSION': 'mate', 'RUNAS': '/share/b/runas/x86_64', 'GPG_AGENT_INFO': '/run/user/33866/gnupg/S.gpg-agent:0:1', 'CONFIG_SHELL': '/usr/bin/ksh', 'QT_IM_MODULE': 'ibus', 'PWD': '/home/cc/ee106b/sp26/class/ee106b-aac/eeca106b-project/project1/src/build/ros2_aruco', 'EE106_ENV_SETUP': 'ur_ros2', 'CONTAINER_ID': 'ros2', 'LC_ALL': 'C.UTF-8', 'XDG_CONFIG_DIRS': '/etc/xdg/xdg-mate:/etc/xdg', 'CLUTTER_IM_MODULE': 'ibus', 'XDG_DATA_DIRS': '/usr/share/mate:/usr/share/mate:/usr/share/gnome:/home/cc/ee106b/sp26/class/ee106b-aac/.local/share/flatpak/exports/share:/var/lib/flatpak/exports/share:/usr/local/share/:/usr/share/:/var/lib/snapd/desktop:/usr/local/share:/usr/share', 'PYTHONPATH': '/home/cc/ee106b/sp26/class/ee106b-aac/eeca106b-project/project1/src/build/ros2_aruco/prefix_override:/usr/lib/python3/dist-packages/colcon_core/task/python/colcon_distutils_commands:/home/cc/ee106b/sp26/class/ee106b-aac/eeca106b-project/project1/src/install/ros2_aruco/lib/python3.10/site-packages:/home/ff/ee106a/robot_workspaces/ur/install/ur7e_utils/lib/python3.10/site-packages:/opt/ros/humble/lib/python3.10/site-packages:/opt/ros/humble/local/lib/python3.10/dist-packages', 'MATE_DESKTOP_SESSION_ID': 'this-is-deprecated', 'COLCON': '1', 'MANPATH': '/usr/local/man:/usr/man:/usr/X11/man:/usr/local/man:/share/b/grading/man:/usr/local/man:/usr/man:/usr/X11/man:/usr/local/man:/share/b/grading/man:/usr/local/man:/usr/man:/usr/X11/man:/usr/local/man:/share/b/grading/man:', 'VTE_VERSION': '6800', 'EDITOR': 'emacs', 'QT_FONT_DPI': '122'}, 'shell': False}
[1.024876] (visual_servoing) Command: {'cmd': ['/usr/bin/python3', '-W', 'ignore:setup.py install is deprecated', '-W', 'ignore:easy_install command is deprecated', 'setup.py', 'egg_info', '--egg-base', '../build/visual_servoing', 'build', '--build-base', '/home/cc/ee106b/sp26/class/ee106b-aac/eeca106b-project/project1/src/build/visual_servoing/build', 'install', '--record', '/home/cc/ee106b/sp26/class/ee106b-aac/eeca106b-project/project1/src/build/visual_servoing/install.log', '--single-version-externally-managed', 'install_data'], 'cwd': '/home/cc/ee106b/sp26/class/ee106b-aac/eeca106b-project/project1/src/visual_servoing', 'env': {'ARCH': 'x86_64', 'QT_SCALE_FACTOR': '1', 'USER': 'ee106b-aac', 'HOSTNAME': 'ros2', 'XDG_SESSION_TYPE': 'x11', 'MASTERDIR': '/home/ff/ee106b', 'COMPIZ_CONFIG_PROFILE': 'mate', 'XDG_CACHE_HOME': '/home/cc/ee106b/sp26/class/ee106b-aac/.cache', 'SHLVL': '2', 'LD_LIBRARY_PATH': '/usr/lib/x86_64-linux-gnu/gazebo-11/plugins:/opt/ros/humble/opt/rviz_ogre_vendor/lib:/opt/ros/humble/lib/x86_64-linux-gnu:/opt/ros/humble/lib', 'HOME': '/home/cc/ee106b/sp26/class/ee106b-aac', 'OLDPWD': '/home/cc/ee106b/sp26/class/ee106b-aac/eeca106b-project/project1', 'DESKTOP_SESSION': 'mate', 'ROS_PYTHON_VERSION': '3', 'GTK_MODULES': 'gail:atk-bridge:appmenu-gtk-module:gail:atk-bridge:canberra-gtk-module', 'EE106_UR_ROBOT_IP': '192.168.1.102', 'DISTROBOX_ENTER_PATH': '/usr/local/bin/distrobox-enter', 'SYSTEMD_EXEC_PID': '256010', 'NNTPSERVER': 'news.csua.berkeley.edu', 'VISUAL': 'emacs', 'XDG_STATE_HOME': '/home/cc/ee106b/sp26/class/ee106b-aac/.local/state', 'DBUS_SESSION_BUS_ADDRESS': 'unix:path=/run/user/33866/bus', 'COLORTERM': 'truecolor', 'container': 'podman', 'UBUNTU_MENUPROXY': '1', 'QT_QPA_PLATFORMTHEME': 'gtk2', 'COLCON_PREFIX_PATH': '/home/ff/ee106a/robot_workspaces/ur/install', 'ROS_DISTRO': 'humble', 'GTK_IM_MODULE': 'ibus', 'LOGNAME': 'ee106b-aac', 'MASTER': 'ee106b', 'WINDOWID': '69206022', 'ROS_VERSION': '2', 'XDG_SESSION_CLASS': 'user', 'TERMINFO_DIRS': '/usr/share/terminfo:/run/host/usr/share/terminfo', 'USERNAME': 'ee106b-aac', 'TERM': 'xterm-256color', 'GTK_OVERLAY_SCROLLING': '0', 'XDG_SESSION_ID': '7745', 'ROS_LOCALHOST_ONLY': '0', 'WINDOWPATH': '2', 'PATH': '/share/b/grading/bin:/home/ff/ee106b/bin:/home/ff/ee106b/bin/arch/x86_64:/opt/ros/humble/bin:/share/b/grading/bin:/home/ff/ee106b/bin:/home/ff/ee106b/bin/arch/x86_64:/share/b/grading/bin:/home/ff/ee106b/bin:/home/ff/ee106b/bin/arch/x86_64:/usr/local/sbin:/usr/local/bin:/usr/sbin:/usr/bin:/sbin:/bin:/usr/games:/usr/local/games:/snap/bin:/snap/bin:/share/b/grading/bin:/share/b/grading/sbin:/share/b/runas/x86_64:/share/b/bin:/usr/local/sbin:/usr/local/bin:/usr/sbin:/usr/bin:/sbin:/bin:/share/b/grading/bin:/share/b/grading/sbin:/share/b/runas/x86_64:/share/b/bin:/share/b/grading/bin:/share/b/grading/sbin:/share/b/runas/x86_64:/share/b/bin', 'SESSION_MANAGER': 'local/c105-8:@/tmp/.ICE-unix/256092,unix/c105-8:/tmp/.ICE-unix/256092', 'OS': 'Linux', 'XDG_RUNTIME_DIR': '/run/user/33866', 'DISPLAY': ':1', 'LANG': 'en_US.UTF-8', 'XDG_CURRENT_DESKTOP': 'MATE', 'XDG_DATA_HOME': '/home/cc/ee106b/sp26/class/ee106b-aac/.local/share', 'XDG_CONFIG_HOME': '/home/cc/ee106b/sp26/class/ee106b-aac/.config', 'XMODIFIERS': '@im=ibus', 'XDG_SESSION_DESKTOP': 'mate', 'XAUTHORITY': '/run/user/33866/gdm/Xauthority', 'SSH_AUTH_SOCK': '/run/user/33866/keyring/ssh', 'ROS_DOMAIN_ID': '28', 'AMENT_PREFIX_PATH': '/home/ff/ee106a/robot_workspaces/ur/install/ur7e_utils:/opt/ros/humble', 'SHELL': '/usr/bin/bash', 'QT_ACCESSIBILITY': '1', 'EE106_UR_ROBOT_NAME': 'astroboy', 'GDMSESSION': 'mate', 'RUNAS': '/share/b/runas/x86_64', 'GPG_AGENT_INFO': '/run/user/33866/gnupg/S.gpg-agent:0:1', 'CONFIG_SHELL': '/usr/bin/ksh', 'QT_IM_MODULE': 'ibus', 'PWD': '/home/cc/ee106b/sp26/class/ee106b-aac/eeca106b-project/project1/src/build/visual_servoing', 'EE106_ENV_SETUP': 'ur_ros2', 'CONTAINER_ID': 'ros2', 'LC_ALL': 'C.UTF-8', 'XDG_CONFIG_DIRS': '/etc/xdg/xdg-mate:/etc/xdg', 'CLUTTER_IM_MODULE': 'ibus', 'XDG_DATA_DIRS': '/usr/share/mate:/usr/share/mate:/usr/share/gnome:/home/cc/ee106b/sp26/class/ee106b-aac/.local/share/flatpak/exports/share:/var/lib/flatpak/exports/share:/usr/local/share/:/usr/share/:/var/lib/snapd/desktop:/usr/local/share:/usr/share', 'PYTHONPATH': '/home/cc/ee106b/sp26/class/ee106b-aac/eeca106b-project/project1/src/build/visual_servoing/prefix_override:/usr/lib/python3/dist-packages/colcon_core/task/python/colcon_distutils_commands:/home/cc/ee106b/sp26/class/ee106b-aac/eeca106b-project/project1/src/install/visual_servoing/lib/python3.10/site-packages:/home/ff/ee106a/robot_workspaces/ur/install/ur7e_utils/lib/python3.10/site-packages:/opt/ros/humble/lib/python3.10/site-packages:/opt/ros/humble/local/lib/python3.10/dist-packages', 'MATE_DESKTOP_SESSION_ID': 'this-is-deprecated', 'COLCON': '1', 'MANPATH': '/usr/local/man:/usr/man:/usr/X11/man:/usr/local/man:/share/b/grading/man:/usr/local/man:/usr/man:/usr/X11/man:/usr/local/man:/share/b/grading/man:/usr/local/man:/usr/man:/usr/X11/man:/usr/local/man:/share/b/grading/man:', 'VTE_VERSION': '6800', 'EDITOR': 'emacs', 'QT_FONT_DPI': '122'}, 'shell': False}
[1.031940] (ros2_aruco_interfaces) StdoutLine: {'line': b'-- Check for working CXX compiler: /usr/bin/c++ - skipped\n'}
[1.032000] (ros2_aruco_interfaces) StdoutLine: {'line': b'-- Detecting CXX compile features\n'}
[1.032035] (ros2_aruco_interfaces) StdoutLine: {'line': b'-- Detecting CXX compile features - done\n'}
[1.048034] (ros2_aruco_interfaces) StdoutLine: {'line': b'-- Found ament_cmake: 1.3.12 (/opt/ros/humble/share/ament_cmake/cmake)\n'}
[1.101685] (-) TimerEvent: {}
[1.201915] (-) TimerEvent: {}
[1.228208] (ros2_aruco_interfaces) StdoutLine: {'line': b'-- Found Python3: /usr/bin/python3 (found version "3.10.12") found components: Interpreter \n'}
[1.233417] (ros2_aruco) StdoutLine: {'line': b'running egg_info\n'}
[1.233971] (ros2_aruco) StdoutLine: {'line': b'creating ../build/ros2_aruco/ros2_aruco.egg-info\n'}
[1.234972] (ros2_aruco) StdoutLine: {'line': b'writing ../build/ros2_aruco/ros2_aruco.egg-info/PKG-INFO\n'}
[1.240439] (ros2_aruco) StdoutLine: {'line': b'writing dependency_links to ../build/ros2_aruco/ros2_aruco.egg-info/dependency_links.txt\n'}
[1.242170] (ros2_aruco) StdoutLine: {'line': b'writing entry points to ../build/ros2_aruco/ros2_aruco.egg-info/entry_points.txt\n'}
[1.243742] (ros2_aruco) StdoutLine: {'line': b'writing requirements to ../build/ros2_aruco/ros2_aruco.egg-info/requires.txt\n'}
[1.245033] (ros2_aruco) StdoutLine: {'line': b'writing top-level names to ../build/ros2_aruco/ros2_aruco.egg-info/top_level.txt\n'}
[1.245675] (visual_servoing) StdoutLine: {'line': b'running egg_info\n'}
[1.246346] (visual_servoing) StdoutLine: {'line': b'creating ../build/visual_servoing/visual_servoing.egg-info\n'}
[1.247351] (ros2_aruco) StdoutLine: {'line': b"writing manifest file '../build/ros2_aruco/ros2_aruco.egg-info/SOURCES.txt'\n"}
[1.247996] (visual_servoing) StdoutLine: {'line': b'writing ../build/visual_servoing/visual_servoing.egg-info/PKG-INFO\n'}
[1.252589] (visual_servoing) StdoutLine: {'line': b'writing dependency_links to ../build/visual_servoing/visual_servoing.egg-info/dependency_links.txt\n'}
[1.255210] (visual_servoing) StdoutLine: {'line': b'writing entry points to ../build/visual_servoing/visual_servoing.egg-info/entry_points.txt\n'}
[1.257363] (visual_servoing) StdoutLine: {'line': b'writing requirements to ../build/visual_servoing/visual_servoing.egg-info/requires.txt\n'}
[1.258202] (ros2_aruco) StdoutLine: {'line': b"reading manifest file '../build/ros2_aruco/ros2_aruco.egg-info/SOURCES.txt'\n"}
[1.258975] (visual_servoing) StdoutLine: {'line': b'writing top-level names to ../build/visual_servoing/visual_servoing.egg-info/top_level.txt\n'}
[1.261647] (visual_servoing) StdoutLine: {'line': b"writing manifest file '../build/visual_servoing/visual_servoing.egg-info/SOURCES.txt'\n"}
[1.262614] (ros2_aruco) StdoutLine: {'line': b"writing manifest file '../build/ros2_aruco/ros2_aruco.egg-info/SOURCES.txt'\n"}
[1.264194] (ros2_aruco) StdoutLine: {'line': b'running build\n'}
[1.264629] (ros2_aruco) StdoutLine: {'line': b'running build_py\n'}
[1.265631] (ros2_aruco) StdoutLine: {'line': b'creating /home/cc/ee106b/sp26/class/ee106b-aac/eeca106b-project/project1/src/build/ros2_aruco/build\n'}
[1.266367] (ros2_aruco) StdoutLine: {'line': b'creating /home/cc/ee106b/sp26/class/ee106b-aac/eeca106b-project/project1/src/build/ros2_aruco/build/lib\n'}
[1.267485] (ros2_aruco) StdoutLine: {'line': b'creating /home/cc/ee106b/sp26/class/ee106b-aac/eeca106b-project/project1/src/build/ros2_aruco/build/lib/ros2_aruco\n'}
[1.269239] (ros2_aruco) StdoutLine: {'line': b'copying ros2_aruco/__init__.py -> /home/cc/ee106b/sp26/class/ee106b-aac/eeca106b-project/project1/src/build/ros2_aruco/build/lib/ros2_aruco\n'}
[1.269808] (visual_servoing) StdoutLine: {'line': b"reading manifest file '../build/visual_servoing/visual_servoing.egg-info/SOURCES.txt'\n"}
[1.273158] (ros2_aruco) StdoutLine: {'line': b'copying ros2_aruco/aruco_generate_marker.py -> /home/cc/ee106b/sp26/class/ee106b-aac/eeca106b-project/project1/src/build/ros2_aruco/build/lib/ros2_aruco\n'}
[1.274039] (visual_servoing) StdoutLine: {'line': b"writing manifest file '../build/visual_servoing/visual_servoing.egg-info/SOURCES.txt'\n"}
[1.275537] (visual_servoing) StdoutLine: {'line': b'running build\n'}
[1.275738] (visual_servoing) StdoutLine: {'line': b'running build_py\n'}
[1.276388] (ros2_aruco) StdoutLine: {'line': b'copying ros2_aruco/aruco_node.py -> /home/cc/ee106b/sp26/class/ee106b-aac/eeca106b-project/project1/src/build/ros2_aruco/build/lib/ros2_aruco\n'}
[1.276730] (visual_servoing) StdoutLine: {'line': b'creating /home/cc/ee106b/sp26/class/ee106b-aac/eeca106b-project/project1/src/build/visual_servoing/build\n'}
[1.278313] (visual_servoing) StdoutLine: {'line': b'creating /home/cc/ee106b/sp26/class/ee106b-aac/eeca106b-project/project1/src/build/visual_servoing/build/lib\n'}
[1.279297] (visual_servoing) StdoutLine: {'line': b'creating /home/cc/ee106b/sp26/class/ee106b-aac/eeca106b-project/project1/src/build/visual_servoing/build/lib/visual_servoing\n'}
[1.280398] (ros2_aruco) StdoutLine: {'line': b'running install\n'}
[1.280676] (visual_servoing) StdoutLine: {'line': b'copying visual_servoing/__init__.py -> /home/cc/ee106b/sp26/class/ee106b-aac/eeca106b-project/project1/src/build/visual_servoing/build/lib/visual_servoing\n'}
[1.280940] (ros2_aruco) StdoutLine: {'line': b'running install_lib\n'}
[1.283474] (visual_servoing) StdoutLine: {'line': b'copying visual_servoing/controller.py -> /home/cc/ee106b/sp26/class/ee106b-aac/eeca106b-project/project1/src/build/visual_servoing/build/lib/visual_servoing\n'}
[1.284321] (ros2_aruco) StdoutLine: {'line': b'creating /home/cc/ee106b/sp26/class/ee106b-aac/eeca106b-project/project1/src/install/ros2_aruco/lib/python3.10/site-packages/ros2_aruco\n'}
[1.285519] (ros2_aruco) StdoutLine: {'line': b'copying /home/cc/ee106b/sp26/class/ee106b-aac/eeca106b-project/project1/src/build/ros2_aruco/build/lib/ros2_aruco/__init__.py -> /home/cc/ee106b/sp26/class/ee106b-aac/eeca106b-project/project1/src/install/ros2_aruco/lib/python3.10/site-packages/ros2_aruco\n'}
[1.286801] (visual_servoing) StdoutLine: {'line': b'copying visual_servoing/main.py -> /home/cc/ee106b/sp26/class/ee106b-aac/eeca106b-project/project1/src/build/visual_servoing/build/lib/visual_servoing\n'}
[1.289174] (ros2_aruco) StdoutLine: {'line': b'copying /home/cc/ee106b/sp26/class/ee106b-aac/eeca106b-project/project1/src/build/ros2_aruco/build/lib/ros2_aruco/aruco_generate_marker.py -> /home/cc/ee106b/sp26/class/ee106b-aac/eeca106b-project/project1/src/install/ros2_aruco/lib/python3.10/site-packages/ros2_aruco\n'}
[1.291407] (visual_servoing) StdoutLine: {'line': b'copying visual_servoing/trajectories.py -> /home/cc/ee106b/sp26/class/ee106b-aac/eeca106b-project/project1/src/build/visual_servoing/build/lib/visual_servoing\n'}
[1.294977] (visual_servoing) StdoutLine: {'line': b'running install\n'}
[1.295248] (visual_servoing) StdoutLine: {'line': b'running install_lib\n'}
[1.295752] (ros2_aruco) StdoutLine: {'line': b'copying /home/cc/ee106b/sp26/class/ee106b-aac/eeca106b-project/project1/src/build/ros2_aruco/build/lib/ros2_aruco/aruco_node.py -> /home/cc/ee106b/sp26/class/ee106b-aac/eeca106b-project/project1/src/install/ros2_aruco/lib/python3.10/site-packages/ros2_aruco\n'}
[1.298180] (visual_servoing) StdoutLine: {'line': b'creating /home/cc/ee106b/sp26/class/ee106b-aac/eeca106b-project/project1/src/install/visual_servoing/lib/python3.10/site-packages/visual_servoing\n'}
[1.299332] (visual_servoing) StdoutLine: {'line': b'copying /home/cc/ee106b/sp26/class/ee106b-aac/eeca106b-project/project1/src/build/visual_servoing/build/lib/visual_servoing/__init__.py -> /home/cc/ee106b/sp26/class/ee106b-aac/eeca106b-project/project1/src/install/visual_servoing/lib/python3.10/site-packages/visual_servoing\n'}
[1.301980] (-) TimerEvent: {}
[1.302379] (visual_servoing) StdoutLine: {'line': b'copying /home/cc/ee106b/sp26/class/ee106b-aac/eeca106b-project/project1/src/build/visual_servoing/build/lib/visual_servoing/controller.py -> /home/cc/ee106b/sp26/class/ee106b-aac/eeca106b-project/project1/src/install/visual_servoing/lib/python3.10/site-packages/visual_servoing\n'}
[1.302550] (ros2_aruco) StdoutLine: {'line': b'byte-compiling /home/cc/ee106b/sp26/class/ee106b-aac/eeca106b-project/project1/src/install/ros2_aruco/lib/python3.10/site-packages/ros2_aruco/__init__.py to __init__.cpython-310.pyc\n'}
[1.307599] (visual_servoing) StdoutLine: {'line': b'copying /home/cc/ee106b/sp26/class/ee106b-aac/eeca106b-project/project1/src/build/visual_servoing/build/lib/visual_servoing/main.py -> /home/cc/ee106b/sp26/class/ee106b-aac/eeca106b-project/project1/src/install/visual_servoing/lib/python3.10/site-packages/visual_servoing\n'}
[1.308080] (ros2_aruco) StdoutLine: {'line': b'byte-compiling /home/cc/ee106b/sp26/class/ee106b-aac/eeca106b-project/project1/src/install/ros2_aruco/lib/python3.10/site-packages/ros2_aruco/aruco_generate_marker.py to aruco_generate_marker.cpython-310.pyc\n'}
[1.312525] (visual_servoing) StdoutLine: {'line': b'copying /home/cc/ee106b/sp26/class/ee106b-aac/eeca106b-project/project1/src/build/visual_servoing/build/lib/visual_servoing/trajectories.py -> /home/cc/ee106b/sp26/class/ee106b-aac/eeca106b-project/project1/src/install/visual_servoing/lib/python3.10/site-packages/visual_servoing\n'}
[1.314780] (ros2_aruco) StdoutLine: {'line': b'byte-compiling /home/cc/ee106b/sp26/class/ee106b-aac/eeca106b-project/project1/src/install/ros2_aruco/lib/python3.10/site-packages/ros2_aruco/aruco_node.py to aruco_node.cpython-310.pyc\n'}
[1.317863] (visual_servoing) StdoutLine: {'line': b'byte-compiling /home/cc/ee106b/sp26/class/ee106b-aac/eeca106b-project/project1/src/install/visual_servoing/lib/python3.10/site-packages/visual_servoing/__init__.py to __init__.cpython-310.pyc\n'}
[1.321355] (ros2_aruco) StdoutLine: {'line': b'running install_data\n'}
[1.321666] (ros2_aruco) StdoutLine: {'line': b'creating /home/cc/ee106b/sp26/class/ee106b-aac/eeca106b-project/project1/src/install/ros2_aruco/share/ament_index\n'}
[1.322266] (ros2_aruco) StdoutLine: {'line': b'creating /home/cc/ee106b/sp26/class/ee106b-aac/eeca106b-project/project1/src/install/ros2_aruco/share/ament_index/resource_index\n'}
[1.322380] (visual_servoing) StdoutLine: {'line': b'byte-compiling /home/cc/ee106b/sp26/class/ee106b-aac/eeca106b-project/project1/src/install/visual_servoing/lib/python3.10/site-packages/visual_servoing/controller.py to controller.cpython-310.pyc\n'}
[1.323072] (ros2_aruco) StdoutLine: {'line': b'creating /home/cc/ee106b/sp26/class/ee106b-aac/eeca106b-project/project1/src/install/ros2_aruco/share/ament_index/resource_index/packages\n'}
[1.324677] (ros2_aruco) StdoutLine: {'line': b'copying resource/ros2_aruco -> /home/cc/ee106b/sp26/class/ee106b-aac/eeca106b-project/project1/src/install/ros2_aruco/share/ament_index/resource_index/packages\n'}
[1.328612] (ros2_aruco) StdoutLine: {'line': b'copying package.xml -> /home/cc/ee106b/sp26/class/ee106b-aac/eeca106b-project/project1/src/install/ros2_aruco/share/ros2_aruco\n'}
[1.329027] (visual_servoing) StdoutLine: {'line': b'byte-compiling /home/cc/ee106b/sp26/class/ee106b-aac/eeca106b-project/project1/src/install/visual_servoing/lib/python3.10/site-packages/visual_servoing/main.py to main.cpython-310.pyc\n'}
[1.333474] (ros2_aruco) StdoutLine: {'line': b'creating /home/cc/ee106b/sp26/class/ee106b-aac/eeca106b-project/project1/src/install/ros2_aruco/share/ros2_aruco/launch\n'}
[1.334660] (ros2_aruco) StdoutLine: {'line': b'copying launch/aruco_recognition.launch.py -> /home/cc/ee106b/sp26/class/ee106b-aac/eeca106b-project/project1/src/install/ros2_aruco/share/ros2_aruco/launch\n'}
[1.338604] (visual_servoing) StdoutLine: {'line': b'byte-compiling /home/cc/ee106b/sp26/class/ee106b-aac/eeca106b-project/project1/src/install/visual_servoing/lib/python3.10/site-packages/visual_servoing/trajectories.py to trajectories.cpython-310.pyc\n'}
[1.339839] (ros2_aruco) StdoutLine: {'line': b'creating /home/cc/ee106b/sp26/class/ee106b-aac/eeca106b-project/project1/src/install/ros2_aruco/share/ros2_aruco/config\n'}
[1.341439] (ros2_aruco) StdoutLine: {'line': b'copying config/aruco_parameters.yaml -> /home/cc/ee106b/sp26/class/ee106b-aac/eeca106b-project/project1/src/install/ros2_aruco/share/ros2_aruco/config\n'}
[1.344934] (visual_servoing) StdoutLine: {'line': b'running install_data\n'}
[1.345457] (visual_servoing) StdoutLine: {'line': b'creating /home/cc/ee106b/sp26/class/ee106b-aac/eeca106b-project/project1/src/install/visual_servoing/share/ament_index\n'}
[1.346862] (visual_servoing) StdoutLine: {'line': b'creating /home/cc/ee106b/sp26/class/ee106b-aac/eeca106b-project/project1/src/install/visual_servoing/share/ament_index/resource_index\n'}
[1.347324] (ros2_aruco) StdoutLine: {'line': b'copying config/aruco_parameters_old.yaml -> /home/cc/ee106b/sp26/class/ee106b-aac/eeca106b-project/project1/src/install/ros2_aruco/share/ros2_aruco/config\n'}
[1.347692] (visual_servoing) StdoutLine: {'line': b'creating /home/cc/ee106b/sp26/class/ee106b-aac/eeca106b-project/project1/src/install/visual_servoing/share/ament_index/resource_index/packages\n'}
[1.349361] (visual_servoing) StdoutLine: {'line': b'copying resource/visual_servoing -> /home/cc/ee106b/sp26/class/ee106b-aac/eeca106b-project/project1/src/install/visual_servoing/share/ament_index/resource_index/packages\n'}
[1.352270] (visual_servoing) StdoutLine: {'line': b'copying package.xml -> /home/cc/ee106b/sp26/class/ee106b-aac/eeca106b-project/project1/src/install/visual_servoing/share/visual_servoing\n'}
[1.355629] (visual_servoing) StdoutLine: {'line': b'running install_egg_info\n'}
[1.361448] (visual_servoing) StdoutLine: {'line': b'Copying ../build/visual_servoing/visual_servoing.egg-info to /home/cc/ee106b/sp26/class/ee106b-aac/eeca106b-project/project1/src/install/visual_servoing/lib/python3.10/site-packages/visual_servoing-0.0.0-py3.10.egg-info\n'}
[1.366116] (ros2_aruco) StdoutLine: {'line': b'running install_egg_info\n'}
[1.370522] (ros2_aruco) StdoutLine: {'line': b'Copying ../build/ros2_aruco/ros2_aruco.egg-info to /home/cc/ee106b/sp26/class/ee106b-aac/eeca106b-project/project1/src/install/ros2_aruco/lib/python3.10/site-packages/ros2_aruco-0.1.0-py3.10.egg-info\n'}
[1.397822] (visual_servoing) StdoutLine: {'line': b'running install_scripts\n'}
[1.402100] (-) TimerEvent: {}
[1.406578] (ros2_aruco) StdoutLine: {'line': b'running install_scripts\n'}
[1.431855] (visual_servoing) StdoutLine: {'line': b'Installing main script to /home/cc/ee106b/sp26/class/ee106b-aac/eeca106b-project/project1/src/install/visual_servoing/lib/visual_servoing\n'}
[1.435213] (visual_servoing) StdoutLine: {'line': b"writing list of installed files to '/home/cc/ee106b/sp26/class/ee106b-aac/eeca106b-project/project1/src/build/visual_servoing/install.log'\n"}
[1.438245] (ros2_aruco) StdoutLine: {'line': b'Installing aruco_generate_marker script to /home/cc/ee106b/sp26/class/ee106b-aac/eeca106b-project/project1/src/install/ros2_aruco/lib/ros2_aruco\n'}
[1.441040] (ros2_aruco) StdoutLine: {'line': b'Installing aruco_node script to /home/cc/ee106b/sp26/class/ee106b-aac/eeca106b-project/project1/src/install/ros2_aruco/lib/ros2_aruco\n'}
[1.443968] (ros2_aruco) StdoutLine: {'line': b"writing list of installed files to '/home/cc/ee106b/sp26/class/ee106b-aac/eeca106b-project/project1/src/build/ros2_aruco/install.log'\n"}
[1.448763] (ros2_aruco_interfaces) StdoutLine: {'line': b'-- Found geometry_msgs: 4.9.0 (/opt/ros/humble/share/geometry_msgs/cmake)\n'}
[1.452204] (visual_servoing) CommandEnded: {'returncode': 0}
[1.494591] (visual_servoing) JobEnded: {'identifier': 'visual_servoing', 'rc': 0}
[1.498403] (ros2_aruco) CommandEnded: {'returncode': 0}
[1.502159] (-) TimerEvent: {}
[1.533852] (ros2_aruco_interfaces) StdoutLine: {'line': b'-- Found rosidl_generator_c: 3.1.8 (/opt/ros/humble/share/rosidl_generator_c/cmake)\n'}
[1.549048] (ros2_aruco_interfaces) StdoutLine: {'line': b'-- Found rosidl_adapter: 3.1.8 (/opt/ros/humble/share/rosidl_adapter/cmake)\n'}
[1.550850] (ros2_aruco) JobEnded: {'identifier': 'ros2_aruco', 'rc': 0}
[1.567589] (ros2_aruco_interfaces) StdoutLine: {'line': b'-- Found rosidl_generator_cpp: 3.1.8 (/opt/ros/humble/share/rosidl_generator_cpp/cmake)\n'}
[1.602282] (-) TimerEvent: {}
[1.607774] (ros2_aruco_interfaces) StdoutLine: {'line': b'-- Using all available rosidl_typesupport_c: rosidl_typesupport_fastrtps_c;rosidl_typesupport_introspection_c\n'}
[1.649163] (ros2_aruco_interfaces) StdoutLine: {'line': b'-- Using all available rosidl_typesupport_cpp: rosidl_typesupport_fastrtps_cpp;rosidl_typesupport_introspection_cpp\n'}
[1.702441] (-) TimerEvent: {}
[1.717943] (ros2_aruco_interfaces) StdoutLine: {'line': b'-- Found rosidl_default_generators: 1.2.0 (/opt/ros/humble/share/rosidl_default_generators/cmake)\n'}
[1.802500] (-) TimerEvent: {}
[1.902729] (-) TimerEvent: {}
[2.002929] (-) TimerEvent: {}
[2.103174] (-) TimerEvent: {}
[2.203558] (-) TimerEvent: {}
[2.303942] (-) TimerEvent: {}
[2.380457] (ros2_aruco_interfaces) StdoutLine: {'line': b'-- Found ament_cmake_ros: 0.10.0 (/opt/ros/humble/share/ament_cmake_ros/cmake)\n'}
[2.404043] (-) TimerEvent: {}
[2.504388] (-) TimerEvent: {}
[2.604757] (-) TimerEvent: {}
[2.705041] (-) TimerEvent: {}
[2.805254] (-) TimerEvent: {}
[2.905497] (-) TimerEvent: {}
[3.005729] (-) TimerEvent: {}
[3.105947] (-) TimerEvent: {}
[3.206157] (-) TimerEvent: {}
[3.306383] (-) TimerEvent: {}
[3.406600] (-) TimerEvent: {}
[3.506844] (-) TimerEvent: {}
[3.607134] (-) TimerEvent: {}
[3.707580] (-) TimerEvent: {}
[3.807976] (-) TimerEvent: {}
[3.840231] (ros2_aruco_interfaces) StdoutLine: {'line': b'-- Using all available rosidl_typesupport_c: rosidl_typesupport_fastrtps_c;rosidl_typesupport_introspection_c\n'}
[3.908125] (-) TimerEvent: {}
[4.008552] (-) TimerEvent: {}
[4.108968] (-) TimerEvent: {}
[4.209384] (-) TimerEvent: {}
[4.309693] (-) TimerEvent: {}
[4.410058] (-) TimerEvent: {}
[4.477814] (ros2_aruco_interfaces) StdoutLine: {'line': b'-- Using all available rosidl_typesupport_cpp: rosidl_typesupport_fastrtps_cpp;rosidl_typesupport_introspection_cpp\n'}
[4.510161] (-) TimerEvent: {}
[4.529786] (ros2_aruco_interfaces) StdoutLine: {'line': b'-- Found PythonInterp: /usr/bin/python3 (found suitable version "3.10.12", minimum required is "3.6") \n'}
[4.533922] (ros2_aruco_interfaces) StdoutLine: {'line': b'-- Found python_cmake_module: 0.10.0 (/opt/ros/humble/share/python_cmake_module/cmake)\n'}
[4.597512] (ros2_aruco_interfaces) StdoutLine: {'line': b'-- Found PythonLibs: /usr/lib/x86_64-linux-gnu/libpython3.10.so (found suitable version "3.10.12", minimum required is "3.5") \n'}
[4.597783] (ros2_aruco_interfaces) StdoutLine: {'line': b'-- Using PYTHON_EXECUTABLE: /usr/bin/python3\n'}
[4.598432] (ros2_aruco_interfaces) StdoutLine: {'line': b'-- Using PYTHON_INCLUDE_DIRS: /usr/include/python3.10\n'}
[4.598520] (ros2_aruco_interfaces) StdoutLine: {'line': b'-- Using PYTHON_LIBRARIES: /usr/lib/x86_64-linux-gnu/libpython3.10.so\n'}
[4.610266] (-) TimerEvent: {}
[4.650460] (ros2_aruco_interfaces) StdoutLine: {'line': b'-- Found PythonExtra: .so  \n'}
[4.710437] (-) TimerEvent: {}
[4.810849] (-) TimerEvent: {}
[4.911224] (-) TimerEvent: {}
[5.011599] (-) TimerEvent: {}
[5.012582] (ros2_aruco_interfaces) StdoutLine: {'line': b'-- Found ament_lint_auto: 0.12.14 (/opt/ros/humble/share/ament_lint_auto/cmake)\n'}
[5.111727] (-) TimerEvent: {}
[5.193092] (ros2_aruco_interfaces) StdoutLine: {'line': b"-- Added test 'copyright' to check source files copyright and LICENSE\n"}
[5.211830] (-) TimerEvent: {}
[5.213523] (ros2_aruco_interfaces) StdoutLine: {'line': b"-- Added test 'lint_cmake' to check CMake code style\n"}
[5.224760] (ros2_aruco_interfaces) StdoutLine: {'line': b"-- Added test 'xmllint' to check XML markup files\n"}
[5.296096] (ros2_aruco_interfaces) StdoutLine: {'line': b'-- Configuring done\n'}
[5.311911] (-) TimerEvent: {}
[5.412241] (-) TimerEvent: {}
[5.512581] (-) TimerEvent: {}
[5.612938] (-) TimerEvent: {}
[5.713265] (-) TimerEvent: {}
[5.813620] (-) TimerEvent: {}
[5.913888] (-) TimerEvent: {}
[6.014254] (-) TimerEvent: {}
[6.067162] (ros2_aruco_interfaces) StdoutLine: {'line': b'-- Generating done\n'}
[6.114393] (-) TimerEvent: {}
[6.214720] (-) TimerEvent: {}
[6.225475] (ros2_aruco_interfaces) StdoutLine: {'line': b'-- Build files have been written to: /home/cc/ee106b/sp26/class/ee106b-aac/eeca106b-project/project1/src/build/ros2_aruco_interfaces\n'}
[6.231783] (ros2_aruco_interfaces) CommandEnded: {'returncode': 0}
[6.233002] (ros2_aruco_interfaces) JobProgress: {'identifier': 'ros2_aruco_interfaces', 'progress': 'build'}
[6.234443] (ros2_aruco_interfaces) Command: {'cmd': ['/usr/bin/cmake', '--build', '/home/cc/ee106b/sp26/class/ee106b-aac/eeca106b-project/project1/src/build/ros2_aruco_interfaces', '--', '-j32', '-l32'], 'cwd': '/home/cc/ee106b/sp26/class/ee106b-aac/eeca106b-project/project1/src/build/ros2_aruco_interfaces', 'env': OrderedDict([('ARCH', 'x86_64'), ('QT_SCALE_FACTOR', '1'), ('USER', 'ee106b-aac'), ('HOSTNAME', 'ros2'), ('XDG_SESSION_TYPE', 'x11'), ('MASTERDIR', '/home/ff/ee106b'), ('COMPIZ_CONFIG_PROFILE', 'mate'), ('XDG_CACHE_HOME', '/home/cc/ee106b/sp26/class/ee106b-aac/.cache'), ('SHLVL', '2'), ('LD_LIBRARY_PATH', '/usr/lib/x86_64-linux-gnu/gazebo-11/plugins:/opt/ros/humble/opt/rviz_ogre_vendor/lib:/opt/ros/humble/lib/x86_64-linux-gnu:/opt/ros/humble/lib'), ('HOME', '/home/cc/ee106b/sp26/class/ee106b-aac'), ('OLDPWD', '/home/cc/ee106b/sp26/class/ee106b-aac/eeca106b-project/project1'), ('DESKTOP_SESSION', 'mate'), ('ROS_PYTHON_VERSION', '3'), ('GTK_MODULES', 'gail:atk-bridge:appmenu-gtk-module:gail:atk-bridge:canberra-gtk-module'), ('EE106_UR_ROBOT_IP', '192.168.1.102'), ('DISTROBOX_ENTER_PATH', '/usr/local/bin/distrobox-enter'), ('SYSTEMD_EXEC_PID', '256010'), ('NNTPSERVER', 'news.csua.berkeley.edu'), ('VISUAL', 'emacs'), ('XDG_STATE_HOME', '/home/cc/ee106b/sp26/class/ee106b-aac/.local/state'), ('DBUS_SESSION_BUS_ADDRESS', 'unix:path=/run/user/33866/bus'), ('COLORTERM', 'truecolor'), ('container', 'podman'), ('UBUNTU_MENUPROXY', '1'), ('QT_QPA_PLATFORMTHEME', 'gtk2'), ('COLCON_PREFIX_PATH', '/home/ff/ee106a/robot_workspaces/ur/install'), ('ROS_DISTRO', 'humble'), ('GTK_IM_MODULE', 'ibus'), ('LOGNAME', 'ee106b-aac'), ('MASTER', 'ee106b'), ('WINDOWID', '69206022'), ('ROS_VERSION', '2'), ('XDG_SESSION_CLASS', 'user'), ('TERMINFO_DIRS', '/usr/share/terminfo:/run/host/usr/share/terminfo'), ('USERNAME', 'ee106b-aac'), ('TERM', 'xterm-256color'), ('GTK_OVERLAY_SCROLLING', '0'), ('XDG_SESSION_ID', '7745'), ('ROS_LOCALHOST_ONLY', '0'), ('WINDOWPATH', '2'), ('PATH', '/share/b/grading/bin:/home/ff/ee106b/bin:/home/ff/ee106b/bin/arch/x86_64:/opt/ros/humble/bin:/share/b/grading/bin:/home/ff/ee106b/bin:/home/ff/ee106b/bin/arch/x86_64:/share/b/grading/bin:/home/ff/ee106b/bin:/home/ff/ee106b/bin/arch/x86_64:/usr/local/sbin:/usr/local/bin:/usr/sbin:/usr/bin:/sbin:/bin:/usr/games:/usr/local/games:/snap/bin:/snap/bin:/share/b/grading/bin:/share/b/grading/sbin:/share/b/runas/x86_64:/share/b/bin:/usr/local/sbin:/usr/local/bin:/usr/sbin:/usr/bin:/sbin:/bin:/share/b/grading/bin:/share/b/grading/sbin:/share/b/runas/x86_64:/share/b/bin:/share/b/grading/bin:/share/b/grading/sbin:/share/b/runas/x86_64:/share/b/bin'), ('SESSION_MANAGER', 'local/c105-8:@/tmp/.ICE-unix/256092,unix/c105-8:/tmp/.ICE-unix/256092'), ('OS', 'Linux'), ('XDG_RUNTIME_DIR', '/run/user/33866'), ('DISPLAY', ':1'), ('LANG', 'en_US.UTF-8'), ('XDG_CURRENT_DESKTOP', 'MATE'), ('XDG_DATA_HOME', '/home/cc/ee106b/sp26/class/ee106b-aac/.local/share'), ('XDG_CONFIG_HOME', '/home/cc/ee106b/sp26/class/ee106b-aac/.config'), ('XMODIFIERS', '@im=ibus'), ('XDG_SESSION_DESKTOP', 'mate'), ('XAUTHORITY', '/run/user/33866/gdm/Xauthority'), ('SSH_AUTH_SOCK', '/run/user/33866/keyring/ssh'), ('ROS_DOMAIN_ID', '28'), ('AMENT_PREFIX_PATH', '/home/ff/ee106a/robot_workspaces/ur/install/ur7e_utils:/opt/ros/humble'), ('SHELL', '/usr/bin/bash'), ('QT_ACCESSIBILITY', '1'), ('EE106_UR_ROBOT_NAME', 'astroboy'), ('GDMSESSION', 'mate'), ('RUNAS', '/share/b/runas/x86_64'), ('GPG_AGENT_INFO', '/run/user/33866/gnupg/S.gpg-agent:0:1'), ('CONFIG_SHELL', '/usr/bin/ksh'), ('QT_IM_MODULE', 'ibus'), ('PWD', '/home/cc/ee106b/sp26/class/ee106b-aac/eeca106b-project/project1/src/build/ros2_aruco_interfaces'), ('EE106_ENV_SETUP', 'ur_ros2'), ('CONTAINER_ID', 'ros2'), ('LC_ALL', 'C.UTF-8'), ('XDG_CONFIG_DIRS', '/etc/xdg/xdg-mate:/etc/xdg'), ('CLUTTER_IM_MODULE', 'ibus'), ('XDG_DATA_DIRS', '/usr/share/mate:/usr/share/mate:/usr/share/gnome:/home/cc/ee106b/sp26/class/ee106b-aac/.local/share/flatpak/exports/share:/var/lib/flatpak/exports/share:/usr/local/share/:/usr/share/:/var/lib/snapd/desktop:/usr/local/share:/usr/share'), ('PYTHONPATH', '/home/ff/ee106a/robot_workspaces/ur/install/ur7e_utils/lib/python3.10/site-packages:/opt/ros/humble/lib/python3.10/site-packages:/opt/ros/humble/local/lib/python3.10/dist-packages'), ('MATE_DESKTOP_SESSION_ID', 'this-is-deprecated'), ('COLCON', '1'), ('MANPATH', '/usr/local/man:/usr/man:/usr/X11/man:/usr/local/man:/share/b/grading/man:/usr/local/man:/usr/man:/usr/X11/man:/usr/local/man:/share/b/grading/man:/usr/local/man:/usr/man:/usr/X11/man:/usr/local/man:/share/b/grading/man:'), ('VTE_VERSION', '6800'), ('EDITOR', 'emacs'), ('QT_FONT_DPI', '122'), ('CMAKE_PREFIX_PATH', '/home/ff/ee106a/robot_workspaces/ur/install/ur7e_utils:/opt/ros/humble')]), 'shell': False}
[6.314847] (-) TimerEvent: {}
[6.363691] (ros2_aruco_interfaces) StdoutLine: {'line': b'[  3%] \x1b[34m\x1b[1mGenerating C code for ROS interfaces\x1b[0m\n'}
[6.384775] (ros2_aruco_interfaces) StdoutLine: {'line': b'[  6%] \x1b[34m\x1b[1mGenerating C++ code for ROS interfaces\x1b[0m\n'}
[6.402353] (ros2_aruco_interfaces) StdoutLine: {'line': b'[  6%] Built target ament_cmake_python_copy_ros2_aruco_interfaces\n'}
[6.414927] (-) TimerEvent: {}
[6.515161] (-) TimerEvent: {}
[6.587639] (ros2_aruco_interfaces) StdoutLine: {'line': b'[  9%] Built target ros2_aruco_interfaces__cpp\n'}
[6.587888] (ros2_aruco_interfaces) StdoutLine: {'line': b'[  9%] \x1b[32mBuilding C object CMakeFiles/ros2_aruco_interfaces__rosidl_generator_c.dir/rosidl_generator_c/ros2_aruco_interfaces/msg/detail/aruco_markers__functions.c.o\x1b[0m\n'}
[6.615252] (-) TimerEvent: {}
[6.626343] (ros2_aruco_interfaces) StdoutLine: {'line': b'[ 19%] \x1b[34m\x1b[1mGenerating C++ type support dispatch for ROS interfaces\x1b[0m\n'}
[6.626537] (ros2_aruco_interfaces) StdoutLine: {'line': b'[ 19%] \x1b[34m\x1b[1mGenerating C++ introspection for ROS interfaces\x1b[0m\n'}
[6.627237] (ros2_aruco_interfaces) StdoutLine: {'line': b'[ 19%] \x1b[34m\x1b[1mGenerating C++ type support for eProsima Fast-RTPS\x1b[0m\n'}
[6.661364] (ros2_aruco_interfaces) StdoutLine: {'line': b'running egg_info\n'}
[6.662564] (ros2_aruco_interfaces) StdoutLine: {'line': b'creating ros2_aruco_interfaces.egg-info\n'}
[6.663689] (ros2_aruco_interfaces) StdoutLine: {'line': b'writing ros2_aruco_interfaces.egg-info/PKG-INFO\n'}
[6.666759] (ros2_aruco_interfaces) StdoutLine: {'line': b'writing dependency_links to ros2_aruco_interfaces.egg-info/dependency_links.txt\n'}
[6.670194] (ros2_aruco_interfaces) StdoutLine: {'line': b'writing top-level names to ros2_aruco_interfaces.egg-info/top_level.txt\n'}
[6.672448] (ros2_aruco_interfaces) StdoutLine: {'line': b"writing manifest file 'ros2_aruco_interfaces.egg-info/SOURCES.txt'\n"}
[6.678235] (ros2_aruco_interfaces) StdoutLine: {'line': b"reading manifest file 'ros2_aruco_interfaces.egg-info/SOURCES.txt'\n"}
[6.680179] (ros2_aruco_interfaces) StdoutLine: {'line': b'[ 22%] \x1b[32m\x1b[1mLinking C shared library libros2_aruco_interfaces__rosidl_generator_c.so\x1b[0m\n'}
[6.680492] (ros2_aruco_interfaces) StdoutLine: {'line': b"writing manifest file 'ros2_aruco_interfaces.egg-info/SOURCES.txt'\n"}
[6.706704] (ros2_aruco_interfaces) StdoutLine: {'line': b'[ 22%] Built target ament_cmake_python_build_ros2_aruco_interfaces_egg\n'}
[6.715312] (-) TimerEvent: {}
[6.740721] (ros2_aruco_interfaces) StdoutLine: {'line': b'[ 22%] Built target ros2_aruco_interfaces__rosidl_generator_c\n'}
[6.775315] (ros2_aruco_interfaces) StdoutLine: {'line': b'[ 32%] \x1b[34m\x1b[1mGenerating C introspection for ROS interfaces\x1b[0m\n'}
[6.775493] (ros2_aruco_interfaces) StdoutLine: {'line': b'[ 32%] \x1b[34m\x1b[1mGenerating C type support for eProsima Fast-RTPS\x1b[0m\n'}
[6.775810] (ros2_aruco_interfaces) StdoutLine: {'line': b'[ 32%] \x1b[34m\x1b[1mGenerating C type support dispatch for ROS interfaces\x1b[0m\n'}
[6.815425] (-) TimerEvent: {}
[6.837221] (ros2_aruco_interfaces) StdoutLine: {'line': b'[ 35%] \x1b[32mBuilding CXX object CMakeFiles/ros2_aruco_interfaces__rosidl_typesupport_cpp.dir/rosidl_typesupport_cpp/ros2_aruco_interfaces/msg/aruco_markers__type_support.cpp.o\x1b[0m\n'}
[6.839826] (ros2_aruco_interfaces) StdoutLine: {'line': b'[ 38%] \x1b[32mBuilding CXX object CMakeFiles/ros2_aruco_interfaces__rosidl_typesupport_fastrtps_cpp.dir/rosidl_typesupport_fastrtps_cpp/ros2_aruco_interfaces/msg/detail/dds_fastrtps/aruco_markers__type_support.cpp.o\x1b[0m\n'}
[6.843784] (ros2_aruco_interfaces) StdoutLine: {'line': b'[ 41%] \x1b[32mBuilding CXX object CMakeFiles/ros2_aruco_interfaces__rosidl_typesupport_introspection_cpp.dir/rosidl_typesupport_introspection_cpp/ros2_aruco_interfaces/msg/detail/aruco_markers__type_support.cpp.o\x1b[0m\n'}
[6.915512] (-) TimerEvent: {}
[6.988518] (ros2_aruco_interfaces) StdoutLine: {'line': b'[ 45%] \x1b[32mBuilding CXX object CMakeFiles/ros2_aruco_interfaces__rosidl_typesupport_c.dir/rosidl_typesupport_c/ros2_aruco_interfaces/msg/aruco_markers__type_support.cpp.o\x1b[0m\n'}
[7.003122] (ros2_aruco_interfaces) StdoutLine: {'line': b'[ 48%] \x1b[32mBuilding CXX object CMakeFiles/ros2_aruco_interfaces__rosidl_typesupport_fastrtps_c.dir/rosidl_typesupport_fastrtps_c/ros2_aruco_interfaces/msg/detail/aruco_markers__type_support_c.cpp.o\x1b[0m\n'}
[7.005823] (ros2_aruco_interfaces) StdoutLine: {'line': b'[ 51%] \x1b[32mBuilding C object CMakeFiles/ros2_aruco_interfaces__rosidl_typesupport_introspection_c.dir/rosidl_typesupport_introspection_c/ros2_aruco_interfaces/msg/detail/aruco_markers__type_support.c.o\x1b[0m\n'}
[7.015593] (-) TimerEvent: {}
[7.040768] (ros2_aruco_interfaces) StdoutLine: {'line': b'[ 54%] \x1b[32m\x1b[1mLinking CXX shared library libros2_aruco_interfaces__rosidl_typesupport_c.so\x1b[0m\n'}
[7.066988] (ros2_aruco_interfaces) StdoutLine: {'line': b'[ 58%] \x1b[32m\x1b[1mLinking CXX shared library libros2_aruco_interfaces__rosidl_typesupport_cpp.so\x1b[0m\n'}
[7.078849] (ros2_aruco_interfaces) StdoutLine: {'line': b'[ 61%] \x1b[32m\x1b[1mLinking C shared library libros2_aruco_interfaces__rosidl_typesupport_introspection_c.so\x1b[0m\n'}
[7.104282] (ros2_aruco_interfaces) StdoutLine: {'line': b'[ 61%] Built target ros2_aruco_interfaces__rosidl_typesupport_c\n'}
[7.115658] (-) TimerEvent: {}
[7.125467] (ros2_aruco_interfaces) StdoutLine: {'line': b'[ 61%] Built target ros2_aruco_interfaces__rosidl_typesupport_cpp\n'}
[7.136292] (ros2_aruco_interfaces) StdoutLine: {'line': b'[ 61%] Built target ros2_aruco_interfaces__rosidl_typesupport_introspection_c\n'}
[7.196613] (ros2_aruco_interfaces) StdoutLine: {'line': b'[ 64%] \x1b[32m\x1b[1mLinking CXX shared library libros2_aruco_interfaces__rosidl_typesupport_introspection_cpp.so\x1b[0m\n'}
[7.211051] (ros2_aruco_interfaces) StdoutLine: {'line': b'[ 67%] \x1b[32m\x1b[1mLinking CXX shared library libros2_aruco_interfaces__rosidl_typesupport_fastrtps_cpp.so\x1b[0m\n'}
[7.215740] (-) TimerEvent: {}
[7.283090] (ros2_aruco_interfaces) StdoutLine: {'line': b'[ 67%] Built target ros2_aruco_interfaces__rosidl_typesupport_introspection_cpp\n'}
[7.295776] (ros2_aruco_interfaces) StdoutLine: {'line': b'[ 67%] Built target ros2_aruco_interfaces__rosidl_typesupport_fastrtps_cpp\n'}
[7.304702] (ros2_aruco_interfaces) StdoutLine: {'line': b'[ 70%] \x1b[32m\x1b[1mLinking CXX shared library libros2_aruco_interfaces__rosidl_typesupport_fastrtps_c.so\x1b[0m\n'}
[7.315818] (-) TimerEvent: {}
[7.385725] (ros2_aruco_interfaces) StdoutLine: {'line': b'[ 70%] Built target ros2_aruco_interfaces__rosidl_typesupport_fastrtps_c\n'}
[7.415903] (-) TimerEvent: {}
[7.424630] (ros2_aruco_interfaces) StdoutLine: {'line': b'[ 70%] Built target ros2_aruco_interfaces\n'}
[7.462080] (ros2_aruco_interfaces) StdoutLine: {'line': b'[ 74%] \x1b[34m\x1b[1mGenerating Python code for ROS interfaces\x1b[0m\n'}
[7.515988] (-) TimerEvent: {}
[7.616215] (-) TimerEvent: {}
[7.681958] (ros2_aruco_interfaces) StdoutLine: {'line': b'[ 74%] Built target ros2_aruco_interfaces__py\n'}
[7.716339] (-) TimerEvent: {}
[7.721750] (ros2_aruco_interfaces) StdoutLine: {'line': b'[ 77%] \x1b[32mBuilding C object CMakeFiles/ros2_aruco_interfaces__rosidl_generator_py.dir/rosidl_generator_py/ros2_aruco_interfaces/msg/_aruco_markers_s.c.o\x1b[0m\n'}
[7.816448] (-) TimerEvent: {}
[7.893596] (ros2_aruco_interfaces) StdoutLine: {'line': b'[ 80%] \x1b[32m\x1b[1mLinking C shared library rosidl_generator_py/ros2_aruco_interfaces/libros2_aruco_interfaces__rosidl_generator_py.so\x1b[0m\n'}
[7.916534] (-) TimerEvent: {}
[8.012519] (ros2_aruco_interfaces) StdoutLine: {'line': b'[ 80%] Built target ros2_aruco_interfaces__rosidl_generator_py\n'}
[8.016634] (-) TimerEvent: {}
[8.112540] (ros2_aruco_interfaces) StdoutLine: {'line': b'[ 90%] \x1b[32mBuilding C object CMakeFiles/ros2_aruco_interfaces__rosidl_typesupport_c__pyext.dir/rosidl_generator_py/ros2_aruco_interfaces/_ros2_aruco_interfaces_s.ep.rosidl_typesupport_c.c.o\x1b[0m\n'}
[8.112805] (ros2_aruco_interfaces) StdoutLine: {'line': b'[ 90%] \x1b[32mBuilding C object CMakeFiles/ros2_aruco_interfaces__rosidl_typesupport_fastrtps_c__pyext.dir/rosidl_generator_py/ros2_aruco_interfaces/_ros2_aruco_interfaces_s.ep.rosidl_typesupport_fastrtps_c.c.o\x1b[0m\n'}
[8.113113] (ros2_aruco_interfaces) StdoutLine: {'line': b'[ 90%] \x1b[32mBuilding C object CMakeFiles/ros2_aruco_interfaces__rosidl_typesupport_introspection_c__pyext.dir/rosidl_generator_py/ros2_aruco_interfaces/_ros2_aruco_interfaces_s.ep.rosidl_typesupport_introspection_c.c.o\x1b[0m\n'}
[8.116709] (-) TimerEvent: {}
[8.216981] (-) TimerEvent: {}
[8.237036] (ros2_aruco_interfaces) StdoutLine: {'line': b'[100%] \x1b[32m\x1b[1mLinking C shared library rosidl_generator_py/ros2_aruco_interfaces/ros2_aruco_interfaces_s__rosidl_typesupport_fastrtps_c.cpython-310-x86_64-linux-gnu.so\x1b[0m\n'}
[8.237210] (ros2_aruco_interfaces) StdoutLine: {'line': b'[100%] \x1b[32m\x1b[1mLinking C shared library rosidl_generator_py/ros2_aruco_interfaces/ros2_aruco_interfaces_s__rosidl_typesupport_c.cpython-310-x86_64-linux-gnu.so\x1b[0m\n'}
[8.237648] (ros2_aruco_interfaces) StdoutLine: {'line': b'[100%] \x1b[32m\x1b[1mLinking C shared library rosidl_generator_py/ros2_aruco_interfaces/ros2_aruco_interfaces_s__rosidl_typesupport_introspection_c.cpython-310-x86_64-linux-gnu.so\x1b[0m\n'}
[8.317076] (-) TimerEvent: {}
[8.337590] (ros2_aruco_interfaces) StdoutLine: {'line': b'[100%] Built target ros2_aruco_interfaces__rosidl_typesupport_c__pyext\n'}
[8.338403] (ros2_aruco_interfaces) StdoutLine: {'line': b'[100%] Built target ros2_aruco_interfaces__rosidl_typesupport_fastrtps_c__pyext\n'}
[8.342360] (ros2_aruco_interfaces) StdoutLine: {'line': b'[100%] Built target ros2_aruco_interfaces__rosidl_typesupport_introspection_c__pyext\n'}
[8.394586] (ros2_aruco_interfaces) CommandEnded: {'returncode': 0}
[8.398425] (ros2_aruco_interfaces) JobProgress: {'identifier': 'ros2_aruco_interfaces', 'progress': 'install'}
[8.417188] (-) TimerEvent: {}
[8.422319] (ros2_aruco_interfaces) Command: {'cmd': ['/usr/bin/cmake', '--install', '/home/cc/ee106b/sp26/class/ee106b-aac/eeca106b-project/project1/src/build/ros2_aruco_interfaces'], 'cwd': '/home/cc/ee106b/sp26/class/ee106b-aac/eeca106b-project/project1/src/build/ros2_aruco_interfaces', 'env': OrderedDict([('ARCH', 'x86_64'), ('QT_SCALE_FACTOR', '1'), ('USER', 'ee106b-aac'), ('HOSTNAME', 'ros2'), ('XDG_SESSION_TYPE', 'x11'), ('MASTERDIR', '/home/ff/ee106b'), ('COMPIZ_CONFIG_PROFILE', 'mate'), ('XDG_CACHE_HOME', '/home/cc/ee106b/sp26/class/ee106b-aac/.cache'), ('SHLVL', '2'), ('LD_LIBRARY_PATH', '/usr/lib/x86_64-linux-gnu/gazebo-11/plugins:/opt/ros/humble/opt/rviz_ogre_vendor/lib:/opt/ros/humble/lib/x86_64-linux-gnu:/opt/ros/humble/lib'), ('HOME', '/home/cc/ee106b/sp26/class/ee106b-aac'), ('OLDPWD', '/home/cc/ee106b/sp26/class/ee106b-aac/eeca106b-project/project1'), ('DESKTOP_SESSION', 'mate'), ('ROS_PYTHON_VERSION', '3'), ('GTK_MODULES', 'gail:atk-bridge:appmenu-gtk-module:gail:atk-bridge:canberra-gtk-module'), ('EE106_UR_ROBOT_IP', '192.168.1.102'), ('DISTROBOX_ENTER_PATH', '/usr/local/bin/distrobox-enter'), ('SYSTEMD_EXEC_PID', '256010'), ('NNTPSERVER', 'news.csua.berkeley.edu'), ('VISUAL', 'emacs'), ('XDG_STATE_HOME', '/home/cc/ee106b/sp26/class/ee106b-aac/.local/state'), ('DBUS_SESSION_BUS_ADDRESS', 'unix:path=/run/user/33866/bus'), ('COLORTERM', 'truecolor'), ('container', 'podman'), ('UBUNTU_MENUPROXY', '1'), ('QT_QPA_PLATFORMTHEME', 'gtk2'), ('COLCON_PREFIX_PATH', '/home/ff/ee106a/robot_workspaces/ur/install'), ('ROS_DISTRO', 'humble'), ('GTK_IM_MODULE', 'ibus'), ('LOGNAME', 'ee106b-aac'), ('MASTER', 'ee106b'), ('WINDOWID', '69206022'), ('ROS_VERSION', '2'), ('XDG_SESSION_CLASS', 'user'), ('TERMINFO_DIRS', '/usr/share/terminfo:/run/host/usr/share/terminfo'), ('USERNAME', 'ee106b-aac'), ('TERM', 'xterm-256color'), ('GTK_OVERLAY_SCROLLING', '0'), ('XDG_SESSION_ID', '7745'), ('ROS_LOCALHOST_ONLY', '0'), ('WINDOWPATH', '2'), ('PATH', '/share/b/grading/bin:/home/ff/ee106b/bin:/home/ff/ee106b/bin/arch/x86_64:/opt/ros/humble/bin:/share/b/grading/bin:/home/ff/ee106b/bin:/home/ff/ee106b/bin/arch/x86_64:/share/b/grading/bin:/home/ff/ee106b/bin:/home/ff/ee106b/bin/arch/x86_64:/usr/local/sbin:/usr/local/bin:/usr/sbin:/usr/bin:/sbin:/bin:/usr/games:/usr/local/games:/snap/bin:/snap/bin:/share/b/grading/bin:/share/b/grading/sbin:/share/b/runas/x86_64:/share/b/bin:/usr/local/sbin:/usr/local/bin:/usr/sbin:/usr/bin:/sbin:/bin:/share/b/grading/bin:/share/b/grading/sbin:/share/b/runas/x86_64:/share/b/bin:/share/b/grading/bin:/share/b/grading/sbin:/share/b/runas/x86_64:/share/b/bin'), ('SESSION_MANAGER', 'local/c105-8:@/tmp/.ICE-unix/256092,unix/c105-8:/tmp/.ICE-unix/256092'), ('OS', 'Linux'), ('XDG_RUNTIME_DIR', '/run/user/33866'), ('DISPLAY', ':1'), ('LANG', 'en_US.UTF-8'), ('XDG_CURRENT_DESKTOP', 'MATE'), ('XDG_DATA_HOME', '/home/cc/ee106b/sp26/class/ee106b-aac/.local/share'), ('XDG_CONFIG_HOME', '/home/cc/ee106b/sp26/class/ee106b-aac/.config'), ('XMODIFIERS', '@im=ibus'), ('XDG_SESSION_DESKTOP', 'mate'), ('XAUTHORITY', '/run/user/33866/gdm/Xauthority'), ('SSH_AUTH_SOCK', '/run/user/33866/keyring/ssh'), ('ROS_DOMAIN_ID', '28'), ('AMENT_PREFIX_PATH', '/home/ff/ee106a/robot_workspaces/ur/install/ur7e_utils:/opt/ros/humble'), ('SHELL', '/usr/bin/bash'), ('QT_ACCESSIBILITY', '1'), ('EE106_UR_ROBOT_NAME', 'astroboy'), ('GDMSESSION', 'mate'), ('RUNAS', '/share/b/runas/x86_64'), ('GPG_AGENT_INFO', '/run/user/33866/gnupg/S.gpg-agent:0:1'), ('CONFIG_SHELL', '/usr/bin/ksh'), ('QT_IM_MODULE', 'ibus'), ('PWD', '/home/cc/ee106b/sp26/class/ee106b-aac/eeca106b-project/project1/src/build/ros2_aruco_interfaces'), ('EE106_ENV_SETUP', 'ur_ros2'), ('CONTAINER_ID', 'ros2'), ('LC_ALL', 'C.UTF-8'), ('XDG_CONFIG_DIRS', '/etc/xdg/xdg-mate:/etc/xdg'), ('CLUTTER_IM_MODULE', 'ibus'), ('XDG_DATA_DIRS', '/usr/share/mate:/usr/share/mate:/usr/share/gnome:/home/cc/ee106b/sp26/class/ee106b-aac/.local/share/flatpak/exports/share:/var/lib/flatpak/exports/share:/usr/local/share/:/usr/share/:/var/lib/snapd/desktop:/usr/local/share:/usr/share'), ('PYTHONPATH', '/home/ff/ee106a/robot_workspaces/ur/install/ur7e_utils/lib/python3.10/site-packages:/opt/ros/humble/lib/python3.10/site-packages:/opt/ros/humble/local/lib/python3.10/dist-packages'), ('MATE_DESKTOP_SESSION_ID', 'this-is-deprecated'), ('COLCON', '1'), ('MANPATH', '/usr/local/man:/usr/man:/usr/X11/man:/usr/local/man:/share/b/grading/man:/usr/local/man:/usr/man:/usr/X11/man:/usr/local/man:/share/b/grading/man:/usr/local/man:/usr/man:/usr/X11/man:/usr/local/man:/share/b/grading/man:'), ('VTE_VERSION', '6800'), ('EDITOR', 'emacs'), ('QT_FONT_DPI', '122'), ('CMAKE_PREFIX_PATH', '/home/ff/ee106a/robot_workspaces/ur/install/ur7e_utils:/opt/ros/humble')]), 'shell': False}
[8.443402] (ros2_aruco_interfaces) StdoutLine: {'line': b'-- Install configuration: ""\n'}
[8.450096] (ros2_aruco_interfaces) StdoutLine: {'line': b'-- Installing: /home/cc/ee106b/sp26/class/ee106b-aac/eeca106b-project/project1/src/install/ros2_aruco_interfaces/share/ament_index/resource_index/rosidl_interfaces/ros2_aruco_interfaces\n'}
[8.456230] (ros2_aruco_interfaces) StdoutLine: {'line': b'-- Installing: /home/cc/ee106b/sp26/class/ee106b-aac/eeca106b-project/project1/src/install/ros2_aruco_interfaces/include/ros2_aruco_interfaces/ros2_aruco_interfaces\n'}
[8.462173] (ros2_aruco_interfaces) StdoutLine: {'line': b'-- Installing: /home/cc/ee106b/sp26/class/ee106b-aac/eeca106b-project/project1/src/install/ros2_aruco_interfaces/include/ros2_aruco_interfaces/ros2_aruco_interfaces/msg\n'}
[8.468032] (ros2_aruco_interfaces) StdoutLine: {'line': b'-- Installing: /home/cc/ee106b/sp26/class/ee106b-aac/eeca106b-project/project1/src/install/ros2_aruco_interfaces/include/ros2_aruco_interfaces/ros2_aruco_interfaces/msg/aruco_markers.h\n'}
[8.475189] (ros2_aruco_interfaces) StdoutLine: {'line': b'-- Installing: /home/cc/ee106b/sp26/class/ee106b-aac/eeca106b-project/project1/src/install/ros2_aruco_interfaces/include/ros2_aruco_interfaces/ros2_aruco_interfaces/msg/rosidl_generator_c__visibility_control.h\n'}
[8.481081] (ros2_aruco_interfaces) StdoutLine: {'line': b'-- Installing: /home/cc/ee106b/sp26/class/ee106b-aac/eeca106b-project/project1/src/install/ros2_aruco_interfaces/include/ros2_aruco_interfaces/ros2_aruco_interfaces/msg/detail\n'}
[8.486777] (ros2_aruco_interfaces) StdoutLine: {'line': b'-- Installing: /home/cc/ee106b/sp26/class/ee106b-aac/eeca106b-project/project1/src/install/ros2_aruco_interfaces/include/ros2_aruco_interfaces/ros2_aruco_interfaces/msg/detail/aruco_markers__functions.c\n'}
[8.493748] (ros2_aruco_interfaces) StdoutLine: {'line': b'-- Installing: /home/cc/ee106b/sp26/class/ee106b-aac/eeca106b-project/project1/src/install/ros2_aruco_interfaces/include/ros2_aruco_interfaces/ros2_aruco_interfaces/msg/detail/aruco_markers__functions.h\n'}
[8.499588] (ros2_aruco_interfaces) StdoutLine: {'line': b'-- Installing: /home/cc/ee106b/sp26/class/ee106b-aac/eeca106b-project/project1/src/install/ros2_aruco_interfaces/include/ros2_aruco_interfaces/ros2_aruco_interfaces/msg/detail/aruco_markers__struct.h\n'}
[8.505359] (ros2_aruco_interfaces) StdoutLine: {'line': b'-- Installing: /home/cc/ee106b/sp26/class/ee106b-aac/eeca106b-project/project1/src/install/ros2_aruco_interfaces/include/ros2_aruco_interfaces/ros2_aruco_interfaces/msg/detail/aruco_markers__type_support.h\n'}
[8.517098] (ros2_aruco_interfaces) StdoutLine: {'line': b'-- Installing: /home/cc/ee106b/sp26/class/ee106b-aac/eeca106b-project/project1/src/install/ros2_aruco_interfaces/share/ros2_aruco_interfaces/environment/library_path.sh\n'}
[8.517182] (-) TimerEvent: {}
[8.522475] (ros2_aruco_interfaces) StdoutLine: {'line': b'-- Installing: /home/cc/ee106b/sp26/class/ee106b-aac/eeca106b-project/project1/src/install/ros2_aruco_interfaces/share/ros2_aruco_interfaces/environment/library_path.dsv\n'}
[8.532799] (ros2_aruco_interfaces) StdoutLine: {'line': b'-- Installing: /home/cc/ee106b/sp26/class/ee106b-aac/eeca106b-project/project1/src/install/ros2_aruco_interfaces/lib/libros2_aruco_interfaces__rosidl_generator_c.so\n'}
[8.543674] (ros2_aruco_interfaces) StdoutLine: {'line': b'-- Set runtime path of "/home/cc/ee106b/sp26/class/ee106b-aac/eeca106b-project/project1/src/install/ros2_aruco_interfaces/lib/libros2_aruco_interfaces__rosidl_generator_c.so" to ""\n'}
[8.544235] (ros2_aruco_interfaces) StdoutLine: {'line': b'-- Up-to-date: /home/cc/ee106b/sp26/class/ee106b-aac/eeca106b-project/project1/src/install/ros2_aruco_interfaces/include/ros2_aruco_interfaces/ros2_aruco_interfaces\n'}
[8.545748] (ros2_aruco_interfaces) StdoutLine: {'line': b'-- Up-to-date: /home/cc/ee106b/sp26/class/ee106b-aac/eeca106b-project/project1/src/install/ros2_aruco_interfaces/include/ros2_aruco_interfaces/ros2_aruco_interfaces/msg\n'}
[8.547015] (ros2_aruco_interfaces) StdoutLine: {'line': b'-- Up-to-date: /home/cc/ee106b/sp26/class/ee106b-aac/eeca106b-project/project1/src/install/ros2_aruco_interfaces/include/ros2_aruco_interfaces/ros2_aruco_interfaces/msg/detail\n'}
[8.548445] (ros2_aruco_interfaces) StdoutLine: {'line': b'-- Installing: /home/cc/ee106b/sp26/class/ee106b-aac/eeca106b-project/project1/src/install/ros2_aruco_interfaces/include/ros2_aruco_interfaces/ros2_aruco_interfaces/msg/detail/aruco_markers__rosidl_typesupport_fastrtps_c.h\n'}
[8.556003] (ros2_aruco_interfaces) StdoutLine: {'line': b'-- Installing: /home/cc/ee106b/sp26/class/ee106b-aac/eeca106b-project/project1/src/install/ros2_aruco_interfaces/include/ros2_aruco_interfaces/ros2_aruco_interfaces/msg/rosidl_typesupport_fastrtps_c__visibility_control.h\n'}
[8.563924] (ros2_aruco_interfaces) StdoutLine: {'line': b'-- Installing: /home/cc/ee106b/sp26/class/ee106b-aac/eeca106b-project/project1/src/install/ros2_aruco_interfaces/lib/libros2_aruco_interfaces__rosidl_typesupport_fastrtps_c.so\n'}
[8.574681] (ros2_aruco_interfaces) StdoutLine: {'line': b'-- Set runtime path of "/home/cc/ee106b/sp26/class/ee106b-aac/eeca106b-project/project1/src/install/ros2_aruco_interfaces/lib/libros2_aruco_interfaces__rosidl_typesupport_fastrtps_c.so" to ""\n'}
[8.575248] (ros2_aruco_interfaces) StdoutLine: {'line': b'-- Up-to-date: /home/cc/ee106b/sp26/class/ee106b-aac/eeca106b-project/project1/src/install/ros2_aruco_interfaces/include/ros2_aruco_interfaces/ros2_aruco_interfaces\n'}
[8.576599] (ros2_aruco_interfaces) StdoutLine: {'line': b'-- Up-to-date: /home/cc/ee106b/sp26/class/ee106b-aac/eeca106b-project/project1/src/install/ros2_aruco_interfaces/include/ros2_aruco_interfaces/ros2_aruco_interfaces/msg\n'}
[8.578052] (ros2_aruco_interfaces) StdoutLine: {'line': b'-- Installing: /home/cc/ee106b/sp26/class/ee106b-aac/eeca106b-project/project1/src/install/ros2_aruco_interfaces/include/ros2_aruco_interfaces/ros2_aruco_interfaces/msg/aruco_markers.hpp\n'}
[8.585327] (ros2_aruco_interfaces) StdoutLine: {'line': b'-- Installing: /home/cc/ee106b/sp26/class/ee106b-aac/eeca106b-project/project1/src/install/ros2_aruco_interfaces/include/ros2_aruco_interfaces/ros2_aruco_interfaces/msg/rosidl_generator_cpp__visibility_control.hpp\n'}
[8.592188] (ros2_aruco_interfaces) StdoutLine: {'line': b'-- Up-to-date: /home/cc/ee106b/sp26/class/ee106b-aac/eeca106b-project/project1/src/install/ros2_aruco_interfaces/include/ros2_aruco_interfaces/ros2_aruco_interfaces/msg/detail\n'}
[8.593973] (ros2_aruco_interfaces) StdoutLine: {'line': b'-- Installing: /home/cc/ee106b/sp26/class/ee106b-aac/eeca106b-project/project1/src/install/ros2_aruco_interfaces/include/ros2_aruco_interfaces/ros2_aruco_interfaces/msg/detail/aruco_markers__builder.hpp\n'}
[8.602055] (ros2_aruco_interfaces) StdoutLine: {'line': b'-- Installing: /home/cc/ee106b/sp26/class/ee106b-aac/eeca106b-project/project1/src/install/ros2_aruco_interfaces/include/ros2_aruco_interfaces/ros2_aruco_interfaces/msg/detail/aruco_markers__struct.hpp\n'}
[8.609214] (ros2_aruco_interfaces) StdoutLine: {'line': b'-- Installing: /home/cc/ee106b/sp26/class/ee106b-aac/eeca106b-project/project1/src/install/ros2_aruco_interfaces/include/ros2_aruco_interfaces/ros2_aruco_interfaces/msg/detail/aruco_markers__traits.hpp\n'}
[8.616862] (ros2_aruco_interfaces) StdoutLine: {'line': b'-- Installing: /home/cc/ee106b/sp26/class/ee106b-aac/eeca106b-project/project1/src/install/ros2_aruco_interfaces/include/ros2_aruco_interfaces/ros2_aruco_interfaces/msg/detail/aruco_markers__type_support.hpp\n'}
[8.617245] (-) TimerEvent: {}
[8.624212] (ros2_aruco_interfaces) StdoutLine: {'line': b'-- Up-to-date: /home/cc/ee106b/sp26/class/ee106b-aac/eeca106b-project/project1/src/install/ros2_aruco_interfaces/include/ros2_aruco_interfaces/ros2_aruco_interfaces\n'}
[8.625767] (ros2_aruco_interfaces) StdoutLine: {'line': b'-- Up-to-date: /home/cc/ee106b/sp26/class/ee106b-aac/eeca106b-project/project1/src/install/ros2_aruco_interfaces/include/ros2_aruco_interfaces/ros2_aruco_interfaces/msg\n'}
[8.627493] (ros2_aruco_interfaces) StdoutLine: {'line': b'-- Up-to-date: /home/cc/ee106b/sp26/class/ee106b-aac/eeca106b-project/project1/src/install/ros2_aruco_interfaces/include/ros2_aruco_interfaces/ros2_aruco_interfaces/msg/detail\n'}
[8.628735] (ros2_aruco_interfaces) StdoutLine: {'line': b'-- Installing: /home/cc/ee106b/sp26/class/ee106b-aac/eeca106b-project/project1/src/install/ros2_aruco_interfaces/include/ros2_aruco_interfaces/ros2_aruco_interfaces/msg/detail/aruco_markers__rosidl_typesupport_fastrtps_cpp.hpp\n'}
[8.635770] (ros2_aruco_interfaces) StdoutLine: {'line': b'-- Installing: /home/cc/ee106b/sp26/class/ee106b-aac/eeca106b-project/project1/src/install/ros2_aruco_interfaces/include/ros2_aruco_interfaces/ros2_aruco_interfaces/msg/detail/dds_fastrtps\n'}
[8.641990] (ros2_aruco_interfaces) StdoutLine: {'line': b'-- Installing: /home/cc/ee106b/sp26/class/ee106b-aac/eeca106b-project/project1/src/install/ros2_aruco_interfaces/include/ros2_aruco_interfaces/ros2_aruco_interfaces/msg/rosidl_typesupport_fastrtps_cpp__visibility_control.h\n'}
[8.649348] (ros2_aruco_interfaces) StdoutLine: {'line': b'-- Installing: /home/cc/ee106b/sp26/class/ee106b-aac/eeca106b-project/project1/src/install/ros2_aruco_interfaces/lib/libros2_aruco_interfaces__rosidl_typesupport_fastrtps_cpp.so\n'}
[8.662552] (ros2_aruco_interfaces) StdoutLine: {'line': b'-- Set runtime path of "/home/cc/ee106b/sp26/class/ee106b-aac/eeca106b-project/project1/src/install/ros2_aruco_interfaces/lib/libros2_aruco_interfaces__rosidl_typesupport_fastrtps_cpp.so" to ""\n'}
[8.663013] (ros2_aruco_interfaces) StdoutLine: {'line': b'-- Up-to-date: /home/cc/ee106b/sp26/class/ee106b-aac/eeca106b-project/project1/src/install/ros2_aruco_interfaces/include/ros2_aruco_interfaces/ros2_aruco_interfaces\n'}
[8.664328] (ros2_aruco_interfaces) StdoutLine: {'line': b'-- Up-to-date: /home/cc/ee106b/sp26/class/ee106b-aac/eeca106b-project/project1/src/install/ros2_aruco_interfaces/include/ros2_aruco_interfaces/ros2_aruco_interfaces/msg\n'}
[8.665799] (ros2_aruco_interfaces) StdoutLine: {'line': b'-- Up-to-date: /home/cc/ee106b/sp26/class/ee106b-aac/eeca106b-project/project1/src/install/ros2_aruco_interfaces/include/ros2_aruco_interfaces/ros2_aruco_interfaces/msg/detail\n'}
[8.667052] (ros2_aruco_interfaces) StdoutLine: {'line': b'-- Installing: /home/cc/ee106b/sp26/class/ee106b-aac/eeca106b-project/project1/src/install/ros2_aruco_interfaces/include/ros2_aruco_interfaces/ros2_aruco_interfaces/msg/detail/aruco_markers__rosidl_typesupport_introspection_c.h\n'}
[8.673719] (ros2_aruco_interfaces) StdoutLine: {'line': b'-- Installing: /home/cc/ee106b/sp26/class/ee106b-aac/eeca106b-project/project1/src/install/ros2_aruco_interfaces/include/ros2_aruco_interfaces/ros2_aruco_interfaces/msg/detail/aruco_markers__type_support.c\n'}
[8.679773] (ros2_aruco_interfaces) StdoutLine: {'line': b'-- Installing: /home/cc/ee106b/sp26/class/ee106b-aac/eeca106b-project/project1/src/install/ros2_aruco_interfaces/include/ros2_aruco_interfaces/ros2_aruco_interfaces/msg/rosidl_typesupport_introspection_c__visibility_control.h\n'}
[8.687088] (ros2_aruco_interfaces) StdoutLine: {'line': b'-- Installing: /home/cc/ee106b/sp26/class/ee106b-aac/eeca106b-project/project1/src/install/ros2_aruco_interfaces/lib/libros2_aruco_interfaces__rosidl_typesupport_introspection_c.so\n'}
[8.696957] (ros2_aruco_interfaces) StdoutLine: {'line': b'-- Set runtime path of "/home/cc/ee106b/sp26/class/ee106b-aac/eeca106b-project/project1/src/install/ros2_aruco_interfaces/lib/libros2_aruco_interfaces__rosidl_typesupport_introspection_c.so" to ""\n'}
[8.698257] (ros2_aruco_interfaces) StdoutLine: {'line': b'-- Installing: /home/cc/ee106b/sp26/class/ee106b-aac/eeca106b-project/project1/src/install/ros2_aruco_interfaces/lib/libros2_aruco_interfaces__rosidl_typesupport_c.so\n'}
[8.707267] (ros2_aruco_interfaces) StdoutLine: {'line': b'-- Set runtime path of "/home/cc/ee106b/sp26/class/ee106b-aac/eeca106b-project/project1/src/install/ros2_aruco_interfaces/lib/libros2_aruco_interfaces__rosidl_typesupport_c.so" to ""\n'}
[8.707711] (ros2_aruco_interfaces) StdoutLine: {'line': b'-- Up-to-date: /home/cc/ee106b/sp26/class/ee106b-aac/eeca106b-project/project1/src/install/ros2_aruco_interfaces/include/ros2_aruco_interfaces/ros2_aruco_interfaces\n'}
[8.709040] (ros2_aruco_interfaces) StdoutLine: {'line': b'-- Up-to-date: /home/cc/ee106b/sp26/class/ee106b-aac/eeca106b-project/project1/src/install/ros2_aruco_interfaces/include/ros2_aruco_interfaces/ros2_aruco_interfaces/msg\n'}
[8.710453] (ros2_aruco_interfaces) StdoutLine: {'line': b'-- Up-to-date: /home/cc/ee106b/sp26/class/ee106b-aac/eeca106b-project/project1/src/install/ros2_aruco_interfaces/include/ros2_aruco_interfaces/ros2_aruco_interfaces/msg/detail\n'}
[8.711745] (ros2_aruco_interfaces) StdoutLine: {'line': b'-- Installing: /home/cc/ee106b/sp26/class/ee106b-aac/eeca106b-project/project1/src/install/ros2_aruco_interfaces/include/ros2_aruco_interfaces/ros2_aruco_interfaces/msg/detail/aruco_markers__rosidl_typesupport_introspection_cpp.hpp\n'}
[8.717333] (-) TimerEvent: {}
[8.718533] (ros2_aruco_interfaces) StdoutLine: {'line': b'-- Installing: /home/cc/ee106b/sp26/class/ee106b-aac/eeca106b-project/project1/src/install/ros2_aruco_interfaces/include/ros2_aruco_interfaces/ros2_aruco_interfaces/msg/detail/aruco_markers__type_support.cpp\n'}
[8.724922] (ros2_aruco_interfaces) StdoutLine: {'line': b'-- Installing: /home/cc/ee106b/sp26/class/ee106b-aac/eeca106b-project/project1/src/install/ros2_aruco_interfaces/lib/libros2_aruco_interfaces__rosidl_typesupport_introspection_cpp.so\n'}
[8.737735] (ros2_aruco_interfaces) StdoutLine: {'line': b'-- Set runtime path of "/home/cc/ee106b/sp26/class/ee106b-aac/eeca106b-project/project1/src/install/ros2_aruco_interfaces/lib/libros2_aruco_interfaces__rosidl_typesupport_introspection_cpp.so" to ""\n'}
[8.739145] (ros2_aruco_interfaces) StdoutLine: {'line': b'-- Installing: /home/cc/ee106b/sp26/class/ee106b-aac/eeca106b-project/project1/src/install/ros2_aruco_interfaces/lib/libros2_aruco_interfaces__rosidl_typesupport_cpp.so\n'}
[8.749897] (ros2_aruco_interfaces) StdoutLine: {'line': b'-- Set runtime path of "/home/cc/ee106b/sp26/class/ee106b-aac/eeca106b-project/project1/src/install/ros2_aruco_interfaces/lib/libros2_aruco_interfaces__rosidl_typesupport_cpp.so" to ""\n'}
[8.750856] (ros2_aruco_interfaces) StdoutLine: {'line': b'-- Installing: /home/cc/ee106b/sp26/class/ee106b-aac/eeca106b-project/project1/src/install/ros2_aruco_interfaces/share/ros2_aruco_interfaces/environment/pythonpath.sh\n'}
[8.757022] (ros2_aruco_interfaces) StdoutLine: {'line': b'-- Installing: /home/cc/ee106b/sp26/class/ee106b-aac/eeca106b-project/project1/src/install/ros2_aruco_interfaces/share/ros2_aruco_interfaces/environment/pythonpath.dsv\n'}
[8.762972] (ros2_aruco_interfaces) StdoutLine: {'line': b'-- Installing: /home/cc/ee106b/sp26/class/ee106b-aac/eeca106b-project/project1/src/install/ros2_aruco_interfaces/local/lib/python3.10/dist-packages/ros2_aruco_interfaces-0.1.0-py3.10.egg-info\n'}
[8.770382] (ros2_aruco_interfaces) StdoutLine: {'line': b'-- Installing: /home/cc/ee106b/sp26/class/ee106b-aac/eeca106b-project/project1/src/install/ros2_aruco_interfaces/local/lib/python3.10/dist-packages/ros2_aruco_interfaces-0.1.0-py3.10.egg-info/PKG-INFO\n'}
[8.776327] (ros2_aruco_interfaces) StdoutLine: {'line': b'-- Installing: /home/cc/ee106b/sp26/class/ee106b-aac/eeca106b-project/project1/src/install/ros2_aruco_interfaces/local/lib/python3.10/dist-packages/ros2_aruco_interfaces-0.1.0-py3.10.egg-info/dependency_links.txt\n'}
[8.782249] (ros2_aruco_interfaces) StdoutLine: {'line': b'-- Installing: /home/cc/ee106b/sp26/class/ee106b-aac/eeca106b-project/project1/src/install/ros2_aruco_interfaces/local/lib/python3.10/dist-packages/ros2_aruco_interfaces-0.1.0-py3.10.egg-info/top_level.txt\n'}
[8.787998] (ros2_aruco_interfaces) StdoutLine: {'line': b'-- Installing: /home/cc/ee106b/sp26/class/ee106b-aac/eeca106b-project/project1/src/install/ros2_aruco_interfaces/local/lib/python3.10/dist-packages/ros2_aruco_interfaces-0.1.0-py3.10.egg-info/SOURCES.txt\n'}
[8.794622] (ros2_aruco_interfaces) StdoutLine: {'line': b'-- Installing: /home/cc/ee106b/sp26/class/ee106b-aac/eeca106b-project/project1/src/install/ros2_aruco_interfaces/local/lib/python3.10/dist-packages/ros2_aruco_interfaces\n'}
[8.800871] (ros2_aruco_interfaces) StdoutLine: {'line': b'-- Installing: /home/cc/ee106b/sp26/class/ee106b-aac/eeca106b-project/project1/src/install/ros2_aruco_interfaces/local/lib/python3.10/dist-packages/ros2_aruco_interfaces/__init__.py\n'}
[8.806821] (ros2_aruco_interfaces) StdoutLine: {'line': b'-- Installing: /home/cc/ee106b/sp26/class/ee106b-aac/eeca106b-project/project1/src/install/ros2_aruco_interfaces/local/lib/python3.10/dist-packages/ros2_aruco_interfaces/msg\n'}
[8.812649] (ros2_aruco_interfaces) StdoutLine: {'line': b'-- Installing: /home/cc/ee106b/sp26/class/ee106b-aac/eeca106b-project/project1/src/install/ros2_aruco_interfaces/local/lib/python3.10/dist-packages/ros2_aruco_interfaces/msg/_aruco_markers.py\n'}
[8.817392] (-) TimerEvent: {}
[8.819966] (ros2_aruco_interfaces) StdoutLine: {'line': b'-- Installing: /home/cc/ee106b/sp26/class/ee106b-aac/eeca106b-project/project1/src/install/ros2_aruco_interfaces/local/lib/python3.10/dist-packages/ros2_aruco_interfaces/msg/_aruco_markers_s.c\n'}
[8.826526] (ros2_aruco_interfaces) StdoutLine: {'line': b'-- Installing: /home/cc/ee106b/sp26/class/ee106b-aac/eeca106b-project/project1/src/install/ros2_aruco_interfaces/local/lib/python3.10/dist-packages/ros2_aruco_interfaces/msg/__init__.py\n'}
[8.833717] (ros2_aruco_interfaces) StdoutLine: {'line': b'-- Installing: /home/cc/ee106b/sp26/class/ee106b-aac/eeca106b-project/project1/src/install/ros2_aruco_interfaces/local/lib/python3.10/dist-packages/ros2_aruco_interfaces/_ros2_aruco_interfaces_s.ep.rosidl_typesupport_fastrtps_c.c\n'}
[8.841940] (ros2_aruco_interfaces) StdoutLine: {'line': b'-- Installing: /home/cc/ee106b/sp26/class/ee106b-aac/eeca106b-project/project1/src/install/ros2_aruco_interfaces/local/lib/python3.10/dist-packages/ros2_aruco_interfaces/_ros2_aruco_interfaces_s.ep.rosidl_typesupport_introspection_c.c\n'}
[8.849565] (ros2_aruco_interfaces) StdoutLine: {'line': b'-- Installing: /home/cc/ee106b/sp26/class/ee106b-aac/eeca106b-project/project1/src/install/ros2_aruco_interfaces/local/lib/python3.10/dist-packages/ros2_aruco_interfaces/_ros2_aruco_interfaces_s.ep.rosidl_typesupport_c.c\n'}
[8.857860] (ros2_aruco_interfaces) StdoutLine: {'line': b'-- Installing: /home/cc/ee106b/sp26/class/ee106b-aac/eeca106b-project/project1/src/install/ros2_aruco_interfaces/local/lib/python3.10/dist-packages/ros2_aruco_interfaces/libros2_aruco_interfaces__rosidl_generator_py.so\n'}
[8.866714] (ros2_aruco_interfaces) StdoutLine: {'line': b'-- Installing: /home/cc/ee106b/sp26/class/ee106b-aac/eeca106b-project/project1/src/install/ros2_aruco_interfaces/local/lib/python3.10/dist-packages/ros2_aruco_interfaces/ros2_aruco_interfaces_s__rosidl_typesupport_fastrtps_c.cpython-310-x86_64-linux-gnu.so\n'}
[8.880567] (ros2_aruco_interfaces) StdoutLine: {'line': b'-- Installing: /home/cc/ee106b/sp26/class/ee106b-aac/eeca106b-project/project1/src/install/ros2_aruco_interfaces/local/lib/python3.10/dist-packages/ros2_aruco_interfaces/ros2_aruco_interfaces_s__rosidl_typesupport_introspection_c.cpython-310-x86_64-linux-gnu.so\n'}
[8.890014] (ros2_aruco_interfaces) StdoutLine: {'line': b'-- Installing: /home/cc/ee106b/sp26/class/ee106b-aac/eeca106b-project/project1/src/install/ros2_aruco_interfaces/local/lib/python3.10/dist-packages/ros2_aruco_interfaces/ros2_aruco_interfaces_s__rosidl_typesupport_c.cpython-310-x86_64-linux-gnu.so\n'}
[8.917474] (-) TimerEvent: {}
[8.951321] (ros2_aruco_interfaces) StdoutLine: {'line': b"Listing '/home/cc/ee106b/sp26/class/ee106b-aac/eeca106b-project/project1/src/install/ros2_aruco_interfaces/local/lib/python3.10/dist-packages/ros2_aruco_interfaces'...\n"}
[8.951544] (ros2_aruco_interfaces) StdoutLine: {'line': b"Compiling '/home/cc/ee106b/sp26/class/ee106b-aac/eeca106b-project/project1/src/install/ros2_aruco_interfaces/local/lib/python3.10/dist-packages/ros2_aruco_interfaces/__init__.py'...\n"}
[8.951613] (ros2_aruco_interfaces) StdoutLine: {'line': b"Listing '/home/cc/ee106b/sp26/class/ee106b-aac/eeca106b-project/project1/src/install/ros2_aruco_interfaces/local/lib/python3.10/dist-packages/ros2_aruco_interfaces/msg'...\n"}
[8.951678] (ros2_aruco_interfaces) StdoutLine: {'line': b"Compiling '/home/cc/ee106b/sp26/class/ee106b-aac/eeca106b-project/project1/src/install/ros2_aruco_interfaces/local/lib/python3.10/dist-packages/ros2_aruco_interfaces/msg/__init__.py'...\n"}
[8.951735] (ros2_aruco_interfaces) StdoutLine: {'line': b"Compiling '/home/cc/ee106b/sp26/class/ee106b-aac/eeca106b-project/project1/src/install/ros2_aruco_interfaces/local/lib/python3.10/dist-packages/ros2_aruco_interfaces/msg/_aruco_markers.py'...\n"}
[8.957458] (ros2_aruco_interfaces) StdoutLine: {'line': b'-- Installing: /home/cc/ee106b/sp26/class/ee106b-aac/eeca106b-project/project1/src/install/ros2_aruco_interfaces/local/lib/python3.10/dist-packages/ros2_aruco_interfaces/ros2_aruco_interfaces_s__rosidl_typesupport_fastrtps_c.cpython-310-x86_64-linux-gnu.so\n'}
[8.966523] (ros2_aruco_interfaces) StdoutLine: {'line': b'-- Set runtime path of "/home/cc/ee106b/sp26/class/ee106b-aac/eeca106b-project/project1/src/install/ros2_aruco_interfaces/local/lib/python3.10/dist-packages/ros2_aruco_interfaces/ros2_aruco_interfaces_s__rosidl_typesupport_fastrtps_c.cpython-310-x86_64-linux-gnu.so" to ""\n'}
[8.969649] (ros2_aruco_interfaces) StdoutLine: {'line': b'-- Installing: /home/cc/ee106b/sp26/class/ee106b-aac/eeca106b-project/project1/src/install/ros2_aruco_interfaces/local/lib/python3.10/dist-packages/ros2_aruco_interfaces/ros2_aruco_interfaces_s__rosidl_typesupport_introspection_c.cpython-310-x86_64-linux-gnu.so\n'}
[8.978951] (ros2_aruco_interfaces) StdoutLine: {'line': b'-- Set runtime path of "/home/cc/ee106b/sp26/class/ee106b-aac/eeca106b-project/project1/src/install/ros2_aruco_interfaces/local/lib/python3.10/dist-packages/ros2_aruco_interfaces/ros2_aruco_interfaces_s__rosidl_typesupport_introspection_c.cpython-310-x86_64-linux-gnu.so" to ""\n'}
[8.982300] (ros2_aruco_interfaces) StdoutLine: {'line': b'-- Installing: /home/cc/ee106b/sp26/class/ee106b-aac/eeca106b-project/project1/src/install/ros2_aruco_interfaces/local/lib/python3.10/dist-packages/ros2_aruco_interfaces/ros2_aruco_interfaces_s__rosidl_typesupport_c.cpython-310-x86_64-linux-gnu.so\n'}
[8.992503] (ros2_aruco_interfaces) StdoutLine: {'line': b'-- Set runtime path of "/home/cc/ee106b/sp26/class/ee106b-aac/eeca106b-project/project1/src/install/ros2_aruco_interfaces/local/lib/python3.10/dist-packages/ros2_aruco_interfaces/ros2_aruco_interfaces_s__rosidl_typesupport_c.cpython-310-x86_64-linux-gnu.so" to ""\n'}
[8.993512] (ros2_aruco_interfaces) StdoutLine: {'line': b'-- Installing: /home/cc/ee106b/sp26/class/ee106b-aac/eeca106b-project/project1/src/install/ros2_aruco_interfaces/lib/libros2_aruco_interfaces__rosidl_generator_py.so\n'}
[9.004786] (ros2_aruco_interfaces) StdoutLine: {'line': b'-- Set runtime path of "/home/cc/ee106b/sp26/class/ee106b-aac/eeca106b-project/project1/src/install/ros2_aruco_interfaces/lib/libros2_aruco_interfaces__rosidl_generator_py.so" to ""\n'}
[9.011011] (ros2_aruco_interfaces) StdoutLine: {'line': b'-- Installing: /home/cc/ee106b/sp26/class/ee106b-aac/eeca106b-project/project1/src/install/ros2_aruco_interfaces/share/ros2_aruco_interfaces/msg/ArucoMarkers.idl\n'}
[9.017571] (-) TimerEvent: {}
[9.018353] (ros2_aruco_interfaces) StdoutLine: {'line': b'-- Installing: /home/cc/ee106b/sp26/class/ee106b-aac/eeca106b-project/project1/src/install/ros2_aruco_interfaces/share/ros2_aruco_interfaces/msg/ArucoMarkers.msg\n'}
[9.030355] (ros2_aruco_interfaces) StdoutLine: {'line': b'-- Installing: /home/cc/ee106b/sp26/class/ee106b-aac/eeca106b-project/project1/src/install/ros2_aruco_interfaces/share/ament_index/resource_index/package_run_dependencies/ros2_aruco_interfaces\n'}
[9.042550] (ros2_aruco_interfaces) StdoutLine: {'line': b'-- Installing: /home/cc/ee106b/sp26/class/ee106b-aac/eeca106b-project/project1/src/install/ros2_aruco_interfaces/share/ament_index/resource_index/parent_prefix_path/ros2_aruco_interfaces\n'}
[9.050916] (ros2_aruco_interfaces) StdoutLine: {'line': b'-- Installing: /home/cc/ee106b/sp26/class/ee106b-aac/eeca106b-project/project1/src/install/ros2_aruco_interfaces/share/ros2_aruco_interfaces/environment/ament_prefix_path.sh\n'}
[9.057138] (ros2_aruco_interfaces) StdoutLine: {'line': b'-- Installing: /home/cc/ee106b/sp26/class/ee106b-aac/eeca106b-project/project1/src/install/ros2_aruco_interfaces/share/ros2_aruco_interfaces/environment/ament_prefix_path.dsv\n'}
[9.064486] (ros2_aruco_interfaces) StdoutLine: {'line': b'-- Installing: /home/cc/ee106b/sp26/class/ee106b-aac/eeca106b-project/project1/src/install/ros2_aruco_interfaces/share/ros2_aruco_interfaces/environment/path.sh\n'}
[9.070246] (ros2_aruco_interfaces) StdoutLine: {'line': b'-- Installing: /home/cc/ee106b/sp26/class/ee106b-aac/eeca106b-project/project1/src/install/ros2_aruco_interfaces/share/ros2_aruco_interfaces/environment/path.dsv\n'}
[9.077171] (ros2_aruco_interfaces) StdoutLine: {'line': b'-- Installing: /home/cc/ee106b/sp26/class/ee106b-aac/eeca106b-project/project1/src/install/ros2_aruco_interfaces/share/ros2_aruco_interfaces/local_setup.bash\n'}
[9.084539] (ros2_aruco_interfaces) StdoutLine: {'line': b'-- Installing: /home/cc/ee106b/sp26/class/ee106b-aac/eeca106b-project/project1/src/install/ros2_aruco_interfaces/share/ros2_aruco_interfaces/local_setup.sh\n'}
[9.091994] (ros2_aruco_interfaces) StdoutLine: {'line': b'-- Installing: /home/cc/ee106b/sp26/class/ee106b-aac/eeca106b-project/project1/src/install/ros2_aruco_interfaces/share/ros2_aruco_interfaces/local_setup.zsh\n'}
[9.100280] (ros2_aruco_interfaces) StdoutLine: {'line': b'-- Installing: /home/cc/ee106b/sp26/class/ee106b-aac/eeca106b-project/project1/src/install/ros2_aruco_interfaces/share/ros2_aruco_interfaces/local_setup.dsv\n'}
[9.107854] (ros2_aruco_interfaces) StdoutLine: {'line': b'-- Installing: /home/cc/ee106b/sp26/class/ee106b-aac/eeca106b-project/project1/src/install/ros2_aruco_interfaces/share/ros2_aruco_interfaces/package.dsv\n'}
[9.117671] (-) TimerEvent: {}
[9.118666] (ros2_aruco_interfaces) StdoutLine: {'line': b'-- Installing: /home/cc/ee106b/sp26/class/ee106b-aac/eeca106b-project/project1/src/install/ros2_aruco_interfaces/share/ament_index/resource_index/packages/ros2_aruco_interfaces\n'}
[9.130578] (ros2_aruco_interfaces) StdoutLine: {'line': b'-- Installing: /home/cc/ee106b/sp26/class/ee106b-aac/eeca106b-project/project1/src/install/ros2_aruco_interfaces/share/ros2_aruco_interfaces/cmake/export_ros2_aruco_interfaces__rosidl_generator_cExport.cmake\n'}
[9.138036] (ros2_aruco_interfaces) StdoutLine: {'line': b'-- Installing: /home/cc/ee106b/sp26/class/ee106b-aac/eeca106b-project/project1/src/install/ros2_aruco_interfaces/share/ros2_aruco_interfaces/cmake/export_ros2_aruco_interfaces__rosidl_generator_cExport-noconfig.cmake\n'}
[9.145446] (ros2_aruco_interfaces) StdoutLine: {'line': b'-- Installing: /home/cc/ee106b/sp26/class/ee106b-aac/eeca106b-project/project1/src/install/ros2_aruco_interfaces/share/ros2_aruco_interfaces/cmake/export_ros2_aruco_interfaces__rosidl_typesupport_fastrtps_cExport.cmake\n'}
[9.153404] (ros2_aruco_interfaces) StdoutLine: {'line': b'-- Installing: /home/cc/ee106b/sp26/class/ee106b-aac/eeca106b-project/project1/src/install/ros2_aruco_interfaces/share/ros2_aruco_interfaces/cmake/export_ros2_aruco_interfaces__rosidl_typesupport_fastrtps_cExport-noconfig.cmake\n'}
[9.161356] (ros2_aruco_interfaces) StdoutLine: {'line': b'-- Installing: /home/cc/ee106b/sp26/class/ee106b-aac/eeca106b-project/project1/src/install/ros2_aruco_interfaces/share/ros2_aruco_interfaces/cmake/export_ros2_aruco_interfaces__rosidl_generator_cppExport.cmake\n'}
[9.168731] (ros2_aruco_interfaces) StdoutLine: {'line': b'-- Installing: /home/cc/ee106b/sp26/class/ee106b-aac/eeca106b-project/project1/src/install/ros2_aruco_interfaces/share/ros2_aruco_interfaces/cmake/export_ros2_aruco_interfaces__rosidl_typesupport_fastrtps_cppExport.cmake\n'}
[9.175797] (ros2_aruco_interfaces) StdoutLine: {'line': b'-- Installing: /home/cc/ee106b/sp26/class/ee106b-aac/eeca106b-project/project1/src/install/ros2_aruco_interfaces/share/ros2_aruco_interfaces/cmake/export_ros2_aruco_interfaces__rosidl_typesupport_fastrtps_cppExport-noconfig.cmake\n'}
[9.182423] (ros2_aruco_interfaces) StdoutLine: {'line': b'-- Installing: /home/cc/ee106b/sp26/class/ee106b-aac/eeca106b-project/project1/src/install/ros2_aruco_interfaces/share/ros2_aruco_interfaces/cmake/ros2_aruco_interfaces__rosidl_typesupport_introspection_cExport.cmake\n'}
[9.188992] (ros2_aruco_interfaces) StdoutLine: {'line': b'-- Installing: /home/cc/ee106b/sp26/class/ee106b-aac/eeca106b-project/project1/src/install/ros2_aruco_interfaces/share/ros2_aruco_interfaces/cmake/ros2_aruco_interfaces__rosidl_typesupport_introspection_cExport-noconfig.cmake\n'}
[9.195450] (ros2_aruco_interfaces) StdoutLine: {'line': b'-- Installing: /home/cc/ee106b/sp26/class/ee106b-aac/eeca106b-project/project1/src/install/ros2_aruco_interfaces/share/ros2_aruco_interfaces/cmake/ros2_aruco_interfaces__rosidl_typesupport_cExport.cmake\n'}
[9.202551] (ros2_aruco_interfaces) StdoutLine: {'line': b'-- Installing: /home/cc/ee106b/sp26/class/ee106b-aac/eeca106b-project/project1/src/install/ros2_aruco_interfaces/share/ros2_aruco_interfaces/cmake/ros2_aruco_interfaces__rosidl_typesupport_cExport-noconfig.cmake\n'}
[9.208925] (ros2_aruco_interfaces) StdoutLine: {'line': b'-- Installing: /home/cc/ee106b/sp26/class/ee106b-aac/eeca106b-project/project1/src/install/ros2_aruco_interfaces/share/ros2_aruco_interfaces/cmake/ros2_aruco_interfaces__rosidl_typesupport_introspection_cppExport.cmake\n'}
[9.215455] (ros2_aruco_interfaces) StdoutLine: {'line': b'-- Installing: /home/cc/ee106b/sp26/class/ee106b-aac/eeca106b-project/project1/src/install/ros2_aruco_interfaces/share/ros2_aruco_interfaces/cmake/ros2_aruco_interfaces__rosidl_typesupport_introspection_cppExport-noconfig.cmake\n'}
[9.217739] (-) TimerEvent: {}
[9.222169] (ros2_aruco_interfaces) StdoutLine: {'line': b'-- Installing: /home/cc/ee106b/sp26/class/ee106b-aac/eeca106b-project/project1/src/install/ros2_aruco_interfaces/share/ros2_aruco_interfaces/cmake/ros2_aruco_interfaces__rosidl_typesupport_cppExport.cmake\n'}
[9.228603] (ros2_aruco_interfaces) StdoutLine: {'line': b'-- Installing: /home/cc/ee106b/sp26/class/ee106b-aac/eeca106b-project/project1/src/install/ros2_aruco_interfaces/share/ros2_aruco_interfaces/cmake/ros2_aruco_interfaces__rosidl_typesupport_cppExport-noconfig.cmake\n'}
[9.234816] (ros2_aruco_interfaces) StdoutLine: {'line': b'-- Installing: /home/cc/ee106b/sp26/class/ee106b-aac/eeca106b-project/project1/src/install/ros2_aruco_interfaces/share/ros2_aruco_interfaces/cmake/export_ros2_aruco_interfaces__rosidl_generator_pyExport.cmake\n'}
[9.241341] (ros2_aruco_interfaces) StdoutLine: {'line': b'-- Installing: /home/cc/ee106b/sp26/class/ee106b-aac/eeca106b-project/project1/src/install/ros2_aruco_interfaces/share/ros2_aruco_interfaces/cmake/export_ros2_aruco_interfaces__rosidl_generator_pyExport-noconfig.cmake\n'}
[9.247650] (ros2_aruco_interfaces) StdoutLine: {'line': b'-- Installing: /home/cc/ee106b/sp26/class/ee106b-aac/eeca106b-project/project1/src/install/ros2_aruco_interfaces/share/ros2_aruco_interfaces/cmake/rosidl_cmake-extras.cmake\n'}
[9.253675] (ros2_aruco_interfaces) StdoutLine: {'line': b'-- Installing: /home/cc/ee106b/sp26/class/ee106b-aac/eeca106b-project/project1/src/install/ros2_aruco_interfaces/share/ros2_aruco_interfaces/cmake/ament_cmake_export_dependencies-extras.cmake\n'}
[9.260490] (ros2_aruco_interfaces) StdoutLine: {'line': b'-- Installing: /home/cc/ee106b/sp26/class/ee106b-aac/eeca106b-project/project1/src/install/ros2_aruco_interfaces/share/ros2_aruco_interfaces/cmake/ament_cmake_export_include_directories-extras.cmake\n'}
[9.266630] (ros2_aruco_interfaces) StdoutLine: {'line': b'-- Installing: /home/cc/ee106b/sp26/class/ee106b-aac/eeca106b-project/project1/src/install/ros2_aruco_interfaces/share/ros2_aruco_interfaces/cmake/ament_cmake_export_libraries-extras.cmake\n'}
[9.272869] (ros2_aruco_interfaces) StdoutLine: {'line': b'-- Installing: /home/cc/ee106b/sp26/class/ee106b-aac/eeca106b-project/project1/src/install/ros2_aruco_interfaces/share/ros2_aruco_interfaces/cmake/ament_cmake_export_targets-extras.cmake\n'}
[9.278812] (ros2_aruco_interfaces) StdoutLine: {'line': b'-- Installing: /home/cc/ee106b/sp26/class/ee106b-aac/eeca106b-project/project1/src/install/ros2_aruco_interfaces/share/ros2_aruco_interfaces/cmake/rosidl_cmake_export_typesupport_targets-extras.cmake\n'}
[9.284687] (ros2_aruco_interfaces) StdoutLine: {'line': b'-- Installing: /home/cc/ee106b/sp26/class/ee106b-aac/eeca106b-project/project1/src/install/ros2_aruco_interfaces/share/ros2_aruco_interfaces/cmake/rosidl_cmake_export_typesupport_libraries-extras.cmake\n'}
[9.290591] (ros2_aruco_interfaces) StdoutLine: {'line': b'-- Installing: /home/cc/ee106b/sp26/class/ee106b-aac/eeca106b-project/project1/src/install/ros2_aruco_interfaces/share/ros2_aruco_interfaces/cmake/ros2_aruco_interfacesConfig.cmake\n'}
[9.296531] (ros2_aruco_interfaces) StdoutLine: {'line': b'-- Installing: /home/cc/ee106b/sp26/class/ee106b-aac/eeca106b-project/project1/src/install/ros2_aruco_interfaces/share/ros2_aruco_interfaces/cmake/ros2_aruco_interfacesConfig-version.cmake\n'}
[9.302842] (ros2_aruco_interfaces) StdoutLine: {'line': b'-- Installing: /home/cc/ee106b/sp26/class/ee106b-aac/eeca106b-project/project1/src/install/ros2_aruco_interfaces/share/ros2_aruco_interfaces/package.xml\n'}
[9.313167] (ros2_aruco_interfaces) CommandEnded: {'returncode': 0}
[9.317802] (-) TimerEvent: {}
[9.397610] (ros2_aruco_interfaces) JobEnded: {'identifier': 'ros2_aruco_interfaces', 'rc': 0}
[9.402546] (-) EventReactorShutdown: {}
