[0.084s] DEBUG:colcon:Command line arguments: ['/usr/bin/colcon', 'build']
[0.084s] DEBUG:colcon:Parsed command line arguments: Namespace(log_base=None, log_level=None, verb_name='build', build_base='build', install_base='install', merge_install=False, symlink_install=False, test_result_base=None, continue_on_error=False, executor='parallel', parallel_workers=32, event_handlers=None, ignore_user_meta=False, metas=['./colcon.meta'], base_paths=['.'], packages_ignore=None, packages_ignore_regex=None, paths=None, packages_up_to=None, packages_up_to_regex=None, packages_above=None, packages_above_and_dependencies=None, packages_above_depth=None, packages_select_by_dep=None, packages_skip_by_dep=None, packages_skip_up_to=None, packages_select_build_failed=False, packages_skip_build_finished=False, packages_select_test_failures=False, packages_skip_test_passed=False, packages_select=None, packages_skip=None, packages_select_regex=None, packages_skip_regex=None, packages_start=None, packages_end=None, cmake_args=None, cmake_target=None, cmake_target_skip_unavailable=False, cmake_clean_cache=False, cmake_clean_first=False, cmake_force_configure=False, ament_cmake_args=None, catkin_cmake_args=None, catkin_skip_building_tests=False, mixin_files=None, mixin=None, verb_parser=<colcon_mixin.mixin.mixin_argument.MixinArgumentDecorator object at 0x73f22433d240>, verb_extension=<colcon_core.verb.build.BuildVerb object at 0x73f224442140>, main=<bound method BuildVerb.main of <colcon_core.verb.build.BuildVerb object at 0x73f224442140>>, mixin_verb=('build',))
[0.218s] Level 1:colcon.colcon_core.package_discovery:discover_packages(colcon_meta) check parameters
[0.219s] Level 1:colcon.colcon_core.package_discovery:discover_packages(recursive) check parameters
[0.219s] Level 1:colcon.colcon_core.package_discovery:discover_packages(ignore) check parameters
[0.219s] Level 1:colcon.colcon_core.package_discovery:discover_packages(path) check parameters
[0.219s] Level 1:colcon.colcon_core.package_discovery:discover_packages(colcon_meta) discover
[0.220s] Level 1:colcon.colcon_core.package_discovery:discover_packages(recursive) discover
[0.220s] INFO:colcon.colcon_core.package_discovery:Crawling recursively for packages in '/home/cc/ee106b/sp26/class/ee106b-aac/eeca106b-project/project1'
[0.220s] Level 1:colcon.colcon_core.package_identification:_identify(.) by extensions ['ignore', 'ignore_ament_install']
[0.220s] Level 1:colcon.colcon_core.package_identification:_identify(.) by extension 'ignore'
[0.221s] Level 1:colcon.colcon_core.package_identification:_identify(.) by extension 'ignore_ament_install'
[0.222s] Level 1:colcon.colcon_core.package_identification:_identify(.) by extensions ['colcon_pkg']
[0.222s] Level 1:colcon.colcon_core.package_identification:_identify(.) by extension 'colcon_pkg'
[0.222s] Level 1:colcon.colcon_core.package_identification:_identify(.) by extensions ['colcon_meta']
[0.223s] Level 1:colcon.colcon_core.package_identification:_identify(.) by extension 'colcon_meta'
[0.223s] Level 1:colcon.colcon_core.package_identification:_identify(.) by extensions ['ros']
[0.223s] Level 1:colcon.colcon_core.package_identification:_identify(.) by extension 'ros'
[0.231s] Level 1:colcon.colcon_core.package_identification:_identify(.) by extensions ['cmake', 'python']
[0.231s] Level 1:colcon.colcon_core.package_identification:_identify(.) by extension 'cmake'
[0.231s] Level 1:colcon.colcon_core.package_identification:_identify(.) by extension 'python'
[0.232s] Level 1:colcon.colcon_core.package_identification:_identify(.) by extensions ['python_setup_py']
[0.232s] Level 1:colcon.colcon_core.package_identification:_identify(.) by extension 'python_setup_py'
[0.233s] Level 1:colcon.colcon_core.package_identification:_identify(build) by extensions ['ignore', 'ignore_ament_install']
[0.233s] Level 1:colcon.colcon_core.package_identification:_identify(build) by extension 'ignore'
[0.233s] Level 1:colcon.colcon_core.package_identification:_identify(build) ignored
[0.234s] Level 1:colcon.colcon_core.package_identification:_identify(install) by extensions ['ignore', 'ignore_ament_install']
[0.234s] Level 1:colcon.colcon_core.package_identification:_identify(install) by extension 'ignore'
[0.235s] Level 1:colcon.colcon_core.package_identification:_identify(install) ignored
[0.236s] Level 1:colcon.colcon_core.package_identification:_identify(log) by extensions ['ignore', 'ignore_ament_install']
[0.236s] Level 1:colcon.colcon_core.package_identification:_identify(log) by extension 'ignore'
[0.236s] Level 1:colcon.colcon_core.package_identification:_identify(log) ignored
[0.237s] Level 1:colcon.colcon_core.package_identification:_identify(src) by extensions ['ignore', 'ignore_ament_install']
[0.237s] Level 1:colcon.colcon_core.package_identification:_identify(src) by extension 'ignore'
[0.237s] Level 1:colcon.colcon_core.package_identification:_identify(src) by extension 'ignore_ament_install'
[0.237s] Level 1:colcon.colcon_core.package_identification:_identify(src) by extensions ['colcon_pkg']
[0.237s] Level 1:colcon.colcon_core.package_identification:_identify(src) by extension 'colcon_pkg'
[0.237s] Level 1:colcon.colcon_core.package_identification:_identify(src) by extensions ['colcon_meta']
[0.238s] Level 1:colcon.colcon_core.package_identification:_identify(src) by extension 'colcon_meta'
[0.238s] Level 1:colcon.colcon_core.package_identification:_identify(src) by extensions ['ros']
[0.238s] Level 1:colcon.colcon_core.package_identification:_identify(src) by extension 'ros'
[0.238s] Level 1:colcon.colcon_core.package_identification:_identify(src) by extensions ['cmake', 'python']
[0.239s] Level 1:colcon.colcon_core.package_identification:_identify(src) by extension 'cmake'
[0.239s] Level 1:colcon.colcon_core.package_identification:_identify(src) by extension 'python'
[0.239s] Level 1:colcon.colcon_core.package_identification:_identify(src) by extensions ['python_setup_py']
[0.239s] Level 1:colcon.colcon_core.package_identification:_identify(src) by extension 'python_setup_py'
[0.240s] Level 1:colcon.colcon_core.package_identification:_identify(src/ros2_aruco) by extensions ['ignore', 'ignore_ament_install']
[0.240s] Level 1:colcon.colcon_core.package_identification:_identify(src/ros2_aruco) by extension 'ignore'
[0.241s] Level 1:colcon.colcon_core.package_identification:_identify(src/ros2_aruco) by extension 'ignore_ament_install'
[0.241s] Level 1:colcon.colcon_core.package_identification:_identify(src/ros2_aruco) by extensions ['colcon_pkg']
[0.241s] Level 1:colcon.colcon_core.package_identification:_identify(src/ros2_aruco) by extension 'colcon_pkg'
[0.241s] Level 1:colcon.colcon_core.package_identification:_identify(src/ros2_aruco) by extensions ['colcon_meta']
[0.241s] Level 1:colcon.colcon_core.package_identification:_identify(src/ros2_aruco) by extension 'colcon_meta'
[0.241s] Level 1:colcon.colcon_core.package_identification:_identify(src/ros2_aruco) by extensions ['ros']
[0.242s] Level 1:colcon.colcon_core.package_identification:_identify(src/ros2_aruco) by extension 'ros'
[0.247s] DEBUG:colcon.colcon_core.package_identification:Package 'src/ros2_aruco' with type 'ros.ament_python' and name 'ros2_aruco'
[0.247s] Level 1:colcon.colcon_core.package_identification:_identify(src/ros2_aruco_interfaces) by extensions ['ignore', 'ignore_ament_install']
[0.247s] Level 1:colcon.colcon_core.package_identification:_identify(src/ros2_aruco_interfaces) by extension 'ignore'
[0.248s] Level 1:colcon.colcon_core.package_identification:_identify(src/ros2_aruco_interfaces) by extension 'ignore_ament_install'
[0.249s] Level 1:colcon.colcon_core.package_identification:_identify(src/ros2_aruco_interfaces) by extensions ['colcon_pkg']
[0.249s] Level 1:colcon.colcon_core.package_identification:_identify(src/ros2_aruco_interfaces) by extension 'colcon_pkg'
[0.249s] Level 1:colcon.colcon_core.package_identification:_identify(src/ros2_aruco_interfaces) by extensions ['colcon_meta']
[0.249s] Level 1:colcon.colcon_core.package_identification:_identify(src/ros2_aruco_interfaces) by extension 'colcon_meta'
[0.250s] Level 1:colcon.colcon_core.package_identification:_identify(src/ros2_aruco_interfaces) by extensions ['ros']
[0.250s] Level 1:colcon.colcon_core.package_identification:_identify(src/ros2_aruco_interfaces) by extension 'ros'
[0.252s] DEBUG:colcon.colcon_core.package_identification:Package 'src/ros2_aruco_interfaces' with type 'ros.ament_cmake' and name 'ros2_aruco_interfaces'
[0.253s] Level 1:colcon.colcon_core.package_identification:_identify(src/visual_servoing) by extensions ['ignore', 'ignore_ament_install']
[0.253s] Level 1:colcon.colcon_core.package_identification:_identify(src/visual_servoing) by extension 'ignore'
[0.253s] Level 1:colcon.colcon_core.package_identification:_identify(src/visual_servoing) by extension 'ignore_ament_install'
[0.253s] Level 1:colcon.colcon_core.package_identification:_identify(src/visual_servoing) by extensions ['colcon_pkg']
[0.254s] Level 1:colcon.colcon_core.package_identification:_identify(src/visual_servoing) by extension 'colcon_pkg'
[0.254s] Level 1:colcon.colcon_core.package_identification:_identify(src/visual_servoing) by extensions ['colcon_meta']
[0.254s] Level 1:colcon.colcon_core.package_identification:_identify(src/visual_servoing) by extension 'colcon_meta'
[0.254s] Level 1:colcon.colcon_core.package_identification:_identify(src/visual_servoing) by extensions ['ros']
[0.255s] Level 1:colcon.colcon_core.package_identification:_identify(src/visual_servoing) by extension 'ros'
[0.256s] DEBUG:colcon.colcon_core.package_identification:Package 'src/visual_servoing' with type 'ros.ament_python' and name 'visual_servoing'
[0.256s] Level 1:colcon.colcon_core.package_discovery:discover_packages(recursive) using defaults
[0.256s] Level 1:colcon.colcon_core.package_discovery:discover_packages(ignore) discover
[0.257s] Level 1:colcon.colcon_core.package_discovery:discover_packages(ignore) using defaults
[0.257s] Level 1:colcon.colcon_core.package_discovery:discover_packages(path) discover
[0.257s] Level 1:colcon.colcon_core.package_discovery:discover_packages(path) using defaults
[0.291s] Level 5:colcon.colcon_core.verb:set package 'ros2_aruco' build argument 'cmake_args' from command line to 'None'
[0.291s] Level 5:colcon.colcon_core.verb:set package 'ros2_aruco' build argument 'cmake_target' from command line to 'None'
[0.291s] Level 5:colcon.colcon_core.verb:set package 'ros2_aruco' build argument 'cmake_target_skip_unavailable' from command line to 'False'
[0.292s] Level 5:colcon.colcon_core.verb:set package 'ros2_aruco' build argument 'cmake_clean_cache' from command line to 'False'
[0.292s] Level 5:colcon.colcon_core.verb:set package 'ros2_aruco' build argument 'cmake_clean_first' from command line to 'False'
[0.292s] Level 5:colcon.colcon_core.verb:set package 'ros2_aruco' build argument 'cmake_force_configure' from command line to 'False'
[0.292s] Level 5:colcon.colcon_core.verb:set package 'ros2_aruco' build argument 'ament_cmake_args' from command line to 'None'
[0.292s] Level 5:colcon.colcon_core.verb:set package 'ros2_aruco' build argument 'catkin_cmake_args' from command line to 'None'
[0.292s] Level 5:colcon.colcon_core.verb:set package 'ros2_aruco' build argument 'catkin_skip_building_tests' from command line to 'False'
[0.293s] DEBUG:colcon.colcon_core.verb:Building package 'ros2_aruco' with the following arguments: {'ament_cmake_args': None, 'build_base': '/home/cc/ee106b/sp26/class/ee106b-aac/eeca106b-project/project1/build/ros2_aruco', 'catkin_cmake_args': None, 'catkin_skip_building_tests': False, 'cmake_args': None, 'cmake_clean_cache': False, 'cmake_clean_first': False, 'cmake_force_configure': False, 'cmake_target': None, 'cmake_target_skip_unavailable': False, 'install_base': '/home/cc/ee106b/sp26/class/ee106b-aac/eeca106b-project/project1/install/ros2_aruco', 'merge_install': False, 'path': '/home/cc/ee106b/sp26/class/ee106b-aac/eeca106b-project/project1/src/ros2_aruco', 'symlink_install': False, 'test_result_base': None}
[0.293s] Level 5:colcon.colcon_core.verb:set package 'ros2_aruco_interfaces' build argument 'cmake_args' from command line to 'None'
[0.293s] Level 5:colcon.colcon_core.verb:set package 'ros2_aruco_interfaces' build argument 'cmake_target' from command line to 'None'
[0.294s] Level 5:colcon.colcon_core.verb:set package 'ros2_aruco_interfaces' build argument 'cmake_target_skip_unavailable' from command line to 'False'
[0.294s] Level 5:colcon.colcon_core.verb:set package 'ros2_aruco_interfaces' build argument 'cmake_clean_cache' from command line to 'False'
[0.294s] Level 5:colcon.colcon_core.verb:set package 'ros2_aruco_interfaces' build argument 'cmake_clean_first' from command line to 'False'
[0.294s] Level 5:colcon.colcon_core.verb:set package 'ros2_aruco_interfaces' build argument 'cmake_force_configure' from command line to 'False'
[0.294s] Level 5:colcon.colcon_core.verb:set package 'ros2_aruco_interfaces' build argument 'ament_cmake_args' from command line to 'None'
[0.295s] Level 5:colcon.colcon_core.verb:set package 'ros2_aruco_interfaces' build argument 'catkin_cmake_args' from command line to 'None'
[0.295s] Level 5:colcon.colcon_core.verb:set package 'ros2_aruco_interfaces' build argument 'catkin_skip_building_tests' from command line to 'False'
[0.295s] DEBUG:colcon.colcon_core.verb:Building package 'ros2_aruco_interfaces' with the following arguments: {'ament_cmake_args': None, 'build_base': '/home/cc/ee106b/sp26/class/ee106b-aac/eeca106b-project/project1/build/ros2_aruco_interfaces', 'catkin_cmake_args': None, 'catkin_skip_building_tests': False, 'cmake_args': None, 'cmake_clean_cache': False, 'cmake_clean_first': False, 'cmake_force_configure': False, 'cmake_target': None, 'cmake_target_skip_unavailable': False, 'install_base': '/home/cc/ee106b/sp26/class/ee106b-aac/eeca106b-project/project1/install/ros2_aruco_interfaces', 'merge_install': False, 'path': '/home/cc/ee106b/sp26/class/ee106b-aac/eeca106b-project/project1/src/ros2_aruco_interfaces', 'symlink_install': False, 'test_result_base': None}
[0.295s] Level 5:colcon.colcon_core.verb:set package 'visual_servoing' build argument 'cmake_args' from command line to 'None'
[0.295s] Level 5:colcon.colcon_core.verb:set package 'visual_servoing' build argument 'cmake_target' from command line to 'None'
[0.295s] Level 5:colcon.colcon_core.verb:set package 'visual_servoing' build argument 'cmake_target_skip_unavailable' from command line to 'False'
[0.296s] Level 5:colcon.colcon_core.verb:set package 'visual_servoing' build argument 'cmake_clean_cache' from command line to 'False'
[0.296s] Level 5:colcon.colcon_core.verb:set package 'visual_servoing' build argument 'cmake_clean_first' from command line to 'False'
[0.296s] Level 5:colcon.colcon_core.verb:set package 'visual_servoing' build argument 'cmake_force_configure' from command line to 'False'
[0.296s] Level 5:colcon.colcon_core.verb:set package 'visual_servoing' build argument 'ament_cmake_args' from command line to 'None'
[0.296s] Level 5:colcon.colcon_core.verb:set package 'visual_servoing' build argument 'catkin_cmake_args' from command line to 'None'
[0.296s] Level 5:colcon.colcon_core.verb:set package 'visual_servoing' build argument 'catkin_skip_building_tests' from command line to 'False'
[0.297s] DEBUG:colcon.colcon_core.verb:Building package 'visual_servoing' with the following arguments: {'ament_cmake_args': None, 'build_base': '/home/cc/ee106b/sp26/class/ee106b-aac/eeca106b-project/project1/build/visual_servoing', 'catkin_cmake_args': None, 'catkin_skip_building_tests': False, 'cmake_args': None, 'cmake_clean_cache': False, 'cmake_clean_first': False, 'cmake_force_configure': False, 'cmake_target': None, 'cmake_target_skip_unavailable': False, 'install_base': '/home/cc/ee106b/sp26/class/ee106b-aac/eeca106b-project/project1/install/visual_servoing', 'merge_install': False, 'path': '/home/cc/ee106b/sp26/class/ee106b-aac/eeca106b-project/project1/src/visual_servoing', 'symlink_install': False, 'test_result_base': None}
[0.297s] INFO:colcon.colcon_core.executor:Executing jobs using 'parallel' executor
[0.299s] DEBUG:colcon.colcon_parallel_executor.executor.parallel:run_until_complete
[0.300s] INFO:colcon.colcon_ros.task.ament_python.build:Building ROS package in '/home/cc/ee106b/sp26/class/ee106b-aac/eeca106b-project/project1/src/ros2_aruco' with build type 'ament_python'
[0.300s] Level 1:colcon.colcon_core.shell:create_environment_hook('ros2_aruco', 'ament_prefix_path')
[0.314s] INFO:colcon.colcon_core.plugin_system:Skipping extension 'colcon_core.shell.bat': Not used on non-Windows systems
[0.315s] INFO:colcon.colcon_core.shell:Creating environment hook '/home/cc/ee106b/sp26/class/ee106b-aac/eeca106b-project/project1/install/ros2_aruco/share/ros2_aruco/hook/ament_prefix_path.ps1'
[0.320s] INFO:colcon.colcon_core.shell:Creating environment descriptor '/home/cc/ee106b/sp26/class/ee106b-aac/eeca106b-project/project1/install/ros2_aruco/share/ros2_aruco/hook/ament_prefix_path.dsv'
[0.323s] INFO:colcon.colcon_core.shell:Creating environment hook '/home/cc/ee106b/sp26/class/ee106b-aac/eeca106b-project/project1/install/ros2_aruco/share/ros2_aruco/hook/ament_prefix_path.sh'
[0.327s] INFO:colcon.colcon_core.shell:Skip shell extension 'powershell' for command environment: Not usable outside of PowerShell
[0.327s] DEBUG:colcon.colcon_core.shell:Skip shell extension 'dsv' for command environment
[0.356s] INFO:colcon.colcon_ros.task.ament_cmake.build:Building ROS package in '/home/cc/ee106b/sp26/class/ee106b-aac/eeca106b-project/project1/src/ros2_aruco_interfaces' with build type 'ament_cmake'
[0.357s] INFO:colcon.colcon_cmake.task.cmake.build:Building CMake package in '/home/cc/ee106b/sp26/class/ee106b-aac/eeca106b-project/project1/src/ros2_aruco_interfaces'
[0.357s] INFO:colcon.colcon_core.shell:Skip shell extension 'powershell' for command environment: Not usable outside of PowerShell
[0.357s] DEBUG:colcon.colcon_core.shell:Skip shell extension 'dsv' for command environment
[0.365s] INFO:colcon.colcon_ros.task.ament_python.build:Building ROS package in '/home/cc/ee106b/sp26/class/ee106b-aac/eeca106b-project/project1/src/visual_servoing' with build type 'ament_python'
[0.365s] Level 1:colcon.colcon_core.shell:create_environment_hook('visual_servoing', 'ament_prefix_path')
[0.366s] INFO:colcon.colcon_core.shell:Creating environment hook '/home/cc/ee106b/sp26/class/ee106b-aac/eeca106b-project/project1/install/visual_servoing/share/visual_servoing/hook/ament_prefix_path.ps1'
[0.370s] INFO:colcon.colcon_core.shell:Creating environment descriptor '/home/cc/ee106b/sp26/class/ee106b-aac/eeca106b-project/project1/install/visual_servoing/share/visual_servoing/hook/ament_prefix_path.dsv'
[0.372s] INFO:colcon.colcon_core.shell:Creating environment hook '/home/cc/ee106b/sp26/class/ee106b-aac/eeca106b-project/project1/install/visual_servoing/share/visual_servoing/hook/ament_prefix_path.sh'
[0.375s] INFO:colcon.colcon_core.shell:Skip shell extension 'powershell' for command environment: Not usable outside of PowerShell
[0.375s] DEBUG:colcon.colcon_core.shell:Skip shell extension 'dsv' for command environment
[0.579s] INFO:colcon.colcon_core.task.python.build:Building Python package in '/home/cc/ee106b/sp26/class/ee106b-aac/eeca106b-project/project1/src/ros2_aruco'
[0.579s] INFO:colcon.colcon_core.shell:Skip shell extension 'powershell' for command environment: Not usable outside of PowerShell
[0.580s] DEBUG:colcon.colcon_core.shell:Skip shell extension 'dsv' for command environment
[0.625s] DEBUG:colcon.colcon_core.event_handler.log_command:Invoking command in '/home/cc/ee106b/sp26/class/ee106b-aac/eeca106b-project/project1/build/ros2_aruco_interfaces': CMAKE_PREFIX_PATH=/home/ff/ee106a/robot_workspaces/ur/install/ur7e_utils:/opt/ros/humble /usr/bin/cmake --build /home/cc/ee106b/sp26/class/ee106b-aac/eeca106b-project/project1/build/ros2_aruco_interfaces -- -j32 -l32
[1.825s] INFO:colcon.colcon_core.task.python.build:Building Python package in '/home/cc/ee106b/sp26/class/ee106b-aac/eeca106b-project/project1/src/visual_servoing'
[1.826s] INFO:colcon.colcon_core.shell:Skip shell extension 'powershell' for command environment: Not usable outside of PowerShell
[1.826s] DEBUG:colcon.colcon_core.shell:Skip shell extension 'dsv' for command environment
[2.700s] DEBUG:colcon.colcon_core.event_handler.log_command:Invoked command in '/home/cc/ee106b/sp26/class/ee106b-aac/eeca106b-project/project1/build/ros2_aruco_interfaces' returned '0': CMAKE_PREFIX_PATH=/home/ff/ee106a/robot_workspaces/ur/install/ur7e_utils:/opt/ros/humble /usr/bin/cmake --build /home/cc/ee106b/sp26/class/ee106b-aac/eeca106b-project/project1/build/ros2_aruco_interfaces -- -j32 -l32
[2.772s] DEBUG:colcon.colcon_core.event_handler.log_command:Invoking command in '/home/cc/ee106b/sp26/class/ee106b-aac/eeca106b-project/project1/build/ros2_aruco_interfaces': CMAKE_PREFIX_PATH=/home/ff/ee106a/robot_workspaces/ur/install/ur7e_utils:/opt/ros/humble /usr/bin/cmake --install /home/cc/ee106b/sp26/class/ee106b-aac/eeca106b-project/project1/build/ros2_aruco_interfaces
[2.895s] DEBUG:colcon.colcon_core.event_handler.log_command:Invoking command in '/home/cc/ee106b/sp26/class/ee106b-aac/eeca106b-project/project1/src/ros2_aruco': PYTHONPATH=/home/cc/ee106b/sp26/class/ee106b-aac/eeca106b-project/project1/build/ros2_aruco/prefix_override:/usr/lib/python3/dist-packages/colcon_core/task/python/colcon_distutils_commands:/home/cc/ee106b/sp26/class/ee106b-aac/eeca106b-project/project1/install/ros2_aruco/lib/python3.10/site-packages:${PYTHONPATH} /usr/bin/python3 -W ignore:setup.py install is deprecated -W ignore:easy_install command is deprecated setup.py egg_info --egg-base ../../build/ros2_aruco build --build-base /home/cc/ee106b/sp26/class/ee106b-aac/eeca106b-project/project1/build/ros2_aruco/build install --record /home/cc/ee106b/sp26/class/ee106b-aac/eeca106b-project/project1/build/ros2_aruco/install.log --single-version-externally-managed install_data
[2.899s] DEBUG:colcon.colcon_core.event_handler.log_command:Invoking command in '/home/cc/ee106b/sp26/class/ee106b-aac/eeca106b-project/project1/src/visual_servoing': PYTHONPATH=/home/cc/ee106b/sp26/class/ee106b-aac/eeca106b-project/project1/build/visual_servoing/prefix_override:/usr/lib/python3/dist-packages/colcon_core/task/python/colcon_distutils_commands:/home/cc/ee106b/sp26/class/ee106b-aac/eeca106b-project/project1/install/visual_servoing/lib/python3.10/site-packages:${PYTHONPATH} /usr/bin/python3 -W ignore:setup.py install is deprecated -W ignore:easy_install command is deprecated setup.py egg_info --egg-base ../../build/visual_servoing build --build-base /home/cc/ee106b/sp26/class/ee106b-aac/eeca106b-project/project1/build/visual_servoing/build install --record /home/cc/ee106b/sp26/class/ee106b-aac/eeca106b-project/project1/build/visual_servoing/install.log --single-version-externally-managed install_data
[3.246s] Level 1:colcon.colcon_core.environment:create_environment_scripts_only(ros2_aruco_interfaces)
[3.247s] DEBUG:colcon.colcon_core.event_handler.log_command:Invoked command in '/home/cc/ee106b/sp26/class/ee106b-aac/eeca106b-project/project1/build/ros2_aruco_interfaces' returned '0': CMAKE_PREFIX_PATH=/home/ff/ee106a/robot_workspaces/ur/install/ur7e_utils:/opt/ros/humble /usr/bin/cmake --install /home/cc/ee106b/sp26/class/ee106b-aac/eeca106b-project/project1/build/ros2_aruco_interfaces
[3.259s] Level 1:colcon.colcon_core.environment:checking '/home/cc/ee106b/sp26/class/ee106b-aac/eeca106b-project/project1/install/ros2_aruco_interfaces' for CMake module files
[3.263s] Level 1:colcon.colcon_core.environment:checking '/home/cc/ee106b/sp26/class/ee106b-aac/eeca106b-project/project1/install/ros2_aruco_interfaces' for CMake config files
[3.267s] Level 1:colcon.colcon_core.shell:create_environment_hook('ros2_aruco_interfaces', 'cmake_prefix_path')
[3.267s] INFO:colcon.colcon_core.shell:Creating environment hook '/home/cc/ee106b/sp26/class/ee106b-aac/eeca106b-project/project1/install/ros2_aruco_interfaces/share/ros2_aruco_interfaces/hook/cmake_prefix_path.ps1'
[3.270s] INFO:colcon.colcon_core.shell:Creating environment descriptor '/home/cc/ee106b/sp26/class/ee106b-aac/eeca106b-project/project1/install/ros2_aruco_interfaces/share/ros2_aruco_interfaces/hook/cmake_prefix_path.dsv'
[3.273s] INFO:colcon.colcon_core.shell:Creating environment hook '/home/cc/ee106b/sp26/class/ee106b-aac/eeca106b-project/project1/install/ros2_aruco_interfaces/share/ros2_aruco_interfaces/hook/cmake_prefix_path.sh'
[3.277s] Level 1:colcon.colcon_core.environment:checking '/home/cc/ee106b/sp26/class/ee106b-aac/eeca106b-project/project1/install/ros2_aruco_interfaces/lib'
[3.278s] Level 1:colcon.colcon_core.shell:create_environment_hook('ros2_aruco_interfaces', 'ld_library_path_lib')
[3.278s] INFO:colcon.colcon_core.shell:Creating environment hook '/home/cc/ee106b/sp26/class/ee106b-aac/eeca106b-project/project1/install/ros2_aruco_interfaces/share/ros2_aruco_interfaces/hook/ld_library_path_lib.ps1'
[3.281s] INFO:colcon.colcon_core.shell:Creating environment descriptor '/home/cc/ee106b/sp26/class/ee106b-aac/eeca106b-project/project1/install/ros2_aruco_interfaces/share/ros2_aruco_interfaces/hook/ld_library_path_lib.dsv'
[3.283s] INFO:colcon.colcon_core.shell:Creating environment hook '/home/cc/ee106b/sp26/class/ee106b-aac/eeca106b-project/project1/install/ros2_aruco_interfaces/share/ros2_aruco_interfaces/hook/ld_library_path_lib.sh'
[3.286s] Level 1:colcon.colcon_core.environment:checking '/home/cc/ee106b/sp26/class/ee106b-aac/eeca106b-project/project1/install/ros2_aruco_interfaces/bin'
[3.286s] Level 1:colcon.colcon_core.environment:checking '/home/cc/ee106b/sp26/class/ee106b-aac/eeca106b-project/project1/install/ros2_aruco_interfaces/lib/pkgconfig/ros2_aruco_interfaces.pc'
[3.286s] Level 1:colcon.colcon_core.environment:checking '/home/cc/ee106b/sp26/class/ee106b-aac/eeca106b-project/project1/install/ros2_aruco_interfaces/lib/python3.10/site-packages'
[3.287s] Level 1:colcon.colcon_core.environment:checking '/home/cc/ee106b/sp26/class/ee106b-aac/eeca106b-project/project1/install/ros2_aruco_interfaces/bin'
[3.287s] INFO:colcon.colcon_core.shell:Creating package script '/home/cc/ee106b/sp26/class/ee106b-aac/eeca106b-project/project1/install/ros2_aruco_interfaces/share/ros2_aruco_interfaces/package.ps1'
[3.290s] INFO:colcon.colcon_core.shell:Creating package descriptor '/home/cc/ee106b/sp26/class/ee106b-aac/eeca106b-project/project1/install/ros2_aruco_interfaces/share/ros2_aruco_interfaces/package.dsv'
[3.292s] INFO:colcon.colcon_core.shell:Creating package script '/home/cc/ee106b/sp26/class/ee106b-aac/eeca106b-project/project1/install/ros2_aruco_interfaces/share/ros2_aruco_interfaces/package.sh'
[3.294s] INFO:colcon.colcon_core.shell:Creating package script '/home/cc/ee106b/sp26/class/ee106b-aac/eeca106b-project/project1/install/ros2_aruco_interfaces/share/ros2_aruco_interfaces/package.bash'
[3.297s] INFO:colcon.colcon_core.shell:Creating package script '/home/cc/ee106b/sp26/class/ee106b-aac/eeca106b-project/project1/install/ros2_aruco_interfaces/share/ros2_aruco_interfaces/package.zsh'
[3.299s] Level 1:colcon.colcon_core.environment:create_file_with_runtime_dependencies(/home/cc/ee106b/sp26/class/ee106b-aac/eeca106b-project/project1/install/ros2_aruco_interfaces/share/colcon-core/packages/ros2_aruco_interfaces)
[3.303s] Level 1:colcon.colcon_core.environment:create_environment_scripts_only(ros2_aruco_interfaces)
[3.303s] Level 1:colcon.colcon_core.environment:checking '/home/cc/ee106b/sp26/class/ee106b-aac/eeca106b-project/project1/install/ros2_aruco_interfaces' for CMake module files
[3.305s] Level 1:colcon.colcon_core.environment:checking '/home/cc/ee106b/sp26/class/ee106b-aac/eeca106b-project/project1/install/ros2_aruco_interfaces' for CMake config files
[3.308s] Level 1:colcon.colcon_core.shell:create_environment_hook('ros2_aruco_interfaces', 'cmake_prefix_path')
[3.308s] INFO:colcon.colcon_core.shell:Creating environment hook '/home/cc/ee106b/sp26/class/ee106b-aac/eeca106b-project/project1/install/ros2_aruco_interfaces/share/ros2_aruco_interfaces/hook/cmake_prefix_path.ps1'
[3.311s] INFO:colcon.colcon_core.shell:Creating environment descriptor '/home/cc/ee106b/sp26/class/ee106b-aac/eeca106b-project/project1/install/ros2_aruco_interfaces/share/ros2_aruco_interfaces/hook/cmake_prefix_path.dsv'
[3.313s] INFO:colcon.colcon_core.shell:Creating environment hook '/home/cc/ee106b/sp26/class/ee106b-aac/eeca106b-project/project1/install/ros2_aruco_interfaces/share/ros2_aruco_interfaces/hook/cmake_prefix_path.sh'
[3.316s] Level 1:colcon.colcon_core.environment:checking '/home/cc/ee106b/sp26/class/ee106b-aac/eeca106b-project/project1/install/ros2_aruco_interfaces/lib'
[3.317s] Level 1:colcon.colcon_core.shell:create_environment_hook('ros2_aruco_interfaces', 'ld_library_path_lib')
[3.317s] INFO:colcon.colcon_core.shell:Creating environment hook '/home/cc/ee106b/sp26/class/ee106b-aac/eeca106b-project/project1/install/ros2_aruco_interfaces/share/ros2_aruco_interfaces/hook/ld_library_path_lib.ps1'
[3.320s] INFO:colcon.colcon_core.shell:Creating environment descriptor '/home/cc/ee106b/sp26/class/ee106b-aac/eeca106b-project/project1/install/ros2_aruco_interfaces/share/ros2_aruco_interfaces/hook/ld_library_path_lib.dsv'
[3.323s] INFO:colcon.colcon_core.shell:Creating environment hook '/home/cc/ee106b/sp26/class/ee106b-aac/eeca106b-project/project1/install/ros2_aruco_interfaces/share/ros2_aruco_interfaces/hook/ld_library_path_lib.sh'
[3.325s] Level 1:colcon.colcon_core.environment:checking '/home/cc/ee106b/sp26/class/ee106b-aac/eeca106b-project/project1/install/ros2_aruco_interfaces/bin'
[3.325s] Level 1:colcon.colcon_core.environment:checking '/home/cc/ee106b/sp26/class/ee106b-aac/eeca106b-project/project1/install/ros2_aruco_interfaces/lib/pkgconfig/ros2_aruco_interfaces.pc'
[3.326s] Level 1:colcon.colcon_core.environment:checking '/home/cc/ee106b/sp26/class/ee106b-aac/eeca106b-project/project1/install/ros2_aruco_interfaces/lib/python3.10/site-packages'
[3.327s] Level 1:colcon.colcon_core.environment:checking '/home/cc/ee106b/sp26/class/ee106b-aac/eeca106b-project/project1/install/ros2_aruco_interfaces/bin'
[3.328s] INFO:colcon.colcon_core.shell:Creating package script '/home/cc/ee106b/sp26/class/ee106b-aac/eeca106b-project/project1/install/ros2_aruco_interfaces/share/ros2_aruco_interfaces/package.ps1'
[3.330s] INFO:colcon.colcon_core.shell:Creating package descriptor '/home/cc/ee106b/sp26/class/ee106b-aac/eeca106b-project/project1/install/ros2_aruco_interfaces/share/ros2_aruco_interfaces/package.dsv'
[3.333s] INFO:colcon.colcon_core.shell:Creating package script '/home/cc/ee106b/sp26/class/ee106b-aac/eeca106b-project/project1/install/ros2_aruco_interfaces/share/ros2_aruco_interfaces/package.sh'
[3.336s] INFO:colcon.colcon_core.shell:Creating package script '/home/cc/ee106b/sp26/class/ee106b-aac/eeca106b-project/project1/install/ros2_aruco_interfaces/share/ros2_aruco_interfaces/package.bash'
[3.338s] INFO:colcon.colcon_core.shell:Creating package script '/home/cc/ee106b/sp26/class/ee106b-aac/eeca106b-project/project1/install/ros2_aruco_interfaces/share/ros2_aruco_interfaces/package.zsh'
[3.341s] Level 1:colcon.colcon_core.environment:create_file_with_runtime_dependencies(/home/cc/ee106b/sp26/class/ee106b-aac/eeca106b-project/project1/install/ros2_aruco_interfaces/share/colcon-core/packages/ros2_aruco_interfaces)
[3.344s] Level 1:colcon.colcon_core.environment:checking '/home/cc/ee106b/sp26/class/ee106b-aac/eeca106b-project/project1/install/visual_servoing' for CMake module files
[3.348s] DEBUG:colcon.colcon_core.event_handler.log_command:Invoked command in '/home/cc/ee106b/sp26/class/ee106b-aac/eeca106b-project/project1/src/visual_servoing' returned '0': PYTHONPATH=/home/cc/ee106b/sp26/class/ee106b-aac/eeca106b-project/project1/build/visual_servoing/prefix_override:/usr/lib/python3/dist-packages/colcon_core/task/python/colcon_distutils_commands:/home/cc/ee106b/sp26/class/ee106b-aac/eeca106b-project/project1/install/visual_servoing/lib/python3.10/site-packages:${PYTHONPATH} /usr/bin/python3 -W ignore:setup.py install is deprecated -W ignore:easy_install command is deprecated setup.py egg_info --egg-base ../../build/visual_servoing build --build-base /home/cc/ee106b/sp26/class/ee106b-aac/eeca106b-project/project1/build/visual_servoing/build install --record /home/cc/ee106b/sp26/class/ee106b-aac/eeca106b-project/project1/build/visual_servoing/install.log --single-version-externally-managed install_data
[3.351s] Level 1:colcon.colcon_core.environment:checking '/home/cc/ee106b/sp26/class/ee106b-aac/eeca106b-project/project1/install/visual_servoing' for CMake config files
[3.358s] Level 1:colcon.colcon_core.environment:checking '/home/cc/ee106b/sp26/class/ee106b-aac/eeca106b-project/project1/install/visual_servoing/lib'
[3.359s] Level 1:colcon.colcon_core.environment:checking '/home/cc/ee106b/sp26/class/ee106b-aac/eeca106b-project/project1/install/visual_servoing/bin'
[3.359s] Level 1:colcon.colcon_core.environment:checking '/home/cc/ee106b/sp26/class/ee106b-aac/eeca106b-project/project1/install/visual_servoing/lib/pkgconfig/visual_servoing.pc'
[3.360s] Level 1:colcon.colcon_core.environment:checking '/home/cc/ee106b/sp26/class/ee106b-aac/eeca106b-project/project1/install/visual_servoing/lib/python3.10/site-packages'
[3.360s] Level 1:colcon.colcon_core.shell:create_environment_hook('visual_servoing', 'pythonpath')
[3.361s] INFO:colcon.colcon_core.shell:Creating environment hook '/home/cc/ee106b/sp26/class/ee106b-aac/eeca106b-project/project1/install/visual_servoing/share/visual_servoing/hook/pythonpath.ps1'
[3.364s] INFO:colcon.colcon_core.shell:Creating environment descriptor '/home/cc/ee106b/sp26/class/ee106b-aac/eeca106b-project/project1/install/visual_servoing/share/visual_servoing/hook/pythonpath.dsv'
[3.366s] INFO:colcon.colcon_core.shell:Creating environment hook '/home/cc/ee106b/sp26/class/ee106b-aac/eeca106b-project/project1/install/visual_servoing/share/visual_servoing/hook/pythonpath.sh'
[3.370s] Level 1:colcon.colcon_core.environment:checking '/home/cc/ee106b/sp26/class/ee106b-aac/eeca106b-project/project1/install/visual_servoing/bin'
[3.370s] Level 1:colcon.colcon_core.environment:create_environment_scripts_only(visual_servoing)
[3.371s] INFO:colcon.colcon_core.shell:Creating package script '/home/cc/ee106b/sp26/class/ee106b-aac/eeca106b-project/project1/install/visual_servoing/share/visual_servoing/package.ps1'
[3.374s] INFO:colcon.colcon_core.shell:Creating package descriptor '/home/cc/ee106b/sp26/class/ee106b-aac/eeca106b-project/project1/install/visual_servoing/share/visual_servoing/package.dsv'
[3.377s] INFO:colcon.colcon_core.shell:Creating package script '/home/cc/ee106b/sp26/class/ee106b-aac/eeca106b-project/project1/install/visual_servoing/share/visual_servoing/package.sh'
[3.379s] INFO:colcon.colcon_core.shell:Creating package script '/home/cc/ee106b/sp26/class/ee106b-aac/eeca106b-project/project1/install/visual_servoing/share/visual_servoing/package.bash'
[3.382s] INFO:colcon.colcon_core.shell:Creating package script '/home/cc/ee106b/sp26/class/ee106b-aac/eeca106b-project/project1/install/visual_servoing/share/visual_servoing/package.zsh'
[3.384s] Level 1:colcon.colcon_core.environment:create_file_with_runtime_dependencies(/home/cc/ee106b/sp26/class/ee106b-aac/eeca106b-project/project1/install/visual_servoing/share/colcon-core/packages/visual_servoing)
[3.386s] Level 1:colcon.colcon_core.environment:checking '/home/cc/ee106b/sp26/class/ee106b-aac/eeca106b-project/project1/install/ros2_aruco' for CMake module files
[3.391s] DEBUG:colcon.colcon_core.event_handler.log_command:Invoked command in '/home/cc/ee106b/sp26/class/ee106b-aac/eeca106b-project/project1/src/ros2_aruco' returned '0': PYTHONPATH=/home/cc/ee106b/sp26/class/ee106b-aac/eeca106b-project/project1/build/ros2_aruco/prefix_override:/usr/lib/python3/dist-packages/colcon_core/task/python/colcon_distutils_commands:/home/cc/ee106b/sp26/class/ee106b-aac/eeca106b-project/project1/install/ros2_aruco/lib/python3.10/site-packages:${PYTHONPATH} /usr/bin/python3 -W ignore:setup.py install is deprecated -W ignore:easy_install command is deprecated setup.py egg_info --egg-base ../../build/ros2_aruco build --build-base /home/cc/ee106b/sp26/class/ee106b-aac/eeca106b-project/project1/build/ros2_aruco/build install --record /home/cc/ee106b/sp26/class/ee106b-aac/eeca106b-project/project1/build/ros2_aruco/install.log --single-version-externally-managed install_data
[3.393s] Level 1:colcon.colcon_core.environment:checking '/home/cc/ee106b/sp26/class/ee106b-aac/eeca106b-project/project1/install/ros2_aruco' for CMake config files
[3.401s] Level 1:colcon.colcon_core.environment:checking '/home/cc/ee106b/sp26/class/ee106b-aac/eeca106b-project/project1/install/ros2_aruco/lib'
[3.402s] Level 1:colcon.colcon_core.environment:checking '/home/cc/ee106b/sp26/class/ee106b-aac/eeca106b-project/project1/install/ros2_aruco/bin'
[3.402s] Level 1:colcon.colcon_core.environment:checking '/home/cc/ee106b/sp26/class/ee106b-aac/eeca106b-project/project1/install/ros2_aruco/lib/pkgconfig/ros2_aruco.pc'
[3.403s] Level 1:colcon.colcon_core.environment:checking '/home/cc/ee106b/sp26/class/ee106b-aac/eeca106b-project/project1/install/ros2_aruco/lib/python3.10/site-packages'
[3.403s] Level 1:colcon.colcon_core.shell:create_environment_hook('ros2_aruco', 'pythonpath')
[3.404s] INFO:colcon.colcon_core.shell:Creating environment hook '/home/cc/ee106b/sp26/class/ee106b-aac/eeca106b-project/project1/install/ros2_aruco/share/ros2_aruco/hook/pythonpath.ps1'
[3.407s] INFO:colcon.colcon_core.shell:Creating environment descriptor '/home/cc/ee106b/sp26/class/ee106b-aac/eeca106b-project/project1/install/ros2_aruco/share/ros2_aruco/hook/pythonpath.dsv'
[3.410s] INFO:colcon.colcon_core.shell:Creating environment hook '/home/cc/ee106b/sp26/class/ee106b-aac/eeca106b-project/project1/install/ros2_aruco/share/ros2_aruco/hook/pythonpath.sh'
[3.413s] Level 1:colcon.colcon_core.environment:checking '/home/cc/ee106b/sp26/class/ee106b-aac/eeca106b-project/project1/install/ros2_aruco/bin'
[3.413s] Level 1:colcon.colcon_core.environment:create_environment_scripts_only(ros2_aruco)
[3.414s] INFO:colcon.colcon_core.shell:Creating package script '/home/cc/ee106b/sp26/class/ee106b-aac/eeca106b-project/project1/install/ros2_aruco/share/ros2_aruco/package.ps1'
[3.417s] INFO:colcon.colcon_core.shell:Creating package descriptor '/home/cc/ee106b/sp26/class/ee106b-aac/eeca106b-project/project1/install/ros2_aruco/share/ros2_aruco/package.dsv'
[3.419s] INFO:colcon.colcon_core.shell:Creating package script '/home/cc/ee106b/sp26/class/ee106b-aac/eeca106b-project/project1/install/ros2_aruco/share/ros2_aruco/package.sh'
[3.422s] INFO:colcon.colcon_core.shell:Creating package script '/home/cc/ee106b/sp26/class/ee106b-aac/eeca106b-project/project1/install/ros2_aruco/share/ros2_aruco/package.bash'
[3.425s] INFO:colcon.colcon_core.shell:Creating package script '/home/cc/ee106b/sp26/class/ee106b-aac/eeca106b-project/project1/install/ros2_aruco/share/ros2_aruco/package.zsh'
[3.427s] Level 1:colcon.colcon_core.environment:create_file_with_runtime_dependencies(/home/cc/ee106b/sp26/class/ee106b-aac/eeca106b-project/project1/install/ros2_aruco/share/colcon-core/packages/ros2_aruco)
[3.429s] DEBUG:colcon.colcon_parallel_executor.executor.parallel:closing loop
[3.429s] DEBUG:colcon.colcon_parallel_executor.executor.parallel:loop closed
[3.429s] DEBUG:colcon.colcon_parallel_executor.executor.parallel:run_until_complete finished with '0'
[3.429s] DEBUG:colcon.colcon_core.event_reactor:joining thread
[3.460s] INFO:colcon.colcon_core.plugin_system:Skipping extension 'colcon_notification.desktop_notification.notify_send': Could not find 'notify-send'
[3.460s] INFO:colcon.colcon_core.plugin_system:Skipping extension 'colcon_notification.desktop_notification.terminal_notifier': Not used on non-Darwin systems
[3.460s] INFO:colcon.colcon_core.plugin_system:Skipping extension 'colcon_notification.desktop_notification.win32': Not used on non-Windows systems
[3.461s] INFO:colcon.colcon_notification.desktop_notification:Sending desktop notification using 'notify2'
[3.586s] DEBUG:colcon.colcon_core.event_reactor:joined thread
[3.586s] INFO:colcon.colcon_core.shell:Creating prefix script '/home/cc/ee106b/sp26/class/ee106b-aac/eeca106b-project/project1/install/local_setup.ps1'
[3.590s] INFO:colcon.colcon_core.shell:Creating prefix util module '/home/cc/ee106b/sp26/class/ee106b-aac/eeca106b-project/project1/install/_local_setup_util_ps1.py'
[3.594s] INFO:colcon.colcon_core.shell:Creating prefix chain script '/home/cc/ee106b/sp26/class/ee106b-aac/eeca106b-project/project1/install/setup.ps1'
[3.598s] INFO:colcon.colcon_core.shell:Creating prefix script '/home/cc/ee106b/sp26/class/ee106b-aac/eeca106b-project/project1/install/local_setup.sh'
[3.601s] INFO:colcon.colcon_core.shell:Creating prefix util module '/home/cc/ee106b/sp26/class/ee106b-aac/eeca106b-project/project1/install/_local_setup_util_sh.py'
[3.604s] INFO:colcon.colcon_core.shell:Creating prefix chain script '/home/cc/ee106b/sp26/class/ee106b-aac/eeca106b-project/project1/install/setup.sh'
[3.608s] INFO:colcon.colcon_core.shell:Creating prefix script '/home/cc/ee106b/sp26/class/ee106b-aac/eeca106b-project/project1/install/local_setup.bash'
[3.611s] INFO:colcon.colcon_core.shell:Creating prefix chain script '/home/cc/ee106b/sp26/class/ee106b-aac/eeca106b-project/project1/install/setup.bash'
[3.615s] INFO:colcon.colcon_core.shell:Creating prefix script '/home/cc/ee106b/sp26/class/ee106b-aac/eeca106b-project/project1/install/local_setup.zsh'
[3.618s] INFO:colcon.colcon_core.shell:Creating prefix chain script '/home/cc/ee106b/sp26/class/ee106b-aac/eeca106b-project/project1/install/setup.zsh'
