[0.752s] Invoking command in '/home/cc/ee106b/sp26/class/ee106b-aac/eeca106b-project/project3/starter/src/plannedcntrl': PYTHONPATH=/home/cc/ee106b/sp26/class/ee106b-aac/eeca106b-project/project3/starter/build/plannedcntrl/prefix_override:/usr/lib/python3/dist-packages/colcon_core/task/python/colcon_distutils_commands:/home/cc/ee106b/sp26/class/ee106b-aac/eeca106b-project/project3/starter/install/plannedcntrl/lib/python3.10/site-packages:${PYTHONPATH} /usr/bin/python3 -W ignore:setup.py install is deprecated -W ignore:easy_install command is deprecated setup.py egg_info --egg-base ../../build/plannedcntrl build --build-base /home/cc/ee106b/sp26/class/ee106b-aac/eeca106b-project/project3/starter/build/plannedcntrl/build install --record /home/cc/ee106b/sp26/class/ee106b-aac/eeca106b-project/project3/starter/build/plannedcntrl/install.log --single-version-externally-managed install_data
[0.967s] running egg_info
[0.968s] creating ../../build/plannedcntrl/plannedcntrl.egg-info
[0.969s] writing ../../build/plannedcntrl/plannedcntrl.egg-info/PKG-INFO
[0.973s] writing dependency_links to ../../build/plannedcntrl/plannedcntrl.egg-info/dependency_links.txt
[0.975s] writing entry points to ../../build/plannedcntrl/plannedcntrl.egg-info/entry_points.txt
[0.977s] writing requirements to ../../build/plannedcntrl/plannedcntrl.egg-info/requires.txt
[0.978s] writing top-level names to ../../build/plannedcntrl/plannedcntrl.egg-info/top_level.txt
[0.980s] writing manifest file '../../build/plannedcntrl/plannedcntrl.egg-info/SOURCES.txt'
[0.984s] reading manifest file '../../build/plannedcntrl/plannedcntrl.egg-info/SOURCES.txt'
[0.987s] writing manifest file '../../build/plannedcntrl/plannedcntrl.egg-info/SOURCES.txt'
[0.988s] running build
[0.988s] running build_py
[0.990s] creating /home/cc/ee106b/sp26/class/ee106b-aac/eeca106b-project/project3/starter/build/plannedcntrl/build
[0.991s] creating /home/cc/ee106b/sp26/class/ee106b-aac/eeca106b-project/project3/starter/build/plannedcntrl/build/lib
[0.991s] creating /home/cc/ee106b/sp26/class/ee106b-aac/eeca106b-project/project3/starter/build/plannedcntrl/build/lib/plannedcntrl
[0.993s] copying plannedcntrl/__init__.py -> /home/cc/ee106b/sp26/class/ee106b-aac/eeca106b-project/project3/starter/build/plannedcntrl/build/lib/plannedcntrl
[0.995s] copying plannedcntrl/turtlebot_control.py -> /home/cc/ee106b/sp26/class/ee106b-aac/eeca106b-project/project3/starter/build/plannedcntrl/build/lib/plannedcntrl
[0.999s] running install
[1.000s] running install_lib
[1.003s] creating /home/cc/ee106b/sp26/class/ee106b-aac/eeca106b-project/project3/starter/install/plannedcntrl/lib/python3.10/site-packages/plannedcntrl
[1.005s] copying /home/cc/ee106b/sp26/class/ee106b-aac/eeca106b-project/project3/starter/build/plannedcntrl/build/lib/plannedcntrl/__init__.py -> /home/cc/ee106b/sp26/class/ee106b-aac/eeca106b-project/project3/starter/install/plannedcntrl/lib/python3.10/site-packages/plannedcntrl
[1.008s] copying /home/cc/ee106b/sp26/class/ee106b-aac/eeca106b-project/project3/starter/build/plannedcntrl/build/lib/plannedcntrl/turtlebot_control.py -> /home/cc/ee106b/sp26/class/ee106b-aac/eeca106b-project/project3/starter/install/plannedcntrl/lib/python3.10/site-packages/plannedcntrl
[1.014s] byte-compiling /home/cc/ee106b/sp26/class/ee106b-aac/eeca106b-project/project3/starter/install/plannedcntrl/lib/python3.10/site-packages/plannedcntrl/__init__.py to __init__.cpython-310.pyc
[1.019s] byte-compiling /home/cc/ee106b/sp26/class/ee106b-aac/eeca106b-project/project3/starter/install/plannedcntrl/lib/python3.10/site-packages/plannedcntrl/turtlebot_control.py to turtlebot_control.cpython-310.pyc
[1.025s] running install_data
[1.026s] creating /home/cc/ee106b/sp26/class/ee106b-aac/eeca106b-project/project3/starter/install/plannedcntrl/share/ament_index
[1.026s] creating /home/cc/ee106b/sp26/class/ee106b-aac/eeca106b-project/project3/starter/install/plannedcntrl/share/ament_index/resource_index
[1.028s] creating /home/cc/ee106b/sp26/class/ee106b-aac/eeca106b-project/project3/starter/install/plannedcntrl/share/ament_index/resource_index/packages
[1.029s] copying resource/plannedcntrl -> /home/cc/ee106b/sp26/class/ee106b-aac/eeca106b-project/project3/starter/install/plannedcntrl/share/ament_index/resource_index/packages
[1.031s] copying package.xml -> /home/cc/ee106b/sp26/class/ee106b-aac/eeca106b-project/project3/starter/install/plannedcntrl/share/plannedcntrl
[1.034s] running install_egg_info
[1.038s] Copying ../../build/plannedcntrl/plannedcntrl.egg-info to /home/cc/ee106b/sp26/class/ee106b-aac/eeca106b-project/project3/starter/install/plannedcntrl/lib/python3.10/site-packages/plannedcntrl-0.0.0-py3.10.egg-info
[1.067s] running install_scripts
[1.086s] Installing turtlebot_control script to /home/cc/ee106b/sp26/class/ee106b-aac/eeca106b-project/project3/starter/install/plannedcntrl/lib/plannedcntrl
[1.089s] writing list of installed files to '/home/cc/ee106b/sp26/class/ee106b-aac/eeca106b-project/project3/starter/build/plannedcntrl/install.log'
[1.106s] Invoked command in '/home/cc/ee106b/sp26/class/ee106b-aac/eeca106b-project/project3/starter/src/plannedcntrl' returned '0': PYTHONPATH=/home/cc/ee106b/sp26/class/ee106b-aac/eeca106b-project/project3/starter/build/plannedcntrl/prefix_override:/usr/lib/python3/dist-packages/colcon_core/task/python/colcon_distutils_commands:/home/cc/ee106b/sp26/class/ee106b-aac/eeca106b-project/project3/starter/install/plannedcntrl/lib/python3.10/site-packages:${PYTHONPATH} /usr/bin/python3 -W ignore:setup.py install is deprecated -W ignore:easy_install command is deprecated setup.py egg_info --egg-base ../../build/plannedcntrl build --build-base /home/cc/ee106b/sp26/class/ee106b-aac/eeca106b-project/project3/starter/build/plannedcntrl/build install --record /home/cc/ee106b/sp26/class/ee106b-aac/eeca106b-project/project3/starter/build/plannedcntrl/install.log --single-version-externally-managed install_data
